Component: ARM Compiler 5.05 update 1 (build 106) Tool: armlink [4d0efa]

==============================================================================

Section Cross References

    main.o(.text) refers to controltask.o(.text) for CMControlInit
    main.o(.text) refers to remotetask.o(.text) for RemoteTaskInit
    main.o(.text) refers to delay.o(.text) for delay_ms
    main.o(.text) refers to bsp.o(.text) for BSP_Init
    main.o(.text) refers to timer.o(.text) for Get_Time_Micros
    main.o(.text) refers to imu.o(.text) for IMU_getYawPitchRoll
    main.o(.text) refers to main.o(.data) for system_micrsecond
    main.o(.text) refers to imu.o(.bss) for angle
    bsp.o(.text) refers to misc.o(.text) for NVIC_PriorityGroupConfig
    bsp.o(.text) refers to gun.o(.text) for PWM_Configuration
    bsp.o(.text) refers to led.o(.text) for Led_Configuration
    bsp.o(.text) refers to laser.o(.text) for Laser_Configuration
    bsp.o(.text) refers to timer.o(.text) for TIM2_Configuration
    bsp.o(.text) refers to mpu6050_driver.o(.text) for MPU6050_Initialize
    bsp.o(.text) refers to encoder.o(.text) for Quad_Encoder_Configuration
    bsp.o(.text) refers to can1.o(.text) for CAN1_Configuration
    bsp.o(.text) refers to can2.o(.text) for CAN2_Configuration
    bsp.o(.text) refers to usart1.o(.text) for USART1_Configuration
    bsp.o(.text) refers to usart3.o(.text) for USART3_Configuration
    bsp.o(.text) refers to mpu6050_interrupt.o(.text) for MPU6050_IntConfiguration
    led.o(.text) refers to stm32f4xx_rcc.o(.text) for RCC_AHB1PeriphClockCmd
    led.o(.text) refers to stm32f4xx_gpio.o(.text) for GPIO_Init
    gun.o(.text) refers to stm32f4xx_rcc.o(.text) for RCC_AHB1PeriphClockCmd
    gun.o(.text) refers to stm32f4xx_gpio.o(.text) for GPIO_Init
    gun.o(.text) refers to stm32f4xx_tim.o(.text) for TIM_TimeBaseInit
    can1.o(.text) refers to stm32f4xx_rcc.o(.text) for RCC_AHB1PeriphClockCmd
    can1.o(.text) refers to stm32f4xx_gpio.o(.text) for GPIO_PinAFConfig
    can1.o(.text) refers to misc.o(.text) for NVIC_Init
    can1.o(.text) refers to stm32f4xx_can.o(.text) for CAN_DeInit
    can1.o(.text) refers to canbustask.o(.text) for CanReceiveMsgProcess
    can2.o(.text) refers to stm32f4xx_rcc.o(.text) for RCC_AHB1PeriphClockCmd
    can2.o(.text) refers to stm32f4xx_gpio.o(.text) for GPIO_PinAFConfig
    can2.o(.text) refers to misc.o(.text) for NVIC_Init
    can2.o(.text) refers to stm32f4xx_can.o(.text) for CAN_DeInit
    can2.o(.text) refers to canbustask.o(.text) for CanReceiveMsgProcess
    exti.o(.text) refers to stm32f4xx_rcc.o(.text) for RCC_APB2PeriphClockCmd
    exti.o(.text) refers to stm32f4xx_gpio.o(.text) for GPIO_Init
    exti.o(.text) refers to stm32f4xx_syscfg.o(.text) for SYSCFG_EXTILineConfig
    exti.o(.text) refers to stm32f4xx_exti.o(.text) for EXTI_Init
    exti.o(.text) refers to misc.o(.text) for NVIC_Init
    laser.o(.text) refers to stm32f4xx_rcc.o(.text) for RCC_AHB1PeriphClockCmd
    laser.o(.text) refers to stm32f4xx_gpio.o(.text) for GPIO_Init
    timer.o(.text) refers to stm32f4xx_rcc.o(.text) for RCC_APB2PeriphClockCmd
    timer.o(.text) refers to stm32f4xx_tim.o(.text) for TIM_ARRPreloadConfig
    timer.o(.text) refers to misc.o(.text) for NVIC_Init
    timer.o(.text) refers to controltask.o(.text) for controlLoop
    usart1.o(.text) refers to fifo.o(.text) for FIFO_Init
    usart1.o(.text) refers to stm32f4xx_rcc.o(.text) for RCC_AHB1PeriphClockCmd
    usart1.o(.text) refers to stm32f4xx_gpio.o(.text) for GPIO_PinAFConfig
    usart1.o(.text) refers to stm32f4xx_usart.o(.text) for USART_DeInit
    usart1.o(.text) refers to stm32f4xx_dma.o(.text) for DMA_DeInit
    usart1.o(.text) refers to misc.o(.text) for NVIC_Init
    usart1.o(.text) refers to remotetask.o(.text) for RemoteDataPrcess
    usart1.o(.text) refers to supervisetask.o(.text) for GetLostCounter
    usart1.o(.text) refers to lostcounter.o(.text) for LostCounterFeed
    usart1.o(.text) refers to usart1.o(.bss) for _USART1_RX_BUF
    usart1.o(.text) refers to usart1.o(.data) for this_time_rx_len
    usart3.o(.text) refers to stm32f4xx_rcc.o(.text) for RCC_AHB1PeriphClockCmd
    usart3.o(.text) refers to stm32f4xx_gpio.o(.text) for GPIO_PinAFConfig
    usart3.o(.text) refers to stm32f4xx_usart.o(.text) for USART_Init
    usart3.o(.text) refers to misc.o(.text) for NVIC_Init
    usart3.o(.text) refers to fifo.o(.text) for FIFO_S_Create
    usart3.o(.text) refers to usart3.o(.data) for UART_TranFifo
    usart3.o(.text) refers to controltask.o(.data) for find_enemy
    encoder.o(.text) refers to stm32f4xx_rcc.o(.text) for RCC_AHB1PeriphClockCmd
    encoder.o(.text) refers to stm32f4xx_gpio.o(.text) for GPIO_Init
    encoder.o(.text) refers to stm32f4xx_tim.o(.text) for TIM_EncoderInterfaceConfig
    encoder.o(.text) refers to encoder.o(.data) for Encoder_Dir
    bsp_flash.o(.text) refers to stm32f4xx_flash.o(.text) for FLASH_Unlock
    startup_stm32f4xx.o(RESET) refers to startup_stm32f4xx.o(STACK) for __initial_sp
[...]
    CAN1_TX_IRQHandler                       0x080004e1   Thumb Code    22  can1.o(.text)
    CAN1_RX0_IRQHandler                      0x080004f7   Thumb Code    50  can1.o(.text)
    CAN2_Configuration                       0x08000535   Thumb Code   264  can2.o(.text)
    CAN2_TX_IRQHandler                       0x0800063d   Thumb Code    22  can2.o(.text)
    CAN2_RX0_IRQHandler                      0x08000653   Thumb Code    42  can2.o(.text)
    delay_ms                                 0x08000685   Thumb Code    28  delay.o(.text)
    delay_us                                 0x080006a1   Thumb Code    26  delay.o(.text)
    Delay_ms                                 0x080006bb   Thumb Code    28  delay.o(.text)
    Delay_us                                 0x080006d7   Thumb Code    26  delay.o(.text)
    Exti_Configuration                       0x080006f1   Thumb Code   216  exti.o(.text)
    EXTI0_IRQHandler                         0x080007c9   Thumb Code    18  exti.o(.text)
    EXTI1_IRQHandler                         0x080007db   Thumb Code    18  exti.o(.text)
    Laser_Configuration                      0x080007f5   Thumb Code    54  laser.o(.text)
    TIM8_Configuration                       0x08000831   Thumb Code    84  timer.o(.text)
    TIM6_Configuration                       0x08000885   Thumb Code    72  timer.o(.text)
    TIM6_Start                               0x080008cd   Thumb Code    30  timer.o(.text)
    TIM4_Configuration                       0x080008eb   Thumb Code    84  timer.o(.text)
    TIM2_Configuration                       0x0800093f   Thumb Code    60  timer.o(.text)
    TIM2_IRQHandler                          0x0800097b   Thumb Code    30  timer.o(.text)
    TIM6_DAC_IRQHandler                      0x08000999   Thumb Code    34  timer.o(.text)
    Get_Time_Micros                          0x080009bb   Thumb Code     8  timer.o(.text)
    USART1_Configuration                     0x080009e1   Thumb Code   302  usart1.o(.text)
    USART1_IRQHandler                        0x08000b0f   Thumb Code   190  usart1.o(.text)
    USART1_GetRxBuf                          0x08000bcd   Thumb Code     4  usart1.o(.text)
    USART3_Configuration                     0x08000bed   Thumb Code   182  usart3.o(.text)
    UART3_PrintCh                            0x08000ca3   Thumb Code    28  usart3.o(.text)
    UART3_PrintBlock                         0x08000cbf   Thumb Code    44  usart3.o(.text)
    fputc                                    0x08000ceb   Thumb Code    32  usart3.o(.text)
    USART3_IRQHandler                        0x08000d0b   Thumb Code   358  usart3.o(.text)
    Quad_Encoder_Configuration               0x08000ea1   Thumb Code    90  encoder.o(.text)
    Encoder_Start                            0x08000efb   Thumb Code    12  encoder.o(.text)
    GetQuadEncoderDiff                       0x08000f07   Thumb Code    40  encoder.o(.text)
    BSP_FLASH_GetFlashSector                 0x08000f43   Thumb Code   116  bsp_flash.o(.text)
    BSP_FLASH_Write                          0x08000fb7   Thumb Code   168  bsp_flash.o(.text)
    BSP_FLASH_Read                           0x0800105f   Thumb Code    34  bsp_flash.o(.text)
    Reset_Handler                            0x080010b1   Thumb Code     8  startup_stm32f4xx.o(.text)
    SysTick_Handler                          0x080010c9   Thumb Code     2  startup_stm32f4xx.o(.text)
    ADC_IRQHandler                           0x080010cb   Thumb Code     0  startup_stm32f4xx.o(.text)
    CAN1_RX1_IRQHandler                      0x080010cb   Thumb Code     0  startup_stm32f4xx.o(.text)
    CAN1_SCE_IRQHandler                      0x080010cb   Thumb Code     0  startup_stm32f4xx.o(.text)
    CAN2_RX1_IRQHandler                      0x080010cb   Thumb Code     0  startup_stm32f4xx.o(.text)
    CAN2_SCE_IRQHandler                      0x080010cb   Thumb Code     0  startup_stm32f4xx.o(.text)
    CRYP_IRQHandler                          0x080010cb   Thumb Code     0  startup_stm32f4xx.o(.text)
    DCMI_IRQHandler                          0x080010cb   Thumb Code     0  startup_stm32f4xx.o(.text)
    DMA1_Stream0_IRQHandler                  0x080010cb   Thumb Code     0  startup_stm32f4xx.o(.text)
    DMA1_Stream1_IRQHandler                  0x080010cb   Thumb Code     0  startup_stm32f4xx.o(.text)
    DMA1_Stream2_IRQHandler                  0x080010cb   Thumb Code     0  startup_stm32f4xx.o(.text)
    DMA1_Stream3_IRQHandler                  0x080010cb   Thumb Code     0  startup_stm32f4xx.o(.text)
    DMA1_Stream4_IRQHandler                  0x080010cb   Thumb Code     0  startup_stm32f4xx.o(.text)
    DMA1_Stream5_IRQHandler                  0x080010cb   Thumb Code     0  startup_stm32f4xx.o(.text)
    DMA1_Stream6_IRQHandler                  0x080010cb   Thumb Code     0  startup_stm32f4xx.o(.text)
    DMA1_Stream7_IRQHandler                  0x080010cb   Thumb Code     0  startup_stm32f4xx.o(.text)
    DMA2_Stream0_IRQHandler                  0x080010cb   Thumb Code     0  startup_stm32f4xx.o(.text)
    DMA2_Stream1_IRQHandler                  0x080010cb   Thumb Code     0  startup_stm32f4xx.o(.text)
    DMA2_Stream2_IRQHandler                  0x080010cb   Thumb Code     0  startup_stm32f4xx.o(.text)
    DMA2_Stream3_IRQHandler                  0x080010cb   Thumb Code     0  startup_stm32f4xx.o(.text)
    DMA2_Stream4_IRQHandler                  0x080010cb   Thumb Code     0  startup_stm32f4xx.o(.text)
    DMA2_Stream5_IRQHandler                  0x080010cb   Thumb Code     0  startup_stm32f4xx.o(.text)
    DMA2_Stream6_IRQHandler                  0x080010cb   Thumb Code     0  startup_stm32f4xx.o(.text)
    DMA2_Stream7_IRQHandler                  0x080010cb   Thumb Code     0  startup_stm32f4xx.o(.text)
    ETH_IRQHandler                           0x080010cb   Thumb Code     0  startup_stm32f4xx.o(.text)
    ETH_WKUP_IRQHandler                      0x080010cb   Thumb Code     0  startup_stm32f4xx.o(.text)
    EXTI15_10_IRQHandler                     0x080010cb   Thumb Code     0  startup_stm32f4xx.o(.text)
    EXTI2_IRQHandler                         0x080010cb   Thumb Code     0  startup_stm32f4xx.o(.text)
    EXTI3_IRQHandler                         0x080010cb   Thumb Code     0  startup_stm32f4xx.o(.text)
    EXTI9_5_IRQHandler                       0x080010cb   Thumb Code     0  startup_stm32f4xx.o(.text)
    FLASH_IRQHandler                         0x080010cb   Thumb Code     0  startup_stm32f4xx.o(.text)
    FPU_IRQHandler                           0x080010cb   Thumb Code     0  startup_stm32f4xx.o(.text)
    FSMC_IRQHandler                          0x080010cb   Thumb Code     0  startup_stm32f4xx.o(.text)
    HASH_RNG_IRQHandler                      0x080010cb   Thumb Code     0  startup_stm32f4xx.o(.text)
    I2C1_ER_IRQHandler                       0x080010cb   Thumb Code     0  startup_stm32f4xx.o(.text)
    I2C1_EV_IRQHandler                       0x080010cb   Thumb Code     0  startup_stm32f4xx.o(.text)
    I2C2_ER_IRQHandler                       0x080010cb   Thumb Code     0  startup_stm32f4xx.o(.text)
    I2C2_EV_IRQHandler                       0x080010cb   Thumb Code     0  startup_stm32f4xx.o(.text)
    I2C3_ER_IRQHandler                       0x080010cb   Thumb Code     0  startup_stm32f4xx.o(.text)
    I2C3_EV_IRQHandler                       0x080010cb   Thumb Code     0  startup_stm32f4xx.o(.text)
    OTG_FS_IRQHandler                        0x080010cb   Thumb Code     0  startup_stm32f4xx.o(.text)
    OTG_FS_WKUP_IRQHandler                   0x080010cb   Thumb Code     0  startup_stm32f4xx.o(.text)
    OTG_HS_EP1_IN_IRQHandler                 0x080010cb   Thumb Code     0  startup_stm32f4xx.o(.text)
    OTG_HS_EP1_OUT_IRQHandler                0x080010cb   Thumb Code     0  startup_stm32f4xx.o(.text)
    OTG_HS_IRQHandler                        0x080010cb   Thumb Code     0  startup_stm32f4xx.o(.text)
    OTG_HS_WKUP_IRQHandler                   0x080010cb   Thumb Code     0  startup_stm32f4xx.o(.text)
    PVD_IRQHandler                           0x080010cb   Thumb Code     0  startup_stm32f4xx.o(.text)
    RCC_IRQHandler                           0x080010cb   Thumb Code     0  startup_stm32f4xx.o(.text)
    RTC_Alarm_IRQHandler                     0x080010cb   Thumb Code     0  startup_stm32f4xx.o(.text)
    RTC_WKUP_IRQHandler                      0x080010cb   Thumb Code     0  startup_stm32f4xx.o(.text)
    SDIO_IRQHandler                          0x080010cb   Thumb Code     0  startup_stm32f4xx.o(.text)
    SPI1_IRQHandler                          0x080010cb   Thumb Code     0  startup_stm32f4xx.o(.text)
    SPI2_IRQHandler                          0x080010cb   Thumb Code     0  startup_stm32f4xx.o(.text)
    SPI3_IRQHandler                          0x080010cb   Thumb Code     0  startup_stm32f4xx.o(.text)
    TAMP_STAMP_IRQHandler                    0x080010cb   Thumb Code     0  startup_stm32f4xx.o(.text)
    TIM1_BRK_TIM9_IRQHandler                 0x080010cb   Thumb Code     0  startup_stm32f4xx.o(.text)
    TIM1_CC_IRQHandler                       0x080010cb   Thumb Code     0  startup_stm32f4xx.o(.text)
    TIM1_TRG_COM_TIM11_IRQHandler            0x080010cb   Thumb Code     0  startup_stm32f4xx.o(.text)
    TIM1_UP_TIM10_IRQHandler                 0x080010cb   Thumb Code     0  startup_stm32f4xx.o(.text)
    TIM3_IRQHandler                          0x080010cb   Thumb Code     0  startup_stm32f4xx.o(.text)
    TIM4_IRQHandler                          0x080010cb   Thumb Code     0  startup_stm32f4xx.o(.text)
    TIM5_IRQHandler                          0x080010cb   Thumb Code     0  startup_stm32f4xx.o(.text)
    TIM7_IRQHandler                          0x080010cb   Thumb Code     0  startup_stm32f4xx.o(.text)
    TIM8_BRK_TIM12_IRQHandler                0x080010cb   Thumb Code     0  startup_stm32f4xx.o(.text)
    TIM8_CC_IRQHandler                       0x080010cb   Thumb Code     0  startup_stm32f4xx.o(.text)
    TIM8_TRG_COM_TIM14_IRQHandler            0x080010cb   Thumb Code     0  startup_stm32f4xx.o(.text)
    TIM8_UP_TIM13_IRQHandler                 0x080010cb   Thumb Code     0  startup_stm32f4xx.o(.text)
    UART4_IRQHandler                         0x080010cb   Thumb Code     0  startup_stm32f4xx.o(.text)
    UART5_IRQHandler                         0x080010cb   Thumb Code     0  startup_stm32f4xx.o(.text)
    USART2_IRQHandler                        0x080010cb   Thumb Code     0  startup_stm32f4xx.o(.text)
    USART6_IRQHandler                        0x080010cb   Thumb Code     0  startup_stm32f4xx.o(.text)
    WWDG_IRQHandler                          0x080010cb   Thumb Code     0  startup_stm32f4xx.o(.text)
    NMI_Handler                              0x080010d5   Thumb Code     2  stm32f4xx_it.o(.text)
    HardFault_Handler                        0x080010d7   Thumb Code     4  stm32f4xx_it.o(.text)
    MemManage_Handler                        0x080010db   Thumb Code     4  stm32f4xx_it.o(.text)
    BusFault_Handler                         0x080010df   Thumb Code     4  stm32f4xx_it.o(.text)
    UsageFault_Handler                       0x080010e3   Thumb Code     4  stm32f4xx_it.o(.text)
    SVC_Handler                              0x080010e7   Thumb Code     2  stm32f4xx_it.o(.text)
    DebugMon_Handler                         0x080010e9   Thumb Code     2  stm32f4xx_it.o(.text)
    PendSV_Handler                           0x080010eb   Thumb Code     2  stm32f4xx_it.o(.text)
    NVIC_PriorityGroupConfig                 0x080010ed   Thumb Code    10  misc.o(.text)
    NVIC_Init                                0x080010f7   Thumb Code   106  misc.o(.text)
    NVIC_SetVectorTable                      0x08001161   Thumb Code    14  misc.o(.text)
    NVIC_SystemLPConfig                      0x0800116f   Thumb Code    34  misc.o(.text)
    SysTick_CLKSourceConfig                  0x08001191   Thumb Code    40  misc.o(.text)
    CAN_DeInit                               0x080011cd   Thumb Code    50  stm32f4xx_can.o(.text)
    CAN_Init                                 0x080011ff   Thumb Code   276  stm32f4xx_can.o(.text)
    CAN_FilterInit                           0x08001313   Thumb Code   258  stm32f4xx_can.o(.text)
    CAN_StructInit                           0x08001415   Thumb Code    32  stm32f4xx_can.o(.text)
    CAN_SlaveStartBank                       0x08001435   Thumb Code    48  stm32f4xx_can.o(.text)
    CAN_DBGFreeze                            0x08001465   Thumb Code    22  stm32f4xx_can.o(.text)
    CAN_TTComModeCmd                         0x0800147b   Thumb Code   118  stm32f4xx_can.o(.text)
    CAN_Transmit                             0x080014f1   Thumb Code   304  stm32f4xx_can.o(.text)
    CAN_TransmitStatus                       0x08001621   Thumb Code   138  stm32f4xx_can.o(.text)
    CAN_CancelTransmit                       0x080016ab   Thumb Code    48  stm32f4xx_can.o(.text)
    CAN_Receive                              0x080016db   Thumb Code   240  stm32f4xx_can.o(.text)
    CAN_FIFORelease                          0x080017cb   Thumb Code    22  stm32f4xx_can.o(.text)
    CAN_MessagePending                       0x080017e1   Thumb Code    30  stm32f4xx_can.o(.text)
    CAN_OperatingModeRequest                 0x080017ff   Thumb Code   162  stm32f4xx_can.o(.text)
    CAN_Sleep                                0x080018a1   Thumb Code    30  stm32f4xx_can.o(.text)
    CAN_WakeUp                               0x080018bf   Thumb Code    48  stm32f4xx_can.o(.text)
    CAN_GetLastErrorCode                     0x080018ef   Thumb Code    12  stm32f4xx_can.o(.text)
    CAN_GetReceiveErrorCounter               0x080018fb   Thumb Code    10  stm32f4xx_can.o(.text)
    CAN_GetLSBTransmitErrorCounter           0x08001905   Thumb Code    12  stm32f4xx_can.o(.text)
    CAN_ITConfig                             0x08001911   Thumb Code    18  stm32f4xx_can.o(.text)
    CAN_GetFlagStatus                        0x08001923   Thumb Code   120  stm32f4xx_can.o(.text)
    CAN_ClearFlag                            0x0800199b   Thumb Code    52  stm32f4xx_can.o(.text)
    CAN_GetITStatus                          0x080019e1   Thumb Code   310  stm32f4xx_can.o(.text)
    CAN_ClearITPendingBit                    0x08001b17   Thumb Code   162  stm32f4xx_can.o(.text)
    DMA_DeInit                               0x08001bbd   Thumb Code   324  stm32f4xx_dma.o(.text)
    DMA_Init                                 0x08001d01   Thumb Code    82  stm32f4xx_dma.o(.text)
    DMA_StructInit                           0x08001d53   Thumb Code    34  stm32f4xx_dma.o(.text)
    DMA_Cmd                                  0x08001d75   Thumb Code    22  stm32f4xx_dma.o(.text)
    DMA_PeriphIncOffsetSizeConfig            0x08001d8b   Thumb Code    22  stm32f4xx_dma.o(.text)
    DMA_FlowControllerConfig                 0x08001da1   Thumb Code    22  stm32f4xx_dma.o(.text)
    DMA_SetCurrDataCounter                   0x08001db7   Thumb Code     4  stm32f4xx_dma.o(.text)
    DMA_GetCurrDataCounter                   0x08001dbb   Thumb Code     8  stm32f4xx_dma.o(.text)
    DMA_DoubleBufferModeConfig               0x08001dc3   Thumb Code    24  stm32f4xx_dma.o(.text)
    DMA_DoubleBufferModeCmd                  0x08001ddb   Thumb Code    22  stm32f4xx_dma.o(.text)
    DMA_MemoryTargetConfig                   0x08001df1   Thumb Code    10  stm32f4xx_dma.o(.text)
    DMA_GetCurrentMemoryTarget               0x08001dfb   Thumb Code    20  stm32f4xx_dma.o(.text)
    DMA_GetCmdStatus                         0x08001e0f   Thumb Code    20  stm32f4xx_dma.o(.text)
    DMA_GetFIFOStatus                        0x08001e23   Thumb Code    12  stm32f4xx_dma.o(.text)
    DMA_GetFlagStatus                        0x08001e2f   Thumb Code    56  stm32f4xx_dma.o(.text)
    DMA_ClearFlag                            0x08001e67   Thumb Code    40  stm32f4xx_dma.o(.text)
    DMA_ITConfig                             0x08001e8f   Thumb Code    58  stm32f4xx_dma.o(.text)
    DMA_GetITStatus                          0x08001ec9   Thumb Code    84  stm32f4xx_dma.o(.text)
    DMA_ClearITPendingBit                    0x08001f1d   Thumb Code    40  stm32f4xx_dma.o(.text)
    EXTI_DeInit                              0x08001f65   Thumb Code    28  stm32f4xx_exti.o(.text)
    EXTI_Init                                0x08001f81   Thumb Code   142  stm32f4xx_exti.o(.text)
    EXTI_StructInit                          0x0800200f   Thumb Code    16  stm32f4xx_exti.o(.text)
    EXTI_GenerateSWInterrupt                 0x0800201f   Thumb Code    16  stm32f4xx_exti.o(.text)
    EXTI_GetFlagStatus                       0x0800202f   Thumb Code    22  stm32f4xx_exti.o(.text)
    EXTI_ClearFlag                           0x08002045   Thumb Code     8  stm32f4xx_exti.o(.text)
    EXTI_GetITStatus                         0x0800204d   Thumb Code    34  stm32f4xx_exti.o(.text)
    EXTI_ClearITPendingBit                   0x0800206f   Thumb Code     8  stm32f4xx_exti.o(.text)
    FLASH_SetLatency                         0x08002081   Thumb Code     6  stm32f4xx_flash.o(.text)
    FLASH_PrefetchBufferCmd                  0x08002087   Thumb Code    30  stm32f4xx_flash.o(.text)
    FLASH_InstructionCacheCmd                0x080020a5   Thumb Code    30  stm32f4xx_flash.o(.text)
    FLASH_DataCacheCmd                       0x080020c3   Thumb Code    30  stm32f4xx_flash.o(.text)
    FLASH_InstructionCacheReset              0x080020e1   Thumb Code    14  stm32f4xx_flash.o(.text)
    FLASH_DataCacheReset                     0x080020ef   Thumb Code    14  stm32f4xx_flash.o(.text)
    FLASH_Unlock                             0x080020fd   Thumb Code    26  stm32f4xx_flash.o(.text)
    FLASH_Lock                               0x08002117   Thumb Code    18  stm32f4xx_flash.o(.text)
    FLASH_GetStatus                          0x08002129   Thumb Code    74  stm32f4xx_flash.o(.text)
    FLASH_WaitForLastOperation               0x08002173   Thumb Code    34  stm32f4xx_flash.o(.text)
    FLASH_EraseSector                        0x08002195   Thumb Code   140  stm32f4xx_flash.o(.text)
    FLASH_EraseAllSectors                    0x08002221   Thumb Code   112  stm32f4xx_flash.o(.text)
    FLASH_ProgramDoubleWord                  0x08002291   Thumb Code    86  stm32f4xx_flash.o(.text)
    FLASH_ProgramWord                        0x080022e7   Thumb Code    82  stm32f4xx_flash.o(.text)
    FLASH_ProgramHalfWord                    0x08002339   Thumb Code    82  stm32f4xx_flash.o(.text)
    FLASH_ProgramByte                        0x0800238b   Thumb Code    78  stm32f4xx_flash.o(.text)
    FLASH_OB_Unlock                          0x080023d9   Thumb Code    26  stm32f4xx_flash.o(.text)
    FLASH_OB_Lock                            0x080023f3   Thumb Code    18  stm32f4xx_flash.o(.text)
    FLASH_OB_WRPConfig                       0x08002405   Thumb Code    54  stm32f4xx_flash.o(.text)
    FLASH_OB_RDPConfig                       0x0800243b   Thumb Code    24  stm32f4xx_flash.o(.text)
    FLASH_OB_UserConfig                      0x08002453   Thumb Code    68  stm32f4xx_flash.o(.text)
    FLASH_OB_BORConfig                       0x08002497   Thumb Code    22  stm32f4xx_flash.o(.text)
    FLASH_OB_Launch                          0x080024ad   Thumb Code    26  stm32f4xx_flash.o(.text)
    FLASH_OB_GetUser                         0x080024c7   Thumb Code    10  stm32f4xx_flash.o(.text)
    FLASH_OB_GetWRP                          0x080024d1   Thumb Code     8  stm32f4xx_flash.o(.text)
    FLASH_OB_GetRDP                          0x080024d9   Thumb Code    20  stm32f4xx_flash.o(.text)
    FLASH_OB_GetBOR                          0x080024ed   Thumb Code    10  stm32f4xx_flash.o(.text)
    FLASH_ITConfig                           0x080024f7   Thumb Code    34  stm32f4xx_flash.o(.text)
    FLASH_GetFlagStatus                      0x08002519   Thumb Code    22  stm32f4xx_flash.o(.text)
    FLASH_ClearFlag                          0x0800252f   Thumb Code     8  stm32f4xx_flash.o(.text)
    GPIO_DeInit                              0x0800253d   Thumb Code   220  stm32f4xx_gpio.o(.text)
    GPIO_Init                                0x08002619   Thumb Code   144  stm32f4xx_gpio.o(.text)
    GPIO_StructInit                          0x080026a9   Thumb Code    18  stm32f4xx_gpio.o(.text)
    GPIO_PinLockConfig                       0x080026bb   Thumb Code    34  stm32f4xx_gpio.o(.text)
    GPIO_ReadInputDataBit                    0x080026dd   Thumb Code    18  stm32f4xx_gpio.o(.text)
    GPIO_ReadInputData                       0x080026ef   Thumb Code     8  stm32f4xx_gpio.o(.text)
    GPIO_ReadOutputDataBit                   0x080026f7   Thumb Code    18  stm32f4xx_gpio.o(.text)
    GPIO_ReadOutputData                      0x08002709   Thumb Code     8  stm32f4xx_gpio.o(.text)
    GPIO_SetBits                             0x08002711   Thumb Code     4  stm32f4xx_gpio.o(.text)
    GPIO_ResetBits                           0x08002715   Thumb Code     4  stm32f4xx_gpio.o(.text)
    GPIO_WriteBit                            0x08002719   Thumb Code    10  stm32f4xx_gpio.o(.text)
    GPIO_Write                               0x08002723   Thumb Code     4  stm32f4xx_gpio.o(.text)
    GPIO_ToggleBits                          0x08002727   Thumb Code     8  stm32f4xx_gpio.o(.text)
    GPIO_PinAFConfig                         0x0800272f   Thumb Code    70  stm32f4xx_gpio.o(.text)
    RCC_DeInit                               0x08002799   Thumb Code    60  stm32f4xx_rcc.o(.text)
    RCC_HSEConfig                            0x080027d5   Thumb Code    14  stm32f4xx_rcc.o(.text)
    RCC_GetFlagStatus                        0x080027e3   Thumb Code    60  stm32f4xx_rcc.o(.text)
    RCC_WaitForHSEStartUp                    0x0800281f   Thumb Code    56  stm32f4xx_rcc.o(.text)
    RCC_AdjustHSICalibrationValue            0x08002857   Thumb Code    20  stm32f4xx_rcc.o(.text)
    RCC_HSICmd                               0x0800286b   Thumb Code     6  stm32f4xx_rcc.o(.text)
    RCC_LSEConfig                            0x08002871   Thumb Code    46  stm32f4xx_rcc.o(.text)
    RCC_LSICmd                               0x0800289f   Thumb Code     6  stm32f4xx_rcc.o(.text)
    RCC_PLLConfig                            0x080028a5   Thumb Code    32  stm32f4xx_rcc.o(.text)
    RCC_PLLCmd                               0x080028c5   Thumb Code     6  stm32f4xx_rcc.o(.text)
    RCC_PLLI2SConfig                         0x080028cb   Thumb Code    14  stm32f4xx_rcc.o(.text)
    RCC_PLLI2SCmd                            0x080028d9   Thumb Code     6  stm32f4xx_rcc.o(.text)
    RCC_ClockSecuritySystemCmd               0x080028df   Thumb Code     6  stm32f4xx_rcc.o(.text)
    RCC_MCO1Config                           0x080028e5   Thumb Code    28  stm32f4xx_rcc.o(.text)
    RCC_MCO2Config                           0x08002901   Thumb Code    28  stm32f4xx_rcc.o(.text)
    RCC_SYSCLKConfig                         0x0800291d   Thumb Code    20  stm32f4xx_rcc.o(.text)
    RCC_GetSYSCLKSource                      0x08002931   Thumb Code    12  stm32f4xx_rcc.o(.text)
    RCC_HCLKConfig                           0x0800293d   Thumb Code    20  stm32f4xx_rcc.o(.text)
    RCC_PCLK1Config                          0x08002951   Thumb Code    20  stm32f4xx_rcc.o(.text)
    RCC_PCLK2Config                          0x08002965   Thumb Code    22  stm32f4xx_rcc.o(.text)
    RCC_GetClocksFreq                        0x0800297b   Thumb Code   222  stm32f4xx_rcc.o(.text)
    RCC_RTCCLKConfig                         0x08002a59   Thumb Code    54  stm32f4xx_rcc.o(.text)
    RCC_RTCCLKCmd                            0x08002a8f   Thumb Code     8  stm32f4xx_rcc.o(.text)
    RCC_BackupResetCmd                       0x08002a97   Thumb Code     8  stm32f4xx_rcc.o(.text)
    RCC_I2SCLKConfig                         0x08002a9f   Thumb Code     6  stm32f4xx_rcc.o(.text)
    RCC_AHB1PeriphClockCmd                   0x08002aa5   Thumb Code    34  stm32f4xx_rcc.o(.text)
    RCC_AHB2PeriphClockCmd                   0x08002ac7   Thumb Code    34  stm32f4xx_rcc.o(.text)
    RCC_AHB3PeriphClockCmd                   0x08002ae9   Thumb Code    34  stm32f4xx_rcc.o(.text)
    RCC_APB1PeriphClockCmd                   0x08002b0b   Thumb Code    34  stm32f4xx_rcc.o(.text)
    RCC_APB2PeriphClockCmd                   0x08002b2d   Thumb Code    34  stm32f4xx_rcc.o(.text)
    RCC_AHB1PeriphResetCmd                   0x08002b4f   Thumb Code    34  stm32f4xx_rcc.o(.text)
    RCC_AHB2PeriphResetCmd                   0x08002b71   Thumb Code    72  stm32f4xx_rcc.o(.text)
    RCC_AHB3PeriphResetCmd                   0x08002bb9   Thumb Code    34  stm32f4xx_rcc.o(.text)
    RCC_APB1PeriphResetCmd                   0x08002bdb   Thumb Code    34  stm32f4xx_rcc.o(.text)
    RCC_APB2PeriphResetCmd                   0x08002bfd   Thumb Code    34  stm32f4xx_rcc.o(.text)
    RCC_AHB1PeriphClockLPModeCmd             0x08002c1f   Thumb Code    34  stm32f4xx_rcc.o(.text)
    RCC_AHB2PeriphClockLPModeCmd             0x08002c41   Thumb Code    34  stm32f4xx_rcc.o(.text)
    RCC_AHB3PeriphClockLPModeCmd             0x08002c63   Thumb Code    34  stm32f4xx_rcc.o(.text)
    RCC_APB1PeriphClockLPModeCmd             0x08002c85   Thumb Code    34  stm32f4xx_rcc.o(.text)
    RCC_APB2PeriphClockLPModeCmd             0x08002ca7   Thumb Code    34  stm32f4xx_rcc.o(.text)
    RCC_ITConfig                             0x08002cc9   Thumb Code    34  stm32f4xx_rcc.o(.text)
    RCC_ClearFlag                            0x08002ceb   Thumb Code    18  stm32f4xx_rcc.o(.text)
    RCC_GetITStatus                          0x08002cfd   Thumb Code    22  stm32f4xx_rcc.o(.text)
    RCC_ClearITPendingBit                    0x08002d13   Thumb Code     8  stm32f4xx_rcc.o(.text)
    SYSCFG_DeInit                            0x08002d21   Thumb Code    22  stm32f4xx_syscfg.o(.text)
    SYSCFG_MemoryRemapConfig                 0x08002d37   Thumb Code     6  stm32f4xx_syscfg.o(.text)
    SYSCFG_EXTILineConfig                    0x08002d3d   Thumb Code    66  stm32f4xx_syscfg.o(.text)
    SYSCFG_ETH_MediaInterfaceConfig          0x08002d7f   Thumb Code     6  stm32f4xx_syscfg.o(.text)
    SYSCFG_CompensationCellCmd               0x08002d85   Thumb Code     6  stm32f4xx_syscfg.o(.text)
    SYSCFG_GetCompensationCellStatus         0x08002d8b   Thumb Code    22  stm32f4xx_syscfg.o(.text)
    TIM_DeInit                               0x08002dad   Thumb Code   346  stm32f4xx_tim.o(.text)
    TIM_TimeBaseInit                         0x08002f07   Thumb Code   104  stm32f4xx_tim.o(.text)
    TIM_TimeBaseStructInit                   0x08002f6f   Thumb Code    18  stm32f4xx_tim.o(.text)
    TIM_PrescalerConfig                      0x08002f81   Thumb Code     6  stm32f4xx_tim.o(.text)
    TIM_CounterModeConfig                    0x08002f87   Thumb Code    18  stm32f4xx_tim.o(.text)
    TIM_SetCounter                           0x08002f99   Thumb Code     4  stm32f4xx_tim.o(.text)
    TIM_SetAutoreload                        0x08002f9d   Thumb Code     4  stm32f4xx_tim.o(.text)
    TIM_GetCounter                           0x08002fa1   Thumb Code     6  stm32f4xx_tim.o(.text)
    TIM_GetPrescaler                         0x08002fa7   Thumb Code     6  stm32f4xx_tim.o(.text)
    TIM_UpdateDisableConfig                  0x08002fad   Thumb Code    24  stm32f4xx_tim.o(.text)
    TIM_UpdateRequestConfig                  0x08002fc5   Thumb Code    24  stm32f4xx_tim.o(.text)
    TIM_ARRPreloadConfig                     0x08002fdd   Thumb Code    24  stm32f4xx_tim.o(.text)
    TIM_SelectOnePulseMode                   0x08002ff5   Thumb Code    18  stm32f4xx_tim.o(.text)
    TIM_SetClockDivision                     0x08003007   Thumb Code    18  stm32f4xx_tim.o(.text)
    TIM_Cmd                                  0x08003019   Thumb Code    24  stm32f4xx_tim.o(.text)
    TIM_OC1Init                              0x08003031   Thumb Code   114  stm32f4xx_tim.o(.text)
    TIM_OC2Init                              0x080030a3   Thumb Code   154  stm32f4xx_tim.o(.text)
    TIM_OC3Init                              0x0800313d   Thumb Code   204  stm32f4xx_tim.o(.text)
    TIM_OC4Init                              0x08003209   Thumb Code   112  stm32f4xx_tim.o(.text)
    TIM_OCStructInit                         0x08003279   Thumb Code    20  stm32f4xx_tim.o(.text)
    TIM_SelectOCxM                           0x0800328d   Thumb Code    86  stm32f4xx_tim.o(.text)
    TIM_SetCompare1                          0x080032e3   Thumb Code     4  stm32f4xx_tim.o(.text)
    TIM_SetCompare2                          0x080032e7   Thumb Code     4  stm32f4xx_tim.o(.text)
    TIM_SetCompare3                          0x080032eb   Thumb Code     4  stm32f4xx_tim.o(.text)
    TIM_SetCompare4                          0x080032ef   Thumb Code     4  stm32f4xx_tim.o(.text)
    TIM_ForcedOC1Config                      0x080032f3   Thumb Code    18  stm32f4xx_tim.o(.text)
    TIM_ForcedOC2Config                      0x08003305   Thumb Code    26  stm32f4xx_tim.o(.text)
    TIM_ForcedOC3Config                      0x0800331f   Thumb Code    18  stm32f4xx_tim.o(.text)
    TIM_ForcedOC4Config                      0x08003331   Thumb Code    26  stm32f4xx_tim.o(.text)
    TIM_OC1PreloadConfig                     0x0800334b   Thumb Code    18  stm32f4xx_tim.o(.text)
    TIM_OC2PreloadConfig                     0x0800335d   Thumb Code    26  stm32f4xx_tim.o(.text)
    TIM_OC3PreloadConfig                     0x08003377   Thumb Code    18  stm32f4xx_tim.o(.text)
    TIM_OC4PreloadConfig                     0x08003389   Thumb Code    26  stm32f4xx_tim.o(.text)
    TIM_OC1FastConfig                        0x080033a3   Thumb Code    18  stm32f4xx_tim.o(.text)
    TIM_OC2FastConfig                        0x080033b5   Thumb Code    26  stm32f4xx_tim.o(.text)
    TIM_OC3FastConfig                        0x080033cf   Thumb Code    18  stm32f4xx_tim.o(.text)
    TIM_OC4FastConfig                        0x080033e1   Thumb Code    26  stm32f4xx_tim.o(.text)
    TIM_ClearOC1Ref                          0x080033fb   Thumb Code    18  stm32f4xx_tim.o(.text)
    TIM_ClearOC2Ref                          0x0800340d   Thumb Code    24  stm32f4xx_tim.o(.text)
    TIM_ClearOC3Ref                          0x08003425   Thumb Code    18  stm32f4xx_tim.o(.text)
    TIM_ClearOC4Ref                          0x08003437   Thumb Code    24  stm32f4xx_tim.o(.text)
    TIM_OC1PolarityConfig                    0x0800344f   Thumb Code    18  stm32f4xx_tim.o(.text)
    TIM_OC1NPolarityConfig                   0x08003461   Thumb Code    18  stm32f4xx_tim.o(.text)
    TIM_OC2PolarityConfig                    0x08003473   Thumb Code    26  stm32f4xx_tim.o(.text)
    TIM_OC2NPolarityConfig                   0x0800348d   Thumb Code    26  stm32f4xx_tim.o(.text)
    TIM_OC3PolarityConfig                    0x080034a7   Thumb Code    26  stm32f4xx_tim.o(.text)
    TIM_OC3NPolarityConfig                   0x080034c1   Thumb Code    26  stm32f4xx_tim.o(.text)
    TIM_OC4PolarityConfig                    0x080034db   Thumb Code    26  stm32f4xx_tim.o(.text)
    TIM_CCxCmd                               0x080034f5   Thumb Code    30  stm32f4xx_tim.o(.text)
    TIM_CCxNCmd                              0x08003513   Thumb Code    30  stm32f4xx_tim.o(.text)
    TIM_SetIC4Prescaler                      0x08003531   Thumb Code    26  stm32f4xx_tim.o(.text)
    TIM_SetIC3Prescaler                      0x0800359b   Thumb Code    18  stm32f4xx_tim.o(.text)
    TIM_SetIC2Prescaler                      0x080035f5   Thumb Code    26  stm32f4xx_tim.o(.text)
    TIM_SetIC1Prescaler                      0x08003669   Thumb Code    18  stm32f4xx_tim.o(.text)
    TIM_ICInit                               0x080036b5   Thumb Code   110  stm32f4xx_tim.o(.text)
    TIM_ICStructInit                         0x08003723   Thumb Code    18  stm32f4xx_tim.o(.text)
    TIM_PWMIConfig                           0x08003735   Thumb Code   124  stm32f4xx_tim.o(.text)
    TIM_GetCapture1                          0x080037b1   Thumb Code     6  stm32f4xx_tim.o(.text)
    TIM_GetCapture2                          0x080037b7   Thumb Code     6  stm32f4xx_tim.o(.text)
    TIM_GetCapture3                          0x080037bd   Thumb Code     6  stm32f4xx_tim.o(.text)
    TIM_GetCapture4                          0x080037c3   Thumb Code     6  stm32f4xx_tim.o(.text)
    TIM_BDTRConfig                           0x080037c9   Thumb Code    32  stm32f4xx_tim.o(.text)
    TIM_BDTRStructInit                       0x080037e9   Thumb Code    18  stm32f4xx_tim.o(.text)
    TIM_CtrlPWMOutputs                       0x080037fb   Thumb Code    30  stm32f4xx_tim.o(.text)
    TIM_SelectCOM                            0x08003819   Thumb Code    24  stm32f4xx_tim.o(.text)
    TIM_CCPreloadControl                     0x08003831   Thumb Code    24  stm32f4xx_tim.o(.text)
    TIM_ITConfig                             0x08003849   Thumb Code    18  stm32f4xx_tim.o(.text)
    TIM_GenerateEvent                        0x0800385b   Thumb Code     4  stm32f4xx_tim.o(.text)
    TIM_GetFlagStatus                        0x0800385f   Thumb Code    18  stm32f4xx_tim.o(.text)
    TIM_ClearFlag                            0x08003871   Thumb Code     6  stm32f4xx_tim.o(.text)
    TIM_GetITStatus                          0x08003877   Thumb Code    34  stm32f4xx_tim.o(.text)
    TIM_ClearITPendingBit                    0x08003899   Thumb Code     6  stm32f4xx_tim.o(.text)
    TIM_DMAConfig                            0x0800389f   Thumb Code    10  stm32f4xx_tim.o(.text)
    TIM_DMACmd                               0x080038a9   Thumb Code    18  stm32f4xx_tim.o(.text)
    TIM_SelectCCDMA                          0x080038bb   Thumb Code    24  stm32f4xx_tim.o(.text)
    TIM_InternalClockConfig                  0x080038d3   Thumb Code    12  stm32f4xx_tim.o(.text)
    TIM_SelectInputTrigger                   0x080038df   Thumb Code    18  stm32f4xx_tim.o(.text)
    TIM_ITRxExternalClockConfig              0x080038f1   Thumb Code    24  stm32f4xx_tim.o(.text)
    TIM_TIxExternalClockConfig               0x08003909   Thumb Code    62  stm32f4xx_tim.o(.text)
    TIM_ETRConfig                            0x08003947   Thumb Code    28  stm32f4xx_tim.o(.text)
    TIM_ETRClockMode1Config                  0x08003963   Thumb Code    54  stm32f4xx_tim.o(.text)
    TIM_ETRClockMode2Config                  0x08003999   Thumb Code    32  stm32f4xx_tim.o(.text)
    TIM_SelectOutputTrigger                  0x080039b9   Thumb Code    18  stm32f4xx_tim.o(.text)
    TIM_SelectSlaveMode                      0x080039cb   Thumb Code    18  stm32f4xx_tim.o(.text)
    TIM_SelectMasterSlaveMode                0x080039dd   Thumb Code    18  stm32f4xx_tim.o(.text)
    TIM_EncoderInterfaceConfig               0x080039ef   Thumb Code    66  stm32f4xx_tim.o(.text)
    TIM_SelectHallSensor                     0x08003a31   Thumb Code    24  stm32f4xx_tim.o(.text)
    TIM_RemapConfig                          0x08003a49   Thumb Code     6  stm32f4xx_tim.o(.text)
    USART_DeInit                             0x08003a51   Thumb Code   156  stm32f4xx_usart.o(.text)
    USART_Init                               0x08003aed   Thumb Code   204  stm32f4xx_usart.o(.text)
    USART_StructInit                         0x08003bb9   Thumb Code    24  stm32f4xx_usart.o(.text)
    USART_ClockInit                          0x08003bd1   Thumb Code    32  stm32f4xx_usart.o(.text)
    USART_ClockStructInit                    0x08003bf1   Thumb Code    12  stm32f4xx_usart.o(.text)
    USART_Cmd                                0x08003bfd   Thumb Code    24  stm32f4xx_usart.o(.text)
    USART_SetPrescaler                       0x08003c15   Thumb Code    16  stm32f4xx_usart.o(.text)
    USART_OverSampling8Cmd                   0x08003c25   Thumb Code    22  stm32f4xx_usart.o(.text)
    USART_OneBitMethodCmd                    0x08003c3b   Thumb Code    24  stm32f4xx_usart.o(.text)
    USART_SendData                           0x08003c53   Thumb Code     8  stm32f4xx_usart.o(.text)
    USART_ReceiveData                        0x08003c5b   Thumb Code    10  stm32f4xx_usart.o(.text)
    USART_SetAddress                         0x08003c65   Thumb Code    18  stm32f4xx_usart.o(.text)
    USART_ReceiverWakeUpCmd                  0x08003c77   Thumb Code    24  stm32f4xx_usart.o(.text)
    USART_WakeUpConfig                       0x08003c8f   Thumb Code    18  stm32f4xx_usart.o(.text)
    USART_LINBreakDetectLengthConfig         0x08003ca1   Thumb Code    18  stm32f4xx_usart.o(.text)
    USART_LINCmd                             0x08003cb3   Thumb Code    24  stm32f4xx_usart.o(.text)
    USART_SendBreak                          0x08003ccb   Thumb Code    10  stm32f4xx_usart.o(.text)
    USART_HalfDuplexCmd                      0x08003cd5   Thumb Code    24  stm32f4xx_usart.o(.text)
    USART_SetGuardTime                       0x08003ced   Thumb Code    16  stm32f4xx_usart.o(.text)
    USART_SmartCardCmd                       0x08003cfd   Thumb Code    24  stm32f4xx_usart.o(.text)
    USART_SmartCardNACKCmd                   0x08003d15   Thumb Code    24  stm32f4xx_usart.o(.text)
    USART_IrDAConfig                         0x08003d2d   Thumb Code    18  stm32f4xx_usart.o(.text)
    USART_IrDACmd                            0x08003d3f   Thumb Code    24  stm32f4xx_usart.o(.text)
    USART_DMACmd                             0x08003d57   Thumb Code    18  stm32f4xx_usart.o(.text)
    USART_ITConfig                           0x08003d69   Thumb Code    74  stm32f4xx_usart.o(.text)
    USART_GetFlagStatus                      0x08003db3   Thumb Code    26  stm32f4xx_usart.o(.text)
    USART_ClearFlag                          0x08003dcd   Thumb Code    18  stm32f4xx_usart.o(.text)
    USART_GetITStatus                        0x08003ddf   Thumb Code   110  stm32f4xx_usart.o(.text)
    USART_ClearITPendingBit                  0x08003e4d   Thumb Code    30  stm32f4xx_usart.o(.text)
    SystemInit                               0x08003f49   Thumb Code    88  system_stm32f4xx.o(.text)
    SystemCoreClockUpdate                    0x08003fa1   Thumb Code   174  system_stm32f4xx.o(.text)
    invSqrt                                  0x0800407d   Thumb Code    56  imu.o(.text)
    Init_Quaternion                          0x080040b5   Thumb Code   664  imu.o(.text)
    IMU_getValues                            0x0800434d   Thumb Code   196  imu.o(.text)
    IMU_AHRSupdate                           0x08004411   Thumb Code  2034  imu.o(.text)
    IMU_getQ                                 0x08004c03   Thumb Code    56  imu.o(.text)
    IMU_getYawPitchRoll                      0x08004c3b   Thumb Code   648  imu.o(.text)
    GetPitchYawGxGyGz                        0x08004ec3   Thumb Code   204  imu.o(.text)
    IIC_Delay                                0x08004fc1   Thumb Code    26  mpu6050_i2c.o(.text)
    HEAT_Configuration                       0x08004fdb   Thumb Code    50  mpu6050_i2c.o(.text)
    IIC_GPIO_Init                            0x0800500d   Thumb Code    42  mpu6050_i2c.o(.text)
    IIC_SDA_Out                              0x08005037   Thumb Code    34  mpu6050_i2c.o(.text)
    IIC_SDA_In                               0x08005059   Thumb Code    38  mpu6050_i2c.o(.text)
    IIC_Start                                0x0800507f   Thumb Code    60  mpu6050_i2c.o(.text)
    IIC_Stop                                 0x080050bb   Thumb Code    60  mpu6050_i2c.o(.text)
    IIC_Ack                                  0x080050f7   Thumb Code    66  mpu6050_i2c.o(.text)
    IIC_WaitAck                              0x08005139   Thumb Code    88  mpu6050_i2c.o(.text)
    IIC_WriteBit                             0x08005191   Thumb Code    96  mpu6050_i2c.o(.text)
    IIC_ReadBit                              0x080051f1   Thumb Code    86  mpu6050_i2c.o(.text)
    IIC_WriteData                            0x08005247   Thumb Code    68  mpu6050_i2c.o(.text)
    IIC_ReadData                             0x0800528b   Thumb Code   122  mpu6050_i2c.o(.text)
    MPU6050_ReadData                         0x08005309   Thumb Code    36  mpu6050_driver.o(.text)
    HMC5883_Init                             0x0800532d   Thumb Code   104  mpu6050_driver.o(.text)
    MPU6050_Init                             0x08005395   Thumb Code   178  mpu6050_driver.o(.text)
    MPU6050_EnableInt                        0x08005447   Thumb Code    44  mpu6050_driver.o(.text)
    MPU6050_Initialize                       0x08005473   Thumb Code    20  mpu6050_driver.o(.text)
    MPU6050_DataSave                         0x08005487   Thumb Code   494  mpu6050_driver.o(.text)
    HMC58X3_ReadData                         0x08005675   Thumb Code    18  mpu6050_driver.o(.text)
    MPU6050_getMotion6                       0x08005687   Thumb Code   354  mpu6050_driver.o(.text)
    MPU6050_getlastMotion6                   0x080057e9   Thumb Code    76  mpu6050_driver.o(.text)
    HMC58X3_newValues                        0x08005835   Thumb Code   334  mpu6050_driver.o(.text)
    HMC58X3_getRaw                           0x08005983   Thumb Code    90  mpu6050_driver.o(.text)
    HMC58X3_getlastValues                    0x080059dd   Thumb Code    22  mpu6050_driver.o(.text)
    HMC58X3_mgetValues                       0x080059f3   Thumb Code   214  mpu6050_driver.o(.text)
    MPU6050_IntConfiguration                 0x08005ac9   Thumb Code   124  mpu6050_interrupt.o(.text)
    EXTI4_IRQHandler                         0x08005b45   Thumb Code    46  mpu6050_interrupt.o(.text)
    Is_AppParam_Calied                       0x08005b7d   Thumb Code     6  iotask.o(.text)
    AppParamInit                             0x08005b97   Thumb Code   276  iotask.o(.text)
    SetGimbalCaliData                        0x08005cab   Thumb Code    24  iotask.o(.text)
    SetGyroCaliData                          0x08005cc3   Thumb Code    28  iotask.o(.text)
    SetAccCaliData                           0x08005cdf   Thumb Code    24  iotask.o(.text)
    SetMagCaliData                           0x08005cf7   Thumb Code    24  iotask.o(.text)
    SetPIDCaliData                           0x08005d0f   Thumb Code   280  iotask.o(.text)
    GetGimbalCaliData                        0x08005e27   Thumb Code    16  iotask.o(.text)
    GetGyroCaliData                          0x08005e37   Thumb Code    20  iotask.o(.text)
    GetAccCaliData                           0x08005e4b   Thumb Code    20  iotask.o(.text)
    GetMagCaliData                           0x08005e5f   Thumb Code    20  iotask.o(.text)
    IsGimbalCalied                           0x08005e73   Thumb Code    16  iotask.o(.text)
    IsGyroCalied                             0x08005e83   Thumb Code    16  iotask.o(.text)
    IsAccCalied                              0x08005e93   Thumb Code    18  iotask.o(.text)
    IsMagCalied                              0x08005ea5   Thumb Code    18  iotask.o(.text)
    SetCaliCmdFlag                           0x08005eb7   Thumb Code    12  iotask.o(.text)
    ResetCaliCmdFlag                         0x08005ec3   Thumb Code    12  iotask.o(.text)
    GetCaliCmdFlagGrp                        0x08005ecf   Thumb Code     6  iotask.o(.text)
    IsCaliCmdFlagSet                         0x08005ed5   Thumb Code    18  iotask.o(.text)
    Sensor_Offset_Param_Init                 0x08005ee7   Thumb Code    92  iotask.o(.text)
    MagEndCaliProcess                        0x08005f43   Thumb Code   192  iotask.o(.text)
    MagStartCaliProcess                      0x08006003   Thumb Code    26  iotask.o(.text)
    GimbalCaliProcess                        0x0800601d   Thumb Code   106  iotask.o(.text)
    GyroCaliProcess                          0x08006087   Thumb Code   202  iotask.o(.text)
    CalibrateLoop                            0x08006151   Thumb Code   234  iotask.o(.text)
    PIDCaliProcess                           0x0800623b   Thumb Code    22  iotask.o(.text)
    UploadParameter                          0x08006251   Thumb Code   314  iotask.o(.text)
    fw_PID_Reset                             0x080063f9   Thumb Code     2  controltask.o(.text)
    fw_PID_Calc                              0x080063fb   Thumb Code   414  controltask.o(.text)
    PID_PROCESS_Speed                        0x08006599   Thumb Code    58  controltask.o(.text)
    ProcessYawPID                            0x080065d3   Thumb Code    52  controltask.o(.text)
    PID_PROCESS_Double                       0x08006607   Thumb Code    80  controltask.o(.text)
    ProcessPitchPID                          0x08006657   Thumb Code    70  controltask.o(.text)
    CMControlInit                            0x0800669d   Thumb Code    34  controltask.o(.text)
    ControlCMFL                              0x080066bf   Thumb Code   162  controltask.o(.text)
    ControlCMFR                              0x08006761   Thumb Code   248  controltask.o(.text)
    ControlBullet                            0x08006859   Thumb Code   136  controltask.o(.text)
    odometryLoop                             0x080068e1   Thumb Code   266  controltask.o(.text)
    WorkStateFSM                             0x080069eb   Thumb Code   836  controltask.o(.text)
    setCMMotor                               0x08006d2f   Thumb Code    36  controltask.o(.text)
    setGMMotor                               0x08006d53   Thumb Code    22  controltask.o(.text)
    ControlYawSpeed                          0x08006d69   Thumb Code    32  controltask.o(.text)
    ControlPitch                             0x08006d89   Thumb Code   232  controltask.o(.text)
    Defend_Action                            0x08006e71   Thumb Code   928  controltask.o(.text)
    Attack_Action                            0x08007211   Thumb Code   598  controltask.o(.text)
    controlLoop                              0x08007467   Thumb Code   800  controltask.o(.text)
    RemoteShootControl                       0x080077cd   Thumb Code   246  remotetask.o(.text)
    RemoteTaskInit                           0x080078c3   Thumb Code    56  remotetask.o(.text)
    RemoteControlProcess                     0x080078fb   Thumb Code   170  remotetask.o(.text)
    GetRemoteSwitchAction                    0x080079a5   Thumb Code   120  remotetask.o(.text)
    RemoteDataPrcess                         0x08007a1d   Thumb Code   250  remotetask.o(.text)
    CanReceiveMsgProcess                     0x08007b6d   Thumb Code   304  canbustask.o(.text)
    Set_CM_Speed                             0x08007c9d   Thumb Code    92  canbustask.o(.text)
    Set_Gimbal_Current                       0x08007cf9   Thumb Code    82  canbustask.o(.text)
    LED_TOGGLE                               0x08007d81   Thumb Code   214  supervisetask.o(.text)
    Get_Lost_Error                           0x08007e57   Thumb Code    10  supervisetask.o(.text)
    GetLostCounter                           0x08007e61   Thumb Code    18  supervisetask.o(.text)
    SuperviseTask                            0x08007e73   Thumb Code   426  supervisetask.o(.text)
    Set_Error_Flag                           0x0800801d   Thumb Code     2  supervisetask.o(.text)
    Is_Lost_Error_Set                        0x0800801f   Thumb Code    22  supervisetask.o(.text)
    Is_Serious_Error                         0x08008035   Thumb Code    46  supervisetask.o(.text)
    FrameUnpack                              0x08008101   Thumb Code   234  protocal_parser.o(.text)
    FramePack                                0x080081eb   Thumb Code    50  protocal_parser.o(.text)
    SetFrameLength                           0x0800821d   Thumb Code    10  protocal_parser.o(.text)
    SetFrameCmd                              0x08008227   Thumb Code    10  protocal_parser.o(.text)
    GetFrameCmd                              0x08008231   Thumb Code     6  protocal_parser.o(.text)
    GetFrameDataAddress                      0x08008237   Thumb Code     6  protocal_parser.o(.text)
    Version_Send                             0x0800823d   Thumb Code    94  protocal_parser.o(.text)
    IMU_Info_Send                            0x0800829b   Thumb Code   122  protocal_parser.o(.text)
    Sensor_Info_Send                         0x08008315   Thumb Code   140  protocal_parser.o(.text)
    Mag_Cali_Info_Send                       0x080083a1   Thumb Code   122  protocal_parser.o(.text)
    Offset_Info_Send                         0x0800841b   Thumb Code   174  protocal_parser.o(.text)
    Cali_Feedback_Info_Send                  0x080084c9   Thumb Code    88  protocal_parser.o(.text)
    Robot_Error_Code_Send                    0x08008521   Thumb Code     2  protocal_parser.o(.text)
    PID_Paremeter_Send                       0x08008523   Thumb Code   270  protocal_parser.o(.text)
    FIFO_Init                                0x08008631   Thumb Code    78  fifo.o(.text)
    FIFO_Create                              0x0800867f   Thumb Code    80  fifo.o(.text)
    FIFO_Destory                             0x080086cf   Thumb Code    40  fifo.o(.text)
    FIFO_S_Init                              0x080086f7   Thumb Code    62  fifo.o(.text)
    FIFO_S_Create                            0x08008735   Thumb Code    60  fifo.o(.text)
    FIFO_S_Destory                           0x08008771   Thumb Code    40  fifo.o(.text)
    FIFO_Put                                 0x08008799   Thumb Code   106  fifo.o(.text)
    FIFO_S_Put                               0x08008803   Thumb Code    68  fifo.o(.text)
    FIFO_S_Puts                              0x08008847   Thumb Code    98  fifo.o(.text)
    FIFO_Get                                 0x080088a9   Thumb Code   106  fifo.o(.text)
    FIFO_S_Get                               0x08008913   Thumb Code    58  fifo.o(.text)
    FIFO_GetHead                             0x0800894d   Thumb Code   162  fifo.o(.text)
    FIFO_S_GetHead                           0x080089ef   Thumb Code    76  fifo.o(.text)
    FIFO_PreRead                             0x08008a3b   Thumb Code   108  fifo.o(.text)
    FIFO_S_PreRead                           0x08008aa7   Thumb Code    48  fifo.o(.text)
    FIFO_IsEmpty                             0x08008ad7   Thumb Code    24  fifo.o(.text)
    FIFO_S_IsEmpty                           0x08008aef   Thumb Code    24  fifo.o(.text)
    FIFO_IsFull                              0x08008b07   Thumb Code    24  fifo.o(.text)
    FIFO_S_IsFull                            0x08008b1f   Thumb Code    24  fifo.o(.text)
    FIFO_CountUsed                           0x08008b37   Thumb Code    16  fifo.o(.text)
    FIFO_S_CountUsed                         0x08008b47   Thumb Code    16  fifo.o(.text)
    FIFO_CountFree                           0x08008b57   Thumb Code    16  fifo.o(.text)
    FIFO_S_CountFree                         0x08008b67   Thumb Code    16  fifo.o(.text)
    FIFO_Flush                               0x08008b77   Thumb Code    50  fifo.o(.text)
    FIFO_S_Flush                             0x08008ba9   Thumb Code    44  fifo.o(.text)
    RampInit                                 0x08008bd5   Thumb Code     8  ramp.o(.text)
    RampCalc                                 0x08008bdd   Thumb Code    66  ramp.o(.text)
    RampSetCounter                           0x08008c1f   Thumb Code     4  ramp.o(.text)
    RampResetCounter                         0x08008c23   Thumb Code     6  ramp.o(.text)
    RampSetScale                             0x08008c29   Thumb Code     4  ramp.o(.text)
    RampIsOverflow                           0x08008c2d   Thumb Code    18  ramp.o(.text)
    LostCounterFeed                          0x08008c45   Thumb Code     8  lostcounter.o(.text)
    LostCounterCount                         0x08008c4d   Thumb Code    10  lostcounter.o(.text)
    LostCounterOverflowCheck                 0x08008c57   Thumb Code    14  lostcounter.o(.text)
    PID_Reset                                0x08008c65   Thumb Code    50  pid_regulator.o(.text)
    PID_Calc                                 0x08008c97   Thumb Code   234  pid_regulator.o(.text)
    Get_CRC8_Check_Sum                       0x08008d85   Thumb Code    30  mf_crc8.o(.text)
    Verify_CRC8_Check_Sum                    0x08008da3   Thumb Code    46  mf_crc8.o(.text)
    Append_CRC8_Check_Sum                    0x08008dd1   Thumb Code    36  mf_crc8.o(.text)
    Get_CRC16_Check_Sum                      0x08008df9   Thumb Code    46  mf_crc16.o(.text)
    Verify_CRC16_Check_Sum                   0x08008e27   Thumb Code    60  mf_crc16.o(.text)
    Append_CRC16_Check_Sum                   0x08008e63   Thumb Code    44  mf_crc16.o(.text)
    __aeabi_memcpy                           0x08008e99   Thumb Code    36  memcpya.o(.text)
    __aeabi_memcpy4                          0x08008e99   Thumb Code     0  memcpya.o(.text)
    __aeabi_memcpy8                          0x08008e99   Thumb Code     0  memcpya.o(.text)
    __aeabi_memset                           0x08008ebd   Thumb Code    14  memseta.o(.text)
    __aeabi_memset4                          0x08008ebd   Thumb Code     0  memseta.o(.text)
    __aeabi_memset8                          0x08008ebd   Thumb Code     0  memseta.o(.text)
    __aeabi_memclr                           0x08008ecb   Thumb Code     4  memseta.o(.text)
    __aeabi_memclr4                          0x08008ecb   Thumb Code     0  memseta.o(.text)
    __aeabi_memclr8                          0x08008ecb   Thumb Code     0  memseta.o(.text)
    _memset$wrapper                          0x08008ecf   Thumb Code    18  memseta.o(.text)
    __aeabi_dadd                             0x08008ee1   Thumb Code   322  dadd.o(.text)
    __aeabi_dsub                             0x08009023   Thumb Code     6  dadd.o(.text)
    __aeabi_drsub                            0x08009029   Thumb Code     6  dadd.o(.text)
    __aeabi_dmul                             0x0800902f   Thumb Code   228  dmul.o(.text)
    __aeabi_ddiv                             0x08009113   Thumb Code   222  ddiv.o(.text)
    __aeabi_i2d                              0x080091f1   Thumb Code    34  dflti.o(.text)
    __aeabi_f2d                              0x08009213   Thumb Code    38  f2d.o(.text)
    __aeabi_cdcmpeq                          0x08009239   Thumb Code     0  cdcmple.o(.text)
    __aeabi_cdcmple                          0x08009239   Thumb Code    48  cdcmple.o(.text)
    __aeabi_cdrcmple                         0x08009269   Thumb Code    48  cdrcmple.o(.text)
    __aeabi_d2f                              0x08009299   Thumb Code    56  d2f.o(.text)
    __aeabi_llsl                             0x080092d1   Thumb Code    30  llshl.o(.text)
    _ll_shift_l                              0x080092d1   Thumb Code     0  llshl.o(.text)
    __aeabi_lasr                             0x080092ef   Thumb Code    36  llsshr.o(.text)
    _ll_sshift_r                             0x080092ef   Thumb Code     0  llsshr.o(.text)
    __I$use$fp                               0x08009313   Thumb Code     0  iusefp.o(.text)
    _float_round                             0x08009313   Thumb Code    18  fepilogue.o(.text)
    _float_epilogue                          0x08009325   Thumb Code    92  fepilogue.o(.text)
    _double_round                            0x08009381   Thumb Code    30  depilogue.o(.text)
    _double_epilogue                         0x0800939f   Thumb Code   156  depilogue.o(.text)
    _dsqrt                                   0x0800943b   Thumb Code   162  dsqrt.o(.text)
    __scatterload                            0x080094dd   Thumb Code    28  init.o(.text)
    __scatterload_rt2                        0x080094dd   Thumb Code     0  init.o(.text)
    __aeabi_llsr                             0x08009501   Thumb Code    32  llushr.o(.text)
    _ll_ushift_r                             0x08009501   Thumb Code     0  llushr.o(.text)
    __decompress                             0x08009521   Thumb Code     0  __dczerorl2.o(.text)
    __decompress1                            0x08009521   Thumb Code    86  __dczerorl2.o(.text)
    __ARM_fpclassify                         0x08009577   Thumb Code    48  fpclassify.o(i.__ARM_fpclassify)
    __hardfp_asin                            0x080095a9   Thumb Code   770  asin.o(i.__hardfp_asin)
    __hardfp_atan                            0x08009909   Thumb Code   622  atan.o(i.__hardfp_atan)
    __hardfp_atan2                           0x08009be1   Thumb Code   432  atan2.o(i.__hardfp_atan2)
    __hardfp_fabs                            0x08009dd1   Thumb Code    20  fabs.o(i.__hardfp_fabs)
    __hardfp_sqrt                            0x08009de5   Thumb Code   122  sqrt.o(i.__hardfp_sqrt)
    __kernel_poly                            0x08009e5f   Thumb Code   248  poly.o(i.__kernel_poly)
    __mathlib_dbl_infnan                     0x08009f57   Thumb Code    20  dunder.o(i.__mathlib_dbl_infnan)
    __mathlib_dbl_infnan2                    0x08009f6b   Thumb Code    20  dunder.o(i.__mathlib_dbl_infnan2)
    __mathlib_dbl_invalid                    0x08009f81   Thumb Code    24  dunder.o(i.__mathlib_dbl_invalid)
    __mathlib_dbl_underflow                  0x08009fa1   Thumb Code    24  dunder.o(i.__mathlib_dbl_underflow)
    __scatterload_copy                       0x08009fc1   Thumb Code    14  handlers.o(i.__scatterload_copy)
    __scatterload_null                       0x08009fcf   Thumb Code     2  handlers.o(i.__scatterload_null)
    __scatterload_zeroinit                   0x08009fd1   Thumb Code    14  handlers.o(i.__scatterload_zeroinit)
    __set_errno                              0x08009fe1   Thumb Code     6  errno.o(i.__set_errno)
    atan                                     0x08009fed   Thumb Code    16  atan.o(i.atan)
    fabs                                     0x08009ffd   Thumb Code    24  fabs.o(i.fabs)
    free                                     0x0800a015   Thumb Code    76  malloc.o(i.free)
    malloc                                   0x0800a065   Thumb Code    92  malloc.o(i.malloc)
    sqrt                                     0x0800a0d1   Thumb Code   110  sqrt.o(i.sqrt)
    lost_counter_len                         0x0800a140   Data          44  supervisetask.o(.constdata)
    CRC8_INIT                                0x0800a16c   Data           1  mf_crc8.o(.constdata)
    CRC8_TAB                                 0x0800a16d   Data         256  mf_crc8.o(.constdata)
    wCRC_Table                               0x0800a26e   Data         512  mf_crc16.o(.constdata)
    __mathlib_zero                           0x0800a558   Data           8  qnan.o(.constdata)
    Region$$Table$$Base                      0x0800a560   Number         0  anon$$obj.o(Region$$Table)
    Region$$Table$$Limit                     0x0800a580   Number         0  anon$$obj.o(Region$$Table)
    Upload_Speed                             0x20000000   Data           4  main.o(.data)
    power1                                   0x20000004   Data           2  main.o(.data)
    power2                                   0x20000006   Data           2  main.o(.data)
    system_micrsecond                        0x20000008   Data           4  main.o(.data)
    UART_TranFifo                            0x20000010   Data           4  usart3.o(.data)
    auto_attack_temp                         0x20000014   Data           1  usart3.o(.data)
    auto_receiving                           0x20000015   Data           1  usart3.o(.data)
    auto_received                            0x20000016   Data           1  usart3.o(.data)
    auto_buffer                              0x20000017   Data           7  usart3.o(.data)
    auto_buffercnt                           0x2000001e   Data           1  usart3.o(.data)
    SystemCoreClock                          0x20000030   Data           4  system_stm32f4xx.o(.data)
    AHBPrescTable                            0x20000034   Data          16  system_stm32f4xx.o(.data)
    exInt                                    0x20000044   Data           4  imu.o(.data)
    eyInt                                    0x20000048   Data           4  imu.o(.data)
    ezInt                                    0x2000004c   Data           4  imu.o(.data)
    q0                                       0x20000050   Data           4  imu.o(.data)
    q1                                       0x20000054   Data           4  imu.o(.data)
    q2                                       0x20000058   Data           4  imu.o(.data)
    q3                                       0x2000005c   Data           4  imu.o(.data)
    lastUpdate                               0x20000084   Data           4  imu.o(.data)
    now                                      0x20000088   Data           4  imu.o(.data)
    yaw_temp                                 0x2000008c   Data           4  imu.o(.data)
    pitch_temp                               0x20000090   Data           4  imu.o(.data)
    roll_temp                                0x20000094   Data           4  imu.o(.data)
    last_yaw_temp                            0x20000098   Data           4  imu.o(.data)
    last_pitch_temp                          0x2000009c   Data           4  imu.o(.data)
    last_roll_temp                           0x200000a0   Data           4  imu.o(.data)
    yaw_angle                                0x200000a4   Data           4  imu.o(.data)
    pitch_angle                              0x200000a8   Data           4  imu.o(.data)
    roll_angle                               0x200000ac   Data           4  imu.o(.data)
    HMC5883_lastx                            0x200000b4   Data           4  mpu6050_driver.o(.data)
    HMC5883_lasty                            0x200000b8   Data           4  mpu6050_driver.o(.data)
    HMC5883_lastz                            0x200000bc   Data           4  mpu6050_driver.o(.data)
    MPU6050_Lastax                           0x200000c0   Data           2  mpu6050_driver.o(.data)
    MPU6050_Lastay                           0x200000c2   Data           2  mpu6050_driver.o(.data)
    MPU6050_Lastaz                           0x200000c4   Data           2  mpu6050_driver.o(.data)
    MPU6050_Lastgx                           0x200000c6   Data           2  mpu6050_driver.o(.data)
    MPU6050_Lastgy                           0x200000c8   Data           2  mpu6050_driver.o(.data)
    MPU6050_Lastgz                           0x200000ca   Data           2  mpu6050_driver.o(.data)
    isMPU6050_is_DRY                         0x200000cc   Data           1  mpu6050_interrupt.o(.data)
    PIDCaliData                              0x200000dc   Data           8  iotask.o(.data)
    GimbalSavedCaliData                      0x200000e4   Data           5  iotask.o(.data)
    GyroSavedCaliData                        0x200000e9   Data           7  iotask.o(.data)
    PitchPositionSavedPID                    0x200000f0   Data           8  iotask.o(.data)
    PitchSpeedSavedPID                       0x200000f8   Data           8  iotask.o(.data)
    YawPositionSavedPID                      0x20000100   Data           8  iotask.o(.data)
    YawSpeedSavedPID                         0x20000108   Data           8  iotask.o(.data)
    app_param_calied_flag                    0x20000110   Data           1  iotask.o(.data)
    find_enemy                               0x2000014c   Data           1  controltask.o(.data)
    on_enemy                                 0x2000014d   Data           1  controltask.o(.data)
    target_hero                              0x2000014e   Data           1  controltask.o(.data)
    yaw_offset                               0x20000150   Data           2  controltask.o(.data)
    pitch_offset                             0x20000152   Data           2  controltask.o(.data)
    enemy_yaw                                0x20000154   Data           2  controltask.o(.data)
    enemy_pitch                              0x20000156   Data           2  controltask.o(.data)
    manifold_fine_cnt                        0x20000158   Data           2  controltask.o(.data)
    WorkState                                0x2000015a   Data           1  controltask.o(.data)
    prepare_time                             0x2000015c   Data           2  controltask.o(.data)
    bulletshooted                            0x2000015e   Data           1  controltask.o(.data)
    bulletshootedcnt                         0x20000160   Data           2  controltask.o(.data)
    nobullet                                 0x20000162   Data           1  controltask.o(.data)
    bulletSpeedBuf_last                      0x20000163   Data           4  controltask.o(.data)
    CMRotatePID                              0x20000168   Data          80  controltask.o(.data)
    CM1SpeedPID                              0x200001b8   Data          80  controltask.o(.data)
    CM2SpeedPID                              0x20000208   Data          80  controltask.o(.data)
    BulletSpeedPID                           0x20000258   Data          80  controltask.o(.data)
    Bullet2SpeedPID                          0x200002a8   Data          80  controltask.o(.data)
    CMFLIntensity                            0x200002f8   Data           2  controltask.o(.data)
    CMFRIntensity                            0x200002fa   Data           2  controltask.o(.data)
    BulletIntensity                          0x200002fc   Data           2  controltask.o(.data)
    Bullet2Intensity                         0x200002fe   Data           2  controltask.o(.data)
    yawIntensity                             0x20000300   Data           2  controltask.o(.data)
    pitchIntensity                           0x20000302   Data           2  controltask.o(.data)
    testred1                                 0x20000304   Data           1  controltask.o(.data)
    testred2                                 0x20000305   Data           1  controltask.o(.data)
    testred3                                 0x20000306   Data           1  controltask.o(.data)
    testred4                                 0x20000307   Data           1  controltask.o(.data)
    calicnt                                  0x20000308   Data           1  controltask.o(.data)
    downcnt                                  0x2000030c   Data           4  controltask.o(.data)
    upcnt                                    0x20000310   Data           4  controltask.o(.data)
    odometry                                 0x20000314   Data           4  controltask.o(.data)
    odometryatt                              0x20000318   Data           4  controltask.o(.data)
    enemy_lost                               0x2000031c   Data           4  controltask.o(.data)
    enemy_far                                0x20000320   Data           1  controltask.o(.data)
    pitchPositionPID                         0x20000324   Data          76  controltask.o(.data)
    yawPositionPID                           0x20000370   Data          76  controltask.o(.data)
    pitchSpeedPID                            0x200003bc   Data          76  controltask.o(.data)
    yawSpeedPID                              0x20000408   Data          76  controltask.o(.data)
    yawRealAngle                             0x20000454   Data           4  controltask.o(.data)
    pitchRealAngle                           0x20000458   Data           4  controltask.o(.data)
    gap_angle                                0x2000045c   Data           4  controltask.o(.data)
    enemy_yaw_err                            0x20000460   Data           4  controltask.o(.data)
    enemy_yaw_out                            0x20000464   Data           4  controltask.o(.data)
    enemy_pitch_err                          0x20000468   Data           4  controltask.o(.data)
    enemy_pitch_out                          0x2000046c   Data           4  controltask.o(.data)
    pitch_dir                                0x20000470   Data           1  controltask.o(.data)
    up_dir                                   0x20000471   Data           1  controltask.o(.data)
    pitchAngleTargetMin                      0x20000474   Data           4  controltask.o(.data)
    yawSpeed                                 0x20000478   Data           4  controltask.o(.data)
    catchedcnt                               0x2000047c   Data           1  controltask.o(.data)
    up_diratt                                0x2000047d   Data           1  controltask.o(.data)
    pitchAngleTargetMax                      0x20000480   Data           4  controltask.o(.data)
    FrictionWheelState                       0x20000490   Data           1  remotetask.o(.data)
    ShootState                               0x20000491   Data           1  remotetask.o(.data)
    frictionRamp                             0x20000494   Data          36  remotetask.o(.data)
    LRSpeedRamp                              0x200004b8   Data          36  remotetask.o(.data)
    FBSpeedRamp                              0x200004dc   Data          36  remotetask.o(.data)
    remoteShootDelay                         0x20000500   Data           2  remotetask.o(.data)
    inputmode                                0x2000050c   Data           1  remotetask.o(.data)
    bullet_ref                               0x20000510   Data           4  remotetask.o(.data)
    bullet2_ref                              0x20000514   Data           4  remotetask.o(.data)
    yawSpeedTarget                           0x20000518   Data           4  remotetask.o(.data)
    yawAngleTarget                           0x2000051c   Data           4  remotetask.o(.data)
    pitchAngleTarget                         0x20000520   Data           4  remotetask.o(.data)
    isRcanStarted_CMGM                       0x20000528   Data           1  canbustask.o(.data)
    CMFLRx                                   0x2000052a   Data           4  canbustask.o(.data)
    CMFRRx                                   0x2000052e   Data           4  canbustask.o(.data)
    BulletRx                                 0x20000532   Data           4  canbustask.o(.data)
    Bullet2Rx                                0x20000536   Data           4  canbustask.o(.data)
    GMPITCHRx                                0x2000053a   Data           6  canbustask.o(.data)
    GMYAWRx                                  0x20000540   Data           6  canbustask.o(.data)
    redBuf                                   0x2000054c   Data           1  canbustask.o(.data)
    gameProgress                             0x2000054d   Data           1  canbustask.o(.data)
    bulletFreq                               0x2000054e   Data           1  canbustask.o(.data)
    shooterHeat0                             0x20000550   Data           2  canbustask.o(.data)
    bulletSpeed                              0x20000554   Data           4  canbustask.o(.data)
    bulletSpeedBuf                           0x20000558   Data           4  canbustask.o(.data)
    lost_counter                             0x2000055c   Data          44  supervisetask.o(.data)
    lost_err                                 0x20000588   Data           4  supervisetask.o(.data)
    CRC_INIT                                 0x2000059e   Data           2  mf_crc16.o(.data)
    __microlib_freelist                      0x200005a0   Data           4  mvars.o(.data)
    __microlib_freelist_initialised          0x200005a4   Data           4  mvars.o(.data)
    mygetqval                                0x200006ec   Data          36  imu.o(.bss)
    angle                                    0x20000720   Data          12  imu.o(.bss)
    MPU6050_Raw_Data                         0x2000072c   Data          20  mpu6050_driver.o(.bss)
    MPU6050_Real_Data                        0x20000740   Data          40  mpu6050_driver.o(.bss)
    ahrs                                     0x20000768   Data          12  mpu6050_driver.o(.bss)
    mpu_buf                                  0x20000774   Data          20  mpu6050_driver.o(.bss)
    MPU6050_FIFO                             0x20000788   Data         132  mpu6050_driver.o(.bss)
    HMC5883_FIFO                             0x2000080c   Data          66  mpu6050_driver.o(.bss)
    MagMaxMinData                            0x2000084e   Data          12  mpu6050_driver.o(.bss)
    gAppParamStruct                          0x2000085a   Data          87  iotask.o(.bss)
    AccSavedCaliData                         0x200008c4   Data          19  iotask.o(.bss)
    MagSavedCaliData                         0x200008d7   Data          19  iotask.o(.bss)
    rc_data                                  0x200008ea   Data          18  remotetask.o(.bss)
    RC_CtrlData                              0x200008fc   Data          22  remotetask.o(.bss)
    ChassisSpeedRef                          0x20000912   Data          12  remotetask.o(.bss)
    g_switch1                                0x2000091e   Data          23  remotetask.o(.bss)
    __heap_base                              0x20000a40   Data           0  startup_stm32f4xx.o(HEAP)
    __heap_limit                             0x20000c40   Data           0  startup_stm32f4xx.o(HEAP)
    __initial_sp                             0x20001640   Data           0  startup_stm32f4xx.o(STACK)



==============================================================================

Memory Map of the image

  Image Entry point : 0x08000189

  Load Region LR_IROM1 (Base: 0x08000000, Size: 0x0000ab2c, Max: 0x00100000, ABSOLUTE, COMPRESSED[0x0000a648])

    Execution Region ER_IROM1 (Base: 0x08000000, Size: 0x0000a580, Max: 0x00100000, ABSOLUTE)

    Base Addr    Size         Type   Attr      Idx    E Section Name        Object

    0x08000000   0x00000188   Data   RO          498    RESET               startup_stm32f4xx.o
    0x08000188   0x00000000   Code   RO         1620  * .ARM.Collect$$$$00000000  mc_w.l(entry.o)
    0x08000188   0x00000004   Code   RO         1708    .ARM.Collect$$$$00000001  mc_w.l(entry2.o)
    0x0800018c   0x00000004   Code   RO         1711    .ARM.Collect$$$$00000004  mc_w.l(entry5.o)
    0x08000190   0x00000000   Code   RO         1713    .ARM.Collect$$$$00000008  mc_w.l(entry7b.o)
    0x08000190   0x00000000   Code   RO         1715    .ARM.Collect$$$$0000000A  mc_w.l(entry8b.o)
    0x08000190   0x00000008   Code   RO         1716    .ARM.Collect$$$$0000000B  mc_w.l(entry9a.o)
    0x08000198   0x00000000   Code   RO         1718    .ARM.Collect$$$$0000000D  mc_w.l(entry10a.o)
    0x08000198   0x00000000   Code   RO         1720    .ARM.Collect$$$$0000000F  mc_w.l(entry11a.o)
    0x08000198   0x00000004   Code   RO         1709    .ARM.Collect$$$$00002712  mc_w.l(entry2.o)
    0x0800019c   0x00000030   Code   RO            3    .text               main.o
    0x080001cc   0x00000050   Code   RO          201    .text               bsp.o
    0x0800021c   0x00000040   Code   RO          228    .text               led.o
    0x0800025c   0x00000128   Code   RO          248    .text               gun.o
    0x08000384   0x000001b0   Code   RO          271    .text               can1.o
    0x08000534   0x00000150   Code   RO          291    .text               can2.o
    0x08000684   0x0000006c   Code   RO          314    .text               delay.o
    0x080006f0   0x00000104   Code   RO          334    .text               exti.o
    0x080007f4   0x0000003c   Code   RO          354    .text               laser.o
    0x08000830   0x000001a0   Code   RO          374    .text               timer.o
    0x080009d0   0x0000021c   Code   RO          397    .text               usart1.o
    0x08000bec   0x000002b4   Code   RO          426    .text               usart3.o
    0x08000ea0   0x0000009c   Code   RO          453    .text               encoder.o
    0x08000f3c   0x00000174   Code   RO          475    .text               bsp_flash.o
    0x080010b0   0x00000024   Code   RO          499    .text               startup_stm32f4xx.o
    0x080010d4   0x00000018   Code   RO          505    .text               stm32f4xx_it.o
    0x080010ec   0x000000e0   Code   RO          528    .text               misc.o
    0x080011cc   0x000009f0   Code   RO          597    .text               stm32f4xx_can.o
    0x08001bbc   0x000003a8   Code   RO          666    .text               stm32f4xx_dma.o
    0x08001f64   0x0000011c   Code   RO          689    .text               stm32f4xx_exti.o
    0x08002080   0x000004bc   Code   RO          712    .text               stm32f4xx_flash.o
    0x0800253c   0x0000025c   Code   RO          735    .text               stm32f4xx_gpio.o
    0x08002798   0x00000588   Code   RO          781    .text               stm32f4xx_rcc.o
    0x08002d20   0x0000008c   Code   RO          829    .text               stm32f4xx_syscfg.o
    0x08002dac   0x00000ca2   Code   RO          852    .text               stm32f4xx_tim.o
    0x08003a4e   0x00000002   PAD
    0x08003a50   0x0000041a   Code   RO          875    .text               stm32f4xx_usart.o
    0x08003e6a   0x00000002   PAD
    0x08003e6c   0x00000210   Code   RO          898    .text               system_stm32f4xx.o
    0x0800407c   0x00000f44   Code   RO          947    .text               imu.o
    0x08004fc0   0x00000348   Code   RO          975    .text               mpu6050_i2c.o
    0x08005308   0x000007c0   Code   RO          995    .text               mpu6050_driver.o
    0x08005ac8   0x000000b4   Code   RO         1027    .text               mpu6050_interrupt.o
    0x08005b7c   0x0000087c   Code   RO         1053    .text               iotask.o
    0x080063f8   0x000013d4   Code   RO         1081    .text               controltask.o
    0x080077cc   0x000003a0   Code   RO         1109    .text               remotetask.o
    0x08007b6c   0x00000214   Code   RO         1137    .text               canbustask.o
    0x08007d80   0x00000300   Code   RO         1163    .text               supervisetask.o
    0x08008080   0x000005b0   Code   RO         1191    .text               Protocol.lib(protocal_parser.o)
    0x08008630   0x000005a4   Code   RO         1282    .text               RMLib.lib(fifo.o)
    0x08008bd4   0x00000070   Code   RO         1362    .text               RMLib.lib(ramp.o)
    0x08008c44   0x00000020   Code   RO         1495    .text               RMLib.lib(lostcounter.o)
    0x08008c64   0x00000120   Code   RO         1518    .text               RMLib.lib(pid_regulator.o)
    0x08008d84   0x00000074   Code   RO         1542    .text               Protocol.lib(mf_crc8.o)
    0x08008df8   0x000000a0   Code   RO         1557    .text               Protocol.lib(mf_crc16.o)
    0x08008e98   0x00000024   Code   RO         1623    .text               mc_w.l(memcpya.o)
    0x08008ebc   0x00000024   Code   RO         1625    .text               mc_w.l(memseta.o)
    0x08008ee0   0x0000014e   Code   RO         1657    .text               mf_w.l(dadd.o)
    0x0800902e   0x000000e4   Code   RO         1659    .text               mf_w.l(dmul.o)
    0x08009112   0x000000de   Code   RO         1661    .text               mf_w.l(ddiv.o)
    0x080091f0   0x00000022   Code   RO         1665    .text               mf_w.l(dflti.o)
    0x08009212   0x00000026   Code   RO         1667    .text               mf_w.l(f2d.o)
    0x08009238   0x00000030   Code   RO         1669    .text               mf_w.l(cdcmple.o)
    0x08009268   0x00000030   Code   RO         1671    .text               mf_w.l(cdrcmple.o)
    0x08009298   0x00000038   Code   RO         1673    .text               mf_w.l(d2f.o)
    0x080092d0   0x0000001e   Code   RO         1722    .text               mc_w.l(llshl.o)
    0x080092ee   0x00000024   Code   RO         1724    .text               mc_w.l(llsshr.o)
    0x08009312   0x00000000   Code   RO         1735    .text               mc_w.l(iusefp.o)
    0x08009312   0x0000006e   Code   RO         1736    .text               mf_w.l(fepilogue.o)
    0x08009380   0x000000ba   Code   RO         1738    .text               mf_w.l(depilogue.o)
    0x0800943a   0x000000a2   Code   RO         1740    .text               mf_w.l(dsqrt.o)
    0x080094dc   0x00000024   Code   RO         1742    .text               mc_w.l(init.o)
    0x08009500   0x00000020   Code   RO         1744    .text               mc_w.l(llushr.o)
    0x08009520   0x00000056   Code   RO         1754    .text               mc_w.l(__dczerorl2.o)
    0x08009576   0x00000030   Code   RO         1703    i.__ARM_fpclassify  m_wm.l(fpclassify.o)
    0x080095a6   0x00000002   PAD
    0x080095a8   0x00000360   Code   RO         1576    i.__hardfp_asin     m_wm.l(asin.o)
    0x08009908   0x000002d8   Code   RO         1675    i.__hardfp_atan     m_wm.l(atan.o)
    0x08009be0   0x000001f0   Code   RO         1590    i.__hardfp_atan2    m_wm.l(atan2.o)
    0x08009dd0   0x00000014   Code   RO         1602    i.__hardfp_fabs     m_wm.l(fabs.o)
    0x08009de4   0x0000007a   Code   RO         1608    i.__hardfp_sqrt     m_wm.l(sqrt.o)
    0x08009e5e   0x000000f8   Code   RO         1705    i.__kernel_poly     m_wm.l(poly.o)
    0x08009f56   0x00000014   Code   RO         1690    i.__mathlib_dbl_infnan  m_wm.l(dunder.o)
    0x08009f6a   0x00000014   Code   RO         1691    i.__mathlib_dbl_infnan2  m_wm.l(dunder.o)
    0x08009f7e   0x00000002   PAD
    0x08009f80   0x00000020   Code   RO         1692    i.__mathlib_dbl_invalid  m_wm.l(dunder.o)
    0x08009fa0   0x00000020   Code   RO         1695    i.__mathlib_dbl_underflow  m_wm.l(dunder.o)
    0x08009fc0   0x0000000e   Code   RO         1748    i.__scatterload_copy  mc_w.l(handlers.o)
    0x08009fce   0x00000002   Code   RO         1749    i.__scatterload_null  mc_w.l(handlers.o)
    0x08009fd0   0x0000000e   Code   RO         1750    i.__scatterload_zeroinit  mc_w.l(handlers.o)
    0x08009fde   0x00000002   PAD
    0x08009fe0   0x0000000c   Code   RO         1730    i.__set_errno       mc_w.l(errno.o)
    0x08009fec   0x00000010   Code   RO         1677    i.atan              m_wm.l(atan.o)
    0x08009ffc   0x00000018   Code   RO         1604    i.fabs              m_wm.l(fabs.o)
    0x0800a014   0x00000050   Code   RO         1629    i.free              mc_w.l(malloc.o)
    0x0800a064   0x0000006c   Code   RO         1630    i.malloc            mc_w.l(malloc.o)
    0x0800a0d0   0x0000006e   Code   RO         1610    i.sqrt              m_wm.l(sqrt.o)
    0x0800a13e   0x00000002   PAD
    0x0800a140   0x0000002c   Data   RO         1165    .constdata          supervisetask.o
    0x0800a16c   0x00000101   Data   RO         1543    .constdata          Protocol.lib(mf_crc8.o)
    0x0800a26d   0x00000001   PAD
    0x0800a26e   0x00000200   Data   RO         1558    .constdata          Protocol.lib(mf_crc16.o)
    0x0800a46e   0x00000002   PAD
    0x0800a470   0x00000050   Data   RO         1579    .constdata          m_wm.l(asin.o)
    0x0800a4c0   0x00000098   Data   RO         1678    .constdata          m_wm.l(atan.o)
    0x0800a558   0x00000008   Data   RO         1707    .constdata          m_wm.l(qnan.o)
    0x0800a560   0x00000020   Data   RO         1746    Region$$Table       anon$$obj.o


    Execution Region RW_IRAM1 (Base: 0x20000000, Size: 0x00001640, Max: 0x00020000, ABSOLUTE, COMPRESSED[0x000000c8])

    Base Addr    Size         Type   Attr      Idx    E Section Name        Object

    0x20000000   0x0000000c   Data   RW            4    .data               main.o
    0x2000000c   0x00000004   Data   RW          399    .data               usart1.o
    0x20000010   0x0000000f   Data   RW          428    .data               usart3.o
    0x2000001f   0x00000001   Data   RW          454    .data               encoder.o
    0x20000020   0x00000010   Data   RW          782    .data               stm32f4xx_rcc.o
    0x20000030   0x00000014   Data   RW          899    .data               system_stm32f4xx.o
    0x20000044   0x00000070   Data   RW          949    .data               imu.o
    0x200000b4   0x00000018   Data   RW          997    .data               mpu6050_driver.o
    0x200000cc   0x00000001   Data   RW         1028    .data               mpu6050_interrupt.o
    0x200000cd   0x00000003   PAD
    0x200000d0   0x0000007a   Data   RW         1055    .data               iotask.o
    0x2000014a   0x00000002   PAD
    0x2000014c   0x00000344   Data   RW         1082    .data               controltask.o
    0x20000490   0x00000098   Data   RW         1111    .data               remotetask.o
    0x20000528   0x00000034   Data   RW         1138    .data               canbustask.o
    0x2000055c   0x0000003c   Data   RW         1166    .data               supervisetask.o
    0x20000598   0x00000005   Data   RW         1193    .data               Protocol.lib(protocal_parser.o)
    0x2000059d   0x00000001   PAD
    0x2000059e   0x00000002   Data   RW         1559    .data               Protocol.lib(mf_crc16.o)
    0x200005a0   0x00000004   Data   RW         1726    .data               mc_w.l(mvars.o)
    0x200005a4   0x00000004   Data   RW         1727    .data               mc_w.l(mvars.o)
    0x200005a8   0x00000004   Data   RW         1731    .data               mc_w.l(errno.o)
    0x200005ac   0x0000013e   Zero   RW          398    .bss                usart1.o
    0x200006ea   0x00000002   PAD
    0x200006ec   0x00000040   Zero   RW          948    .bss                imu.o
    0x2000072c   0x0000012e   Zero   RW          996    .bss                mpu6050_driver.o
    0x2000085a   0x00000090   Zero   RW         1054    .bss                iotask.o
    0x200008ea   0x0000004b   Zero   RW         1110    .bss                remotetask.o
    0x20000935   0x0000010a   Zero   RW         1192    .bss                Protocol.lib(protocal_parser.o)
    0x20000a3f   0x00000001   PAD
    0x20000a40   0x00000200   Zero   RW          497    HEAP                startup_stm32f4xx.o
    0x20000c40   0x00000a00   Zero   RW          496    STACK               startup_stm32f4xx.o


==============================================================================

Image component sizes


      Code (inc. data)   RO Data    RW Data    ZI Data      Debug   Object Name

        80          6          0          0          0        463   bsp.o
       372         48          0          0          0       2122   bsp_flash.o
       432         12          0          0          0       1241   can1.o
       336          8          0          0          0       1020   can2.o
       532         54          0         52          0       3262   canbustask.o
      5076        638          0        836          0      11262   controltask.o
       108          0          0          0          0       1166   delay.o
       156         14          0          1          0       1158   encoder.o
       260          8          0          0          0        891   exti.o
       296         14          0          0          0        664   gun.o
      3908        332          0        112         64       4421   imu.o
      2172        170          0        122        144       9687   iotask.o
        60          6          0          0          0        482   laser.o
        64          6          0          0          0        468   led.o
        48         10          0         12          0     293221   main.o
       224         20          0          0          0     210681   misc.o
      1984         66          0         24        302       9466   mpu6050_driver.o
       840          4          0          0          0       3695   mpu6050_i2c.o
       180         10          0          1          0        975   mpu6050_interrupt.o
       928         86          0        152         75       5346   remotetask.o
        36          8        392          0       3072        792   startup_stm32f4xx.o
      2544         38          0          0          0      16068   stm32f4xx_can.o
       936         32          0          0          0      18713   stm32f4xx_dma.o
       284         10          0          0          0       4503   stm32f4xx_exti.o
      1212         26          0          0          0      12057   stm32f4xx_flash.o
       604         36          0          0          0      10229   stm32f4xx_gpio.o
        24          0          0          0          0       1102   stm32f4xx_it.o
      1416         48          0         16          0      23623   stm32f4xx_rcc.o
       140         12          0          0          0       1643   stm32f4xx_syscfg.o
      3234         60          0          0          0      41880   stm32f4xx_tim.o
      1050         26          0          0          0      13548   stm32f4xx_usart.o
       768         30         44         60          0       5007   supervisetask.o
       528         46          0         20          0       1731   system_stm32f4xx.o
       416         14          0          0          0       1665   timer.o
       540         28          0          4        318       2561   usart1.o
       692         48          0         15          0       3055   usart3.o

    ----------------------------------------------------------------------
     32484       1974        468       1432       3977     719868   Object Totals
         0          0         32          0          0          0   (incl. Generated)
         4          0          0          5          2          0   (incl. Padding)

    ----------------------------------------------------------------------

      Code (inc. data)   RO Data    RW Data    ZI Data      Debug   Library Member Name

       160         10        512          2          0       2386   mf_crc16.o
       116          4        257          0          0       1882   mf_crc8.o
      1456         28          0          5        266      13116   protocal_parser.o
      1444          0          0          0          0       8256   fifo.o
        32          0          0          0          0       1640   lostcounter.o
       288          4          0          0          0       1785   pid_regulator.o
       112          6          0          0          0       2612   ramp.o
       864         94         80          0          0        280   asin.o
       744        106        152          0          0        352   atan.o
       496         64          0          0          0        192   atan2.o
       104         16          0          0          0        496   dunder.o
        44          0          0          0          0        248   fabs.o
        48          0          0          0          0        124   fpclassify.o
       248          0          0          0          0        152   poly.o
         0          0          8          0          0          0   qnan.o
       232          0          0          0          0        296   sqrt.o
        86          0          0          0          0          0   __dczerorl2.o
         0          0          0          0          0          0   entry.o
         0          0          0          0          0          0   entry10a.o
         0          0          0          0          0          0   entry11a.o
         8          4          0          0          0          0   entry2.o
         4          0          0          0          0          0   entry5.o
         0          0          0          0          0          0   entry7b.o
         0          0          0          0          0          0   entry8b.o
         8          4          0          0          0          0   entry9a.o
        12          6          0          4          0         68   errno.o
        30          0          0          0          0          0   handlers.o
        36          8          0          0          0         68   init.o
         0          0          0          0          0          0   iusefp.o
        30          0          0          0          0         68   llshl.o
        36          0          0          0          0         68   llsshr.o
        32          0          0          0          0         68   llushr.o
       188         20          0          0          0        160   malloc.o
        36          0          0          0          0         68   memcpya.o
        36          0          0          0          0        108   memseta.o
         0          0          0          8          0          0   mvars.o
        48          0          0          0          0         68   cdcmple.o
        48          0          0          0          0         68   cdrcmple.o
        56          0          0          0          0         88   d2f.o
       334          0          0          0          0        148   dadd.o
       222          0          0          0          0        100   ddiv.o
       186          0          0          0          0        176   depilogue.o
        34          0          0          0          0         76   dflti.o
       228          0          0          0          0         96   dmul.o
       162          0          0          0          0        100   dsqrt.o
        38          0          0          0          0         68   f2d.o
       110          0          0          0          0        168   fepilogue.o

    ----------------------------------------------------------------------
      8404        374       1012         20        267      35649   Library Totals
         8          0          3          1          1          0   (incl. Padding)

    ----------------------------------------------------------------------

      Code (inc. data)   RO Data    RW Data    ZI Data      Debug   Library Name

      1732         42        769          7        266      17384   Protocol.lib
      1876         10          0          0          0      14293   RMLib.lib
      2780        280        240          0          0       2140   m_wm.l
       542         42          0         12          0        676   mc_w.l
      1466          0          0          0          0       1156   mf_w.l

    ----------------------------------------------------------------------
      8404        374       1012         20        267      35649   Library Totals

    ----------------------------------------------------------------------

==============================================================================


      Code (inc. data)   RO Data    RW Data    ZI Data      Debug   

     40888       2348       1480       1452       4244     744817   Grand Totals
     40888       2348       1480        200       4244     744817   ELF Image Totals (compressed)
     40888       2348       1480        200          0          0   ROM Totals

==============================================================================

    Total RO  Size (Code + RO Data)                42368 (  41.38kB)
    Total RW  Size (RW Data + ZI Data)              5696 (   5.56kB)
    Total ROM Size (Code + RO Data + RW Data)      42568 (  41.57kB)

==============================================================================

