Component: ARM Compiler 5.05 update 1 (build 106) Tool: armlink [4d0efa]

==============================================================================

Section Cross References

    main.o(.text) refers to controltask.o(.text) for CMControlInit
    main.o(.text) refers to remotetask.o(.text) for RemoteTaskInit
    main.o(.text) refers to delay.o(.text) for delay_ms
    main.o(.text) refers to bsp.o(.text) for BSP_Init
    main.o(.text) refers to timer.o(.text) for Get_Time_Micros
    main.o(.text) refers to imu.o(.text) for IMU_getYawPitchRoll
    main.o(.text) refers to main.o(.data) for system_micrsecond
    main.o(.text) refers to imu.o(.bss) for angle
    bsp.o(.text) refers to misc.o(.text) for NVIC_PriorityGroupConfig
    bsp.o(.text) refers to gun.o(.text) for PWM_Configuration
    bsp.o(.text) refers to led.o(.text) for Led_Configuration
    bsp.o(.text) refers to laser.o(.text) for Laser_Configuration
    bsp.o(.text) refers to timer.o(.text) for TIM2_Configuration
    bsp.o(.text) refers to mpu6050_driver.o(.text) for MPU6050_Initialize
    bsp.o(.text) refers to encoder.o(.text) for Quad_Encoder_Configuration
    bsp.o(.text) refers to can1.o(.text) for CAN1_Configuration
    bsp.o(.text) refers to can2.o(.text) for CAN2_Configuration
    bsp.o(.text) refers to usart1.o(.text) for USART1_Configuration
    bsp.o(.text) refers to usart3.o(.text) for USART3_Configuration
    bsp.o(.text) refers to mpu6050_interrupt.o(.text) for MPU6050_IntConfiguration
    led.o(.text) refers to stm32f4xx_rcc.o(.text) for RCC_AHB1PeriphClockCmd
    led.o(.text) refers to stm32f4xx_gpio.o(.text) for GPIO_Init
    gun.o(.text) refers to stm32f4xx_rcc.o(.text) for RCC_AHB1PeriphClockCmd
    gun.o(.text) refers to stm32f4xx_gpio.o(.text) for GPIO_Init
    gun.o(.text) refers to stm32f4xx_tim.o(.text) for TIM_TimeBaseInit
    can1.o(.text) refers to stm32f4xx_rcc.o(.text) for RCC_AHB1PeriphClockCmd
    can1.o(.text) refers to stm32f4xx_gpio.o(.text) for GPIO_PinAFConfig
    can1.o(.text) refers to misc.o(.text) for NVIC_Init
    can1.o(.text) refers to stm32f4xx_can.o(.text) for CAN_DeInit
    can1.o(.text) refers to canbustask.o(.text) for CanReceiveMsgProcess
    can2.o(.text) refers to stm32f4xx_rcc.o(.text) for RCC_AHB1PeriphClockCmd
    can2.o(.text) refers to stm32f4xx_gpio.o(.text) for GPIO_PinAFConfig
    can2.o(.text) refers to misc.o(.text) for NVIC_Init
    can2.o(.text) refers to stm32f4xx_can.o(.text) for CAN_DeInit
    can2.o(.text) refers to canbustask.o(.text) for CanReceiveMsgProcess
    exti.o(.text) refers to stm32f4xx_rcc.o(.text) for RCC_APB2PeriphClockCmd
    exti.o(.text) refers to stm32f4xx_gpio.o(.text) for GPIO_Init
    exti.o(.text) refers to stm32f4xx_syscfg.o(.text) for SYSCFG_EXTILineConfig
    exti.o(.text) refers to stm32f4xx_exti.o(.text) for EXTI_Init
    exti.o(.text) refers to misc.o(.text) for NVIC_Init
    laser.o(.text) refers to stm32f4xx_rcc.o(.text) for RCC_AHB1PeriphClockCmd
    laser.o(.text) refers to stm32f4xx_gpio.o(.text) for GPIO_Init
    timer.o(.text) refers to stm32f4xx_rcc.o(.text) for RCC_APB2PeriphClockCmd
    timer.o(.text) refers to stm32f4xx_tim.o(.text) for TIM_ARRPreloadConfig
    timer.o(.text) refers to misc.o(.text) for NVIC_Init
    timer.o(.text) refers to controltask.o(.text) for controlLoop
    usart1.o(.text) refers to fifo.o(.text) for FIFO_Init
    usart1.o(.text) refers to stm32f4xx_rcc.o(.text) for RCC_AHB1PeriphClockCmd
    usart1.o(.text) refers to stm32f4xx_gpio.o(.text) for GPIO_PinAFConfig
    usart1.o(.text) refers to stm32f4xx_usart.o(.text) for USART_DeInit
    usart1.o(.text) refers to stm32f4xx_dma.o(.text) for DMA_DeInit
    usart1.o(.text) refers to misc.o(.text) for NVIC_Init
    usart1.o(.text) refers to remotetask.o(.text) for RemoteDataPrcess
    usart1.o(.text) refers to supervisetask.o(.text) for GetLostCounter
    usart1.o(.text) refers to lostcounter.o(.text) for LostCounterFeed
    usart1.o(.text) refers to usart1.o(.bss) for _USART1_RX_BUF
    usart1.o(.text) refers to usart1.o(.data) for this_time_rx_len
    usart3.o(.text) refers to stm32f4xx_rcc.o(.text) for RCC_AHB1PeriphClockCmd
    usart3.o(.text) refers to stm32f4xx_gpio.o(.text) for GPIO_PinAFConfig
    usart3.o(.text) refers to stm32f4xx_usart.o(.text) for USART_Init
    usart3.o(.text) refers to misc.o(.text) for NVIC_Init
    usart3.o(.text) refers to fifo.o(.text) for FIFO_S_Create
    usart3.o(.text) refers to usart3.o(.data) for UART_TranFifo
    usart3.o(.text) refers to controltask.o(.data) for find_enemy
    encoder.o(.text) refers to stm32f4xx_rcc.o(.text) for RCC_AHB1PeriphClockCmd
    encoder.o(.text) refers to stm32f4xx_gpio.o(.text) for GPIO_Init
    encoder.o(.text) refers to stm32f4xx_tim.o(.text) for TIM_EncoderInterfaceConfig
    encoder.o(.text) refers to encoder.o(.data) for Encoder_Dir
    bsp_flash.o(.text) refers to stm32f4xx_flash.o(.text) for FLASH_Unlock
    startup_stm32f4xx.o(RESET) refers to startup_stm32f4xx.o(STACK) for __initial_sp
[...]
    BSP_Init                                 0x080001cd   Thumb Code    74  bsp.o(.text)
    Led_Configuration                        0x0800021d   Thumb Code    58  led.o(.text)
    PWM_Configuration                        0x0800025d   Thumb Code   282  gun.o(.text)
    CAN1_Configuration                       0x08000385   Thumb Code   262  can1.o(.text)
    GYRO_RST                                 0x0800048b   Thumb Code    86  can1.o(.text)
    CAN1_TX_IRQHandler                       0x080004e1   Thumb Code    22  can1.o(.text)
    CAN1_RX0_IRQHandler                      0x080004f7   Thumb Code    50  can1.o(.text)
    CAN2_Configuration                       0x08000535   Thumb Code   264  can2.o(.text)
    CAN2_TX_IRQHandler                       0x0800063d   Thumb Code    22  can2.o(.text)
    CAN2_RX0_IRQHandler                      0x08000653   Thumb Code    42  can2.o(.text)
    delay_ms                                 0x08000685   Thumb Code    28  delay.o(.text)
    delay_us                                 0x080006a1   Thumb Code    26  delay.o(.text)
    Delay_ms                                 0x080006bb   Thumb Code    28  delay.o(.text)
    Delay_us                                 0x080006d7   Thumb Code    26  delay.o(.text)
    Exti_Configuration                       0x080006f1   Thumb Code   216  exti.o(.text)
    EXTI0_IRQHandler                         0x080007c9   Thumb Code    18  exti.o(.text)
    EXTI1_IRQHandler                         0x080007db   Thumb Code    18  exti.o(.text)
    Laser_Configuration                      0x080007f5   Thumb Code    54  laser.o(.text)
    TIM8_Configuration                       0x08000831   Thumb Code    84  timer.o(.text)
    TIM6_Configuration                       0x08000885   Thumb Code    72  timer.o(.text)
    TIM6_Start                               0x080008cd   Thumb Code    30  timer.o(.text)
    TIM4_Configuration                       0x080008eb   Thumb Code    84  timer.o(.text)
    TIM2_Configuration                       0x0800093f   Thumb Code    60  timer.o(.text)
    TIM2_IRQHandler                          0x0800097b   Thumb Code    30  timer.o(.text)
    TIM6_DAC_IRQHandler                      0x08000999   Thumb Code    34  timer.o(.text)
    Get_Time_Micros                          0x080009bb   Thumb Code     8  timer.o(.text)
    USART1_Configuration                     0x080009e1   Thumb Code   302  usart1.o(.text)
    USART1_IRQHandler                        0x08000b0f   Thumb Code   190  usart1.o(.text)
    USART1_GetRxBuf                          0x08000bcd   Thumb Code     4  usart1.o(.text)
    USART3_Configuration                     0x08000bed   Thumb Code   182  usart3.o(.text)
    UART3_PrintCh                            0x08000ca3   Thumb Code    28  usart3.o(.text)
    UART3_PrintBlock                         0x08000cbf   Thumb Code    44  usart3.o(.text)
    fputc                                    0x08000ceb   Thumb Code    32  usart3.o(.text)
    USART3_IRQHandler                        0x08000d0b   Thumb Code   348  usart3.o(.text)
    Quad_Encoder_Configuration               0x08000e99   Thumb Code    90  encoder.o(.text)
    Encoder_Start                            0x08000ef3   Thumb Code    12  encoder.o(.text)
    GetQuadEncoderDiff                       0x08000eff   Thumb Code    40  encoder.o(.text)
    BSP_FLASH_GetFlashSector                 0x08000f3b   Thumb Code   116  bsp_flash.o(.text)
    BSP_FLASH_Write                          0x08000faf   Thumb Code   168  bsp_flash.o(.text)
    BSP_FLASH_Read                           0x08001057   Thumb Code    34  bsp_flash.o(.text)
    Reset_Handler                            0x080010a9   Thumb Code     8  startup_stm32f4xx.o(.text)
    SysTick_Handler                          0x080010c1   Thumb Code     2  startup_stm32f4xx.o(.text)
    ADC_IRQHandler                           0x080010c3   Thumb Code     0  startup_stm32f4xx.o(.text)
    CAN1_RX1_IRQHandler                      0x080010c3   Thumb Code     0  startup_stm32f4xx.o(.text)
    CAN1_SCE_IRQHandler                      0x080010c3   Thumb Code     0  startup_stm32f4xx.o(.text)
    CAN2_RX1_IRQHandler                      0x080010c3   Thumb Code     0  startup_stm32f4xx.o(.text)
    CAN2_SCE_IRQHandler                      0x080010c3   Thumb Code     0  startup_stm32f4xx.o(.text)
    CRYP_IRQHandler                          0x080010c3   Thumb Code     0  startup_stm32f4xx.o(.text)
    DCMI_IRQHandler                          0x080010c3   Thumb Code     0  startup_stm32f4xx.o(.text)
    DMA1_Stream0_IRQHandler                  0x080010c3   Thumb Code     0  startup_stm32f4xx.o(.text)
    DMA1_Stream1_IRQHandler                  0x080010c3   Thumb Code     0  startup_stm32f4xx.o(.text)
    DMA1_Stream2_IRQHandler                  0x080010c3   Thumb Code     0  startup_stm32f4xx.o(.text)
    DMA1_Stream3_IRQHandler                  0x080010c3   Thumb Code     0  startup_stm32f4xx.o(.text)
    DMA1_Stream4_IRQHandler                  0x080010c3   Thumb Code     0  startup_stm32f4xx.o(.text)
    DMA1_Stream5_IRQHandler                  0x080010c3   Thumb Code     0  startup_stm32f4xx.o(.text)
    DMA1_Stream6_IRQHandler                  0x080010c3   Thumb Code     0  startup_stm32f4xx.o(.text)
    DMA1_Stream7_IRQHandler                  0x080010c3   Thumb Code     0  startup_stm32f4xx.o(.text)
    DMA2_Stream0_IRQHandler                  0x080010c3   Thumb Code     0  startup_stm32f4xx.o(.text)
    DMA2_Stream1_IRQHandler                  0x080010c3   Thumb Code     0  startup_stm32f4xx.o(.text)
    DMA2_Stream2_IRQHandler                  0x080010c3   Thumb Code     0  startup_stm32f4xx.o(.text)
    DMA2_Stream3_IRQHandler                  0x080010c3   Thumb Code     0  startup_stm32f4xx.o(.text)
    DMA2_Stream4_IRQHandler                  0x080010c3   Thumb Code     0  startup_stm32f4xx.o(.text)
    DMA2_Stream5_IRQHandler                  0x080010c3   Thumb Code     0  startup_stm32f4xx.o(.text)
    DMA2_Stream6_IRQHandler                  0x080010c3   Thumb Code     0  startup_stm32f4xx.o(.text)
    DMA2_Stream7_IRQHandler                  0x080010c3   Thumb Code     0  startup_stm32f4xx.o(.text)
    ETH_IRQHandler                           0x080010c3   Thumb Code     0  startup_stm32f4xx.o(.text)
    ETH_WKUP_IRQHandler                      0x080010c3   Thumb Code     0  startup_stm32f4xx.o(.text)
    EXTI15_10_IRQHandler                     0x080010c3   Thumb Code     0  startup_stm32f4xx.o(.text)
    EXTI2_IRQHandler                         0x080010c3   Thumb Code     0  startup_stm32f4xx.o(.text)
    EXTI3_IRQHandler                         0x080010c3   Thumb Code     0  startup_stm32f4xx.o(.text)
    EXTI9_5_IRQHandler                       0x080010c3   Thumb Code     0  startup_stm32f4xx.o(.text)
    FLASH_IRQHandler                         0x080010c3   Thumb Code     0  startup_stm32f4xx.o(.text)
    FPU_IRQHandler                           0x080010c3   Thumb Code     0  startup_stm32f4xx.o(.text)
    FSMC_IRQHandler                          0x080010c3   Thumb Code     0  startup_stm32f4xx.o(.text)
    HASH_RNG_IRQHandler                      0x080010c3   Thumb Code     0  startup_stm32f4xx.o(.text)
    I2C1_ER_IRQHandler                       0x080010c3   Thumb Code     0  startup_stm32f4xx.o(.text)
    I2C1_EV_IRQHandler                       0x080010c3   Thumb Code     0  startup_stm32f4xx.o(.text)
    I2C2_ER_IRQHandler                       0x080010c3   Thumb Code     0  startup_stm32f4xx.o(.text)
    I2C2_EV_IRQHandler                       0x080010c3   Thumb Code     0  startup_stm32f4xx.o(.text)
    I2C3_ER_IRQHandler                       0x080010c3   Thumb Code     0  startup_stm32f4xx.o(.text)
    I2C3_EV_IRQHandler                       0x080010c3   Thumb Code     0  startup_stm32f4xx.o(.text)
    OTG_FS_IRQHandler                        0x080010c3   Thumb Code     0  startup_stm32f4xx.o(.text)
    OTG_FS_WKUP_IRQHandler                   0x080010c3   Thumb Code     0  startup_stm32f4xx.o(.text)
    OTG_HS_EP1_IN_IRQHandler                 0x080010c3   Thumb Code     0  startup_stm32f4xx.o(.text)
    OTG_HS_EP1_OUT_IRQHandler                0x080010c3   Thumb Code     0  startup_stm32f4xx.o(.text)
    OTG_HS_IRQHandler                        0x080010c3   Thumb Code     0  startup_stm32f4xx.o(.text)
    OTG_HS_WKUP_IRQHandler                   0x080010c3   Thumb Code     0  startup_stm32f4xx.o(.text)
    PVD_IRQHandler                           0x080010c3   Thumb Code     0  startup_stm32f4xx.o(.text)
    RCC_IRQHandler                           0x080010c3   Thumb Code     0  startup_stm32f4xx.o(.text)
    RTC_Alarm_IRQHandler                     0x080010c3   Thumb Code     0  startup_stm32f4xx.o(.text)
    RTC_WKUP_IRQHandler                      0x080010c3   Thumb Code     0  startup_stm32f4xx.o(.text)
    SDIO_IRQHandler                          0x080010c3   Thumb Code     0  startup_stm32f4xx.o(.text)
    SPI1_IRQHandler                          0x080010c3   Thumb Code     0  startup_stm32f4xx.o(.text)
    SPI2_IRQHandler                          0x080010c3   Thumb Code     0  startup_stm32f4xx.o(.text)
    SPI3_IRQHandler                          0x080010c3   Thumb Code     0  startup_stm32f4xx.o(.text)
    TAMP_STAMP_IRQHandler                    0x080010c3   Thumb Code     0  startup_stm32f4xx.o(.text)
    TIM1_BRK_TIM9_IRQHandler                 0x080010c3   Thumb Code     0  startup_stm32f4xx.o(.text)
    TIM1_CC_IRQHandler                       0x080010c3   Thumb Code     0  startup_stm32f4xx.o(.text)
    TIM1_TRG_COM_TIM11_IRQHandler            0x080010c3   Thumb Code     0  startup_stm32f4xx.o(.text)
    TIM1_UP_TIM10_IRQHandler                 0x080010c3   Thumb Code     0  startup_stm32f4xx.o(.text)
    TIM3_IRQHandler                          0x080010c3   Thumb Code     0  startup_stm32f4xx.o(.text)
    TIM4_IRQHandler                          0x080010c3   Thumb Code     0  startup_stm32f4xx.o(.text)
    TIM5_IRQHandler                          0x080010c3   Thumb Code     0  startup_stm32f4xx.o(.text)
    TIM7_IRQHandler                          0x080010c3   Thumb Code     0  startup_stm32f4xx.o(.text)
    TIM8_BRK_TIM12_IRQHandler                0x080010c3   Thumb Code     0  startup_stm32f4xx.o(.text)
    TIM8_CC_IRQHandler                       0x080010c3   Thumb Code     0  startup_stm32f4xx.o(.text)
    TIM8_TRG_COM_TIM14_IRQHandler            0x080010c3   Thumb Code     0  startup_stm32f4xx.o(.text)
    TIM8_UP_TIM13_IRQHandler                 0x080010c3   Thumb Code     0  startup_stm32f4xx.o(.text)
    UART4_IRQHandler                         0x080010c3   Thumb Code     0  startup_stm32f4xx.o(.text)
    UART5_IRQHandler                         0x080010c3   Thumb Code     0  startup_stm32f4xx.o(.text)
    USART2_IRQHandler                        0x080010c3   Thumb Code     0  startup_stm32f4xx.o(.text)
    USART6_IRQHandler                        0x080010c3   Thumb Code     0  startup_stm32f4xx.o(.text)
    WWDG_IRQHandler                          0x080010c3   Thumb Code     0  startup_stm32f4xx.o(.text)
    NMI_Handler                              0x080010cd   Thumb Code     2  stm32f4xx_it.o(.text)
    HardFault_Handler                        0x080010cf   Thumb Code     4  stm32f4xx_it.o(.text)
    MemManage_Handler                        0x080010d3   Thumb Code     4  stm32f4xx_it.o(.text)
    BusFault_Handler                         0x080010d7   Thumb Code     4  stm32f4xx_it.o(.text)
    UsageFault_Handler                       0x080010db   Thumb Code     4  stm32f4xx_it.o(.text)
    SVC_Handler                              0x080010df   Thumb Code     2  stm32f4xx_it.o(.text)
    DebugMon_Handler                         0x080010e1   Thumb Code     2  stm32f4xx_it.o(.text)
    PendSV_Handler                           0x080010e3   Thumb Code     2  stm32f4xx_it.o(.text)
    NVIC_PriorityGroupConfig                 0x080010e5   Thumb Code    10  misc.o(.text)
    NVIC_Init                                0x080010ef   Thumb Code   106  misc.o(.text)
    NVIC_SetVectorTable                      0x08001159   Thumb Code    14  misc.o(.text)
    NVIC_SystemLPConfig                      0x08001167   Thumb Code    34  misc.o(.text)
    SysTick_CLKSourceConfig                  0x08001189   Thumb Code    40  misc.o(.text)
    CAN_DeInit                               0x080011c5   Thumb Code    50  stm32f4xx_can.o(.text)
    CAN_Init                                 0x080011f7   Thumb Code   276  stm32f4xx_can.o(.text)
    CAN_FilterInit                           0x0800130b   Thumb Code   258  stm32f4xx_can.o(.text)
    CAN_StructInit                           0x0800140d   Thumb Code    32  stm32f4xx_can.o(.text)
    CAN_SlaveStartBank                       0x0800142d   Thumb Code    48  stm32f4xx_can.o(.text)
    CAN_DBGFreeze                            0x0800145d   Thumb Code    22  stm32f4xx_can.o(.text)
    CAN_TTComModeCmd                         0x08001473   Thumb Code   118  stm32f4xx_can.o(.text)
    CAN_Transmit                             0x080014e9   Thumb Code   304  stm32f4xx_can.o(.text)
    CAN_TransmitStatus                       0x08001619   Thumb Code   138  stm32f4xx_can.o(.text)
    CAN_CancelTransmit                       0x080016a3   Thumb Code    48  stm32f4xx_can.o(.text)
    CAN_Receive                              0x080016d3   Thumb Code   240  stm32f4xx_can.o(.text)
    CAN_FIFORelease                          0x080017c3   Thumb Code    22  stm32f4xx_can.o(.text)
    CAN_MessagePending                       0x080017d9   Thumb Code    30  stm32f4xx_can.o(.text)
    CAN_OperatingModeRequest                 0x080017f7   Thumb Code   162  stm32f4xx_can.o(.text)
    CAN_Sleep                                0x08001899   Thumb Code    30  stm32f4xx_can.o(.text)
    CAN_WakeUp                               0x080018b7   Thumb Code    48  stm32f4xx_can.o(.text)
    CAN_GetLastErrorCode                     0x080018e7   Thumb Code    12  stm32f4xx_can.o(.text)
    CAN_GetReceiveErrorCounter               0x080018f3   Thumb Code    10  stm32f4xx_can.o(.text)
    CAN_GetLSBTransmitErrorCounter           0x080018fd   Thumb Code    12  stm32f4xx_can.o(.text)
    CAN_ITConfig                             0x08001909   Thumb Code    18  stm32f4xx_can.o(.text)
    CAN_GetFlagStatus                        0x0800191b   Thumb Code   120  stm32f4xx_can.o(.text)
    CAN_ClearFlag                            0x08001993   Thumb Code    52  stm32f4xx_can.o(.text)
    CAN_GetITStatus                          0x080019d9   Thumb Code   310  stm32f4xx_can.o(.text)
    CAN_ClearITPendingBit                    0x08001b0f   Thumb Code   162  stm32f4xx_can.o(.text)
    DMA_DeInit                               0x08001bb5   Thumb Code   324  stm32f4xx_dma.o(.text)
    DMA_Init                                 0x08001cf9   Thumb Code    82  stm32f4xx_dma.o(.text)
    DMA_StructInit                           0x08001d4b   Thumb Code    34  stm32f4xx_dma.o(.text)
    DMA_Cmd                                  0x08001d6d   Thumb Code    22  stm32f4xx_dma.o(.text)
    DMA_PeriphIncOffsetSizeConfig            0x08001d83   Thumb Code    22  stm32f4xx_dma.o(.text)
    DMA_FlowControllerConfig                 0x08001d99   Thumb Code    22  stm32f4xx_dma.o(.text)
    DMA_SetCurrDataCounter                   0x08001daf   Thumb Code     4  stm32f4xx_dma.o(.text)
    DMA_GetCurrDataCounter                   0x08001db3   Thumb Code     8  stm32f4xx_dma.o(.text)
    DMA_DoubleBufferModeConfig               0x08001dbb   Thumb Code    24  stm32f4xx_dma.o(.text)
    DMA_DoubleBufferModeCmd                  0x08001dd3   Thumb Code    22  stm32f4xx_dma.o(.text)
    DMA_MemoryTargetConfig                   0x08001de9   Thumb Code    10  stm32f4xx_dma.o(.text)
    DMA_GetCurrentMemoryTarget               0x08001df3   Thumb Code    20  stm32f4xx_dma.o(.text)
    DMA_GetCmdStatus                         0x08001e07   Thumb Code    20  stm32f4xx_dma.o(.text)
    DMA_GetFIFOStatus                        0x08001e1b   Thumb Code    12  stm32f4xx_dma.o(.text)
    DMA_GetFlagStatus                        0x08001e27   Thumb Code    56  stm32f4xx_dma.o(.text)
    DMA_ClearFlag                            0x08001e5f   Thumb Code    40  stm32f4xx_dma.o(.text)
    DMA_ITConfig                             0x08001e87   Thumb Code    58  stm32f4xx_dma.o(.text)
    DMA_GetITStatus                          0x08001ec1   Thumb Code    84  stm32f4xx_dma.o(.text)
    DMA_ClearITPendingBit                    0x08001f15   Thumb Code    40  stm32f4xx_dma.o(.text)
    EXTI_DeInit                              0x08001f5d   Thumb Code    28  stm32f4xx_exti.o(.text)
    EXTI_Init                                0x08001f79   Thumb Code   142  stm32f4xx_exti.o(.text)
    EXTI_StructInit                          0x08002007   Thumb Code    16  stm32f4xx_exti.o(.text)
    EXTI_GenerateSWInterrupt                 0x08002017   Thumb Code    16  stm32f4xx_exti.o(.text)
    EXTI_GetFlagStatus                       0x08002027   Thumb Code    22  stm32f4xx_exti.o(.text)
    EXTI_ClearFlag                           0x0800203d   Thumb Code     8  stm32f4xx_exti.o(.text)
    EXTI_GetITStatus                         0x08002045   Thumb Code    34  stm32f4xx_exti.o(.text)
    EXTI_ClearITPendingBit                   0x08002067   Thumb Code     8  stm32f4xx_exti.o(.text)
    FLASH_SetLatency                         0x08002079   Thumb Code     6  stm32f4xx_flash.o(.text)
    FLASH_PrefetchBufferCmd                  0x0800207f   Thumb Code    30  stm32f4xx_flash.o(.text)
    FLASH_InstructionCacheCmd                0x0800209d   Thumb Code    30  stm32f4xx_flash.o(.text)
    FLASH_DataCacheCmd                       0x080020bb   Thumb Code    30  stm32f4xx_flash.o(.text)
    FLASH_InstructionCacheReset              0x080020d9   Thumb Code    14  stm32f4xx_flash.o(.text)
    FLASH_DataCacheReset                     0x080020e7   Thumb Code    14  stm32f4xx_flash.o(.text)
    FLASH_Unlock                             0x080020f5   Thumb Code    26  stm32f4xx_flash.o(.text)
    FLASH_Lock                               0x0800210f   Thumb Code    18  stm32f4xx_flash.o(.text)
    FLASH_GetStatus                          0x08002121   Thumb Code    74  stm32f4xx_flash.o(.text)
    FLASH_WaitForLastOperation               0x0800216b   Thumb Code    34  stm32f4xx_flash.o(.text)
    FLASH_EraseSector                        0x0800218d   Thumb Code   140  stm32f4xx_flash.o(.text)
    FLASH_EraseAllSectors                    0x08002219   Thumb Code   112  stm32f4xx_flash.o(.text)
    FLASH_ProgramDoubleWord                  0x08002289   Thumb Code    86  stm32f4xx_flash.o(.text)
    FLASH_ProgramWord                        0x080022df   Thumb Code    82  stm32f4xx_flash.o(.text)
    FLASH_ProgramHalfWord                    0x08002331   Thumb Code    82  stm32f4xx_flash.o(.text)
    FLASH_ProgramByte                        0x08002383   Thumb Code    78  stm32f4xx_flash.o(.text)
    FLASH_OB_Unlock                          0x080023d1   Thumb Code    26  stm32f4xx_flash.o(.text)
    FLASH_OB_Lock                            0x080023eb   Thumb Code    18  stm32f4xx_flash.o(.text)
    FLASH_OB_WRPConfig                       0x080023fd   Thumb Code    54  stm32f4xx_flash.o(.text)
    FLASH_OB_RDPConfig                       0x08002433   Thumb Code    24  stm32f4xx_flash.o(.text)
    FLASH_OB_UserConfig                      0x0800244b   Thumb Code    68  stm32f4xx_flash.o(.text)
    FLASH_OB_BORConfig                       0x0800248f   Thumb Code    22  stm32f4xx_flash.o(.text)
    FLASH_OB_Launch                          0x080024a5   Thumb Code    26  stm32f4xx_flash.o(.text)
    FLASH_OB_GetUser                         0x080024bf   Thumb Code    10  stm32f4xx_flash.o(.text)
    FLASH_OB_GetWRP                          0x080024c9   Thumb Code     8  stm32f4xx_flash.o(.text)
    FLASH_OB_GetRDP                          0x080024d1   Thumb Code    20  stm32f4xx_flash.o(.text)
    FLASH_OB_GetBOR                          0x080024e5   Thumb Code    10  stm32f4xx_flash.o(.text)
    FLASH_ITConfig                           0x080024ef   Thumb Code    34  stm32f4xx_flash.o(.text)
    FLASH_GetFlagStatus                      0x08002511   Thumb Code    22  stm32f4xx_flash.o(.text)
    FLASH_ClearFlag                          0x08002527   Thumb Code     8  stm32f4xx_flash.o(.text)
    GPIO_DeInit                              0x08002535   Thumb Code   220  stm32f4xx_gpio.o(.text)
    GPIO_Init                                0x08002611   Thumb Code   144  stm32f4xx_gpio.o(.text)
    GPIO_StructInit                          0x080026a1   Thumb Code    18  stm32f4xx_gpio.o(.text)
    GPIO_PinLockConfig                       0x080026b3   Thumb Code    34  stm32f4xx_gpio.o(.text)
    GPIO_ReadInputDataBit                    0x080026d5   Thumb Code    18  stm32f4xx_gpio.o(.text)
    GPIO_ReadInputData                       0x080026e7   Thumb Code     8  stm32f4xx_gpio.o(.text)
    GPIO_ReadOutputDataBit                   0x080026ef   Thumb Code    18  stm32f4xx_gpio.o(.text)
    GPIO_ReadOutputData                      0x08002701   Thumb Code     8  stm32f4xx_gpio.o(.text)
    GPIO_SetBits                             0x08002709   Thumb Code     4  stm32f4xx_gpio.o(.text)
    GPIO_ResetBits                           0x0800270d   Thumb Code     4  stm32f4xx_gpio.o(.text)
    GPIO_WriteBit                            0x08002711   Thumb Code    10  stm32f4xx_gpio.o(.text)
    GPIO_Write                               0x0800271b   Thumb Code     4  stm32f4xx_gpio.o(.text)
    GPIO_ToggleBits                          0x0800271f   Thumb Code     8  stm32f4xx_gpio.o(.text)
    GPIO_PinAFConfig                         0x08002727   Thumb Code    70  stm32f4xx_gpio.o(.text)
    RCC_DeInit                               0x08002791   Thumb Code    60  stm32f4xx_rcc.o(.text)
    RCC_HSEConfig                            0x080027cd   Thumb Code    14  stm32f4xx_rcc.o(.text)
    RCC_GetFlagStatus                        0x080027db   Thumb Code    60  stm32f4xx_rcc.o(.text)
    RCC_WaitForHSEStartUp                    0x08002817   Thumb Code    56  stm32f4xx_rcc.o(.text)
    RCC_AdjustHSICalibrationValue            0x0800284f   Thumb Code    20  stm32f4xx_rcc.o(.text)
    RCC_HSICmd                               0x08002863   Thumb Code     6  stm32f4xx_rcc.o(.text)
    RCC_LSEConfig                            0x08002869   Thumb Code    46  stm32f4xx_rcc.o(.text)
    RCC_LSICmd                               0x08002897   Thumb Code     6  stm32f4xx_rcc.o(.text)
    RCC_PLLConfig                            0x0800289d   Thumb Code    32  stm32f4xx_rcc.o(.text)
    RCC_PLLCmd                               0x080028bd   Thumb Code     6  stm32f4xx_rcc.o(.text)
    RCC_PLLI2SConfig                         0x080028c3   Thumb Code    14  stm32f4xx_rcc.o(.text)
    RCC_PLLI2SCmd                            0x080028d1   Thumb Code     6  stm32f4xx_rcc.o(.text)
    RCC_ClockSecuritySystemCmd               0x080028d7   Thumb Code     6  stm32f4xx_rcc.o(.text)
    RCC_MCO1Config                           0x080028dd   Thumb Code    28  stm32f4xx_rcc.o(.text)
    RCC_MCO2Config                           0x080028f9   Thumb Code    28  stm32f4xx_rcc.o(.text)
    RCC_SYSCLKConfig                         0x08002915   Thumb Code    20  stm32f4xx_rcc.o(.text)
    RCC_GetSYSCLKSource                      0x08002929   Thumb Code    12  stm32f4xx_rcc.o(.text)
    RCC_HCLKConfig                           0x08002935   Thumb Code    20  stm32f4xx_rcc.o(.text)
    RCC_PCLK1Config                          0x08002949   Thumb Code    20  stm32f4xx_rcc.o(.text)
    RCC_PCLK2Config                          0x0800295d   Thumb Code    22  stm32f4xx_rcc.o(.text)
    RCC_GetClocksFreq                        0x08002973   Thumb Code   222  stm32f4xx_rcc.o(.text)
    RCC_RTCCLKConfig                         0x08002a51   Thumb Code    54  stm32f4xx_rcc.o(.text)
    RCC_RTCCLKCmd                            0x08002a87   Thumb Code     8  stm32f4xx_rcc.o(.text)
    RCC_BackupResetCmd                       0x08002a8f   Thumb Code     8  stm32f4xx_rcc.o(.text)
    RCC_I2SCLKConfig                         0x08002a97   Thumb Code     6  stm32f4xx_rcc.o(.text)
    RCC_AHB1PeriphClockCmd                   0x08002a9d   Thumb Code    34  stm32f4xx_rcc.o(.text)
    RCC_AHB2PeriphClockCmd                   0x08002abf   Thumb Code    34  stm32f4xx_rcc.o(.text)
    RCC_AHB3PeriphClockCmd                   0x08002ae1   Thumb Code    34  stm32f4xx_rcc.o(.text)
    RCC_APB1PeriphClockCmd                   0x08002b03   Thumb Code    34  stm32f4xx_rcc.o(.text)
    RCC_APB2PeriphClockCmd                   0x08002b25   Thumb Code    34  stm32f4xx_rcc.o(.text)
    RCC_AHB1PeriphResetCmd                   0x08002b47   Thumb Code    34  stm32f4xx_rcc.o(.text)
    RCC_AHB2PeriphResetCmd                   0x08002b69   Thumb Code    72  stm32f4xx_rcc.o(.text)
    RCC_AHB3PeriphResetCmd                   0x08002bb1   Thumb Code    34  stm32f4xx_rcc.o(.text)
    RCC_APB1PeriphResetCmd                   0x08002bd3   Thumb Code    34  stm32f4xx_rcc.o(.text)
    RCC_APB2PeriphResetCmd                   0x08002bf5   Thumb Code    34  stm32f4xx_rcc.o(.text)
    RCC_AHB1PeriphClockLPModeCmd             0x08002c17   Thumb Code    34  stm32f4xx_rcc.o(.text)
    RCC_AHB2PeriphClockLPModeCmd             0x08002c39   Thumb Code    34  stm32f4xx_rcc.o(.text)
    RCC_AHB3PeriphClockLPModeCmd             0x08002c5b   Thumb Code    34  stm32f4xx_rcc.o(.text)
    RCC_APB1PeriphClockLPModeCmd             0x08002c7d   Thumb Code    34  stm32f4xx_rcc.o(.text)
    RCC_APB2PeriphClockLPModeCmd             0x08002c9f   Thumb Code    34  stm32f4xx_rcc.o(.text)
    RCC_ITConfig                             0x08002cc1   Thumb Code    34  stm32f4xx_rcc.o(.text)
    RCC_ClearFlag                            0x08002ce3   Thumb Code    18  stm32f4xx_rcc.o(.text)
    RCC_GetITStatus                          0x08002cf5   Thumb Code    22  stm32f4xx_rcc.o(.text)
    RCC_ClearITPendingBit                    0x08002d0b   Thumb Code     8  stm32f4xx_rcc.o(.text)
    SYSCFG_DeInit                            0x08002d19   Thumb Code    22  stm32f4xx_syscfg.o(.text)
    SYSCFG_MemoryRemapConfig                 0x08002d2f   Thumb Code     6  stm32f4xx_syscfg.o(.text)
    SYSCFG_EXTILineConfig                    0x08002d35   Thumb Code    66  stm32f4xx_syscfg.o(.text)
    SYSCFG_ETH_MediaInterfaceConfig          0x08002d77   Thumb Code     6  stm32f4xx_syscfg.o(.text)
    SYSCFG_CompensationCellCmd               0x08002d7d   Thumb Code     6  stm32f4xx_syscfg.o(.text)
    SYSCFG_GetCompensationCellStatus         0x08002d83   Thumb Code    22  stm32f4xx_syscfg.o(.text)
    TIM_DeInit                               0x08002da5   Thumb Code   346  stm32f4xx_tim.o(.text)
    TIM_TimeBaseInit                         0x08002eff   Thumb Code   104  stm32f4xx_tim.o(.text)
    TIM_TimeBaseStructInit                   0x08002f67   Thumb Code    18  stm32f4xx_tim.o(.text)
    TIM_PrescalerConfig                      0x08002f79   Thumb Code     6  stm32f4xx_tim.o(.text)
    TIM_CounterModeConfig                    0x08002f7f   Thumb Code    18  stm32f4xx_tim.o(.text)
    TIM_SetCounter                           0x08002f91   Thumb Code     4  stm32f4xx_tim.o(.text)
    TIM_SetAutoreload                        0x08002f95   Thumb Code     4  stm32f4xx_tim.o(.text)
    TIM_GetCounter                           0x08002f99   Thumb Code     6  stm32f4xx_tim.o(.text)
    TIM_GetPrescaler                         0x08002f9f   Thumb Code     6  stm32f4xx_tim.o(.text)
    TIM_UpdateDisableConfig                  0x08002fa5   Thumb Code    24  stm32f4xx_tim.o(.text)
    TIM_UpdateRequestConfig                  0x08002fbd   Thumb Code    24  stm32f4xx_tim.o(.text)
    TIM_ARRPreloadConfig                     0x08002fd5   Thumb Code    24  stm32f4xx_tim.o(.text)
    TIM_SelectOnePulseMode                   0x08002fed   Thumb Code    18  stm32f4xx_tim.o(.text)
    TIM_SetClockDivision                     0x08002fff   Thumb Code    18  stm32f4xx_tim.o(.text)
    TIM_Cmd                                  0x08003011   Thumb Code    24  stm32f4xx_tim.o(.text)
    TIM_OC1Init                              0x08003029   Thumb Code   114  stm32f4xx_tim.o(.text)
    TIM_OC2Init                              0x0800309b   Thumb Code   154  stm32f4xx_tim.o(.text)
    TIM_OC3Init                              0x08003135   Thumb Code   204  stm32f4xx_tim.o(.text)
    TIM_OC4Init                              0x08003201   Thumb Code   112  stm32f4xx_tim.o(.text)
    TIM_OCStructInit                         0x08003271   Thumb Code    20  stm32f4xx_tim.o(.text)
    TIM_SelectOCxM                           0x08003285   Thumb Code    86  stm32f4xx_tim.o(.text)
    TIM_SetCompare1                          0x080032db   Thumb Code     4  stm32f4xx_tim.o(.text)
    TIM_SetCompare2                          0x080032df   Thumb Code     4  stm32f4xx_tim.o(.text)
    TIM_SetCompare3                          0x080032e3   Thumb Code     4  stm32f4xx_tim.o(.text)
    TIM_SetCompare4                          0x080032e7   Thumb Code     4  stm32f4xx_tim.o(.text)
    TIM_ForcedOC1Config                      0x080032eb   Thumb Code    18  stm32f4xx_tim.o(.text)
    TIM_ForcedOC2Config                      0x080032fd   Thumb Code    26  stm32f4xx_tim.o(.text)
    TIM_ForcedOC3Config                      0x08003317   Thumb Code    18  stm32f4xx_tim.o(.text)
    TIM_ForcedOC4Config                      0x08003329   Thumb Code    26  stm32f4xx_tim.o(.text)
    TIM_OC1PreloadConfig                     0x08003343   Thumb Code    18  stm32f4xx_tim.o(.text)
    TIM_OC2PreloadConfig                     0x08003355   Thumb Code    26  stm32f4xx_tim.o(.text)
    TIM_OC3PreloadConfig                     0x0800336f   Thumb Code    18  stm32f4xx_tim.o(.text)
    TIM_OC4PreloadConfig                     0x08003381   Thumb Code    26  stm32f4xx_tim.o(.text)
    TIM_OC1FastConfig                        0x0800339b   Thumb Code    18  stm32f4xx_tim.o(.text)
    TIM_OC2FastConfig                        0x080033ad   Thumb Code    26  stm32f4xx_tim.o(.text)
    TIM_OC3FastConfig                        0x080033c7   Thumb Code    18  stm32f4xx_tim.o(.text)
    TIM_OC4FastConfig                        0x080033d9   Thumb Code    26  stm32f4xx_tim.o(.text)
    TIM_ClearOC1Ref                          0x080033f3   Thumb Code    18  stm32f4xx_tim.o(.text)
    TIM_ClearOC2Ref                          0x08003405   Thumb Code    24  stm32f4xx_tim.o(.text)
    TIM_ClearOC3Ref                          0x0800341d   Thumb Code    18  stm32f4xx_tim.o(.text)
    TIM_ClearOC4Ref                          0x0800342f   Thumb Code    24  stm32f4xx_tim.o(.text)
    TIM_OC1PolarityConfig                    0x08003447   Thumb Code    18  stm32f4xx_tim.o(.text)
    TIM_OC1NPolarityConfig                   0x08003459   Thumb Code    18  stm32f4xx_tim.o(.text)
    TIM_OC2PolarityConfig                    0x0800346b   Thumb Code    26  stm32f4xx_tim.o(.text)
    TIM_OC2NPolarityConfig                   0x08003485   Thumb Code    26  stm32f4xx_tim.o(.text)
    TIM_OC3PolarityConfig                    0x0800349f   Thumb Code    26  stm32f4xx_tim.o(.text)
    TIM_OC3NPolarityConfig                   0x080034b9   Thumb Code    26  stm32f4xx_tim.o(.text)
    TIM_OC4PolarityConfig                    0x080034d3   Thumb Code    26  stm32f4xx_tim.o(.text)
    TIM_CCxCmd                               0x080034ed   Thumb Code    30  stm32f4xx_tim.o(.text)
    TIM_CCxNCmd                              0x0800350b   Thumb Code    30  stm32f4xx_tim.o(.text)
    TIM_SetIC4Prescaler                      0x08003529   Thumb Code    26  stm32f4xx_tim.o(.text)
    TIM_SetIC3Prescaler                      0x08003593   Thumb Code    18  stm32f4xx_tim.o(.text)
    TIM_SetIC2Prescaler                      0x080035ed   Thumb Code    26  stm32f4xx_tim.o(.text)
    TIM_SetIC1Prescaler                      0x08003661   Thumb Code    18  stm32f4xx_tim.o(.text)
    TIM_ICInit                               0x080036ad   Thumb Code   110  stm32f4xx_tim.o(.text)
    TIM_ICStructInit                         0x0800371b   Thumb Code    18  stm32f4xx_tim.o(.text)
    TIM_PWMIConfig                           0x0800372d   Thumb Code   124  stm32f4xx_tim.o(.text)
    TIM_GetCapture1                          0x080037a9   Thumb Code     6  stm32f4xx_tim.o(.text)
    TIM_GetCapture2                          0x080037af   Thumb Code     6  stm32f4xx_tim.o(.text)
    TIM_GetCapture3                          0x080037b5   Thumb Code     6  stm32f4xx_tim.o(.text)
    TIM_GetCapture4                          0x080037bb   Thumb Code     6  stm32f4xx_tim.o(.text)
    TIM_BDTRConfig                           0x080037c1   Thumb Code    32  stm32f4xx_tim.o(.text)
    TIM_BDTRStructInit                       0x080037e1   Thumb Code    18  stm32f4xx_tim.o(.text)
    TIM_CtrlPWMOutputs                       0x080037f3   Thumb Code    30  stm32f4xx_tim.o(.text)
    TIM_SelectCOM                            0x08003811   Thumb Code    24  stm32f4xx_tim.o(.text)
    TIM_CCPreloadControl                     0x08003829   Thumb Code    24  stm32f4xx_tim.o(.text)
    TIM_ITConfig                             0x08003841   Thumb Code    18  stm32f4xx_tim.o(.text)
    TIM_GenerateEvent                        0x08003853   Thumb Code     4  stm32f4xx_tim.o(.text)
    TIM_GetFlagStatus                        0x08003857   Thumb Code    18  stm32f4xx_tim.o(.text)
    TIM_ClearFlag                            0x08003869   Thumb Code     6  stm32f4xx_tim.o(.text)
    TIM_GetITStatus                          0x0800386f   Thumb Code    34  stm32f4xx_tim.o(.text)
    TIM_ClearITPendingBit                    0x08003891   Thumb Code     6  stm32f4xx_tim.o(.text)
    TIM_DMAConfig                            0x08003897   Thumb Code    10  stm32f4xx_tim.o(.text)
    TIM_DMACmd                               0x080038a1   Thumb Code    18  stm32f4xx_tim.o(.text)
    TIM_SelectCCDMA                          0x080038b3   Thumb Code    24  stm32f4xx_tim.o(.text)
    TIM_InternalClockConfig                  0x080038cb   Thumb Code    12  stm32f4xx_tim.o(.text)
    TIM_SelectInputTrigger                   0x080038d7   Thumb Code    18  stm32f4xx_tim.o(.text)
    TIM_ITRxExternalClockConfig              0x080038e9   Thumb Code    24  stm32f4xx_tim.o(.text)
    TIM_TIxExternalClockConfig               0x08003901   Thumb Code    62  stm32f4xx_tim.o(.text)
    TIM_ETRConfig                            0x0800393f   Thumb Code    28  stm32f4xx_tim.o(.text)
    TIM_ETRClockMode1Config                  0x0800395b   Thumb Code    54  stm32f4xx_tim.o(.text)
    TIM_ETRClockMode2Config                  0x08003991   Thumb Code    32  stm32f4xx_tim.o(.text)
    TIM_SelectOutputTrigger                  0x080039b1   Thumb Code    18  stm32f4xx_tim.o(.text)
    TIM_SelectSlaveMode                      0x080039c3   Thumb Code    18  stm32f4xx_tim.o(.text)
    TIM_SelectMasterSlaveMode                0x080039d5   Thumb Code    18  stm32f4xx_tim.o(.text)
    TIM_EncoderInterfaceConfig               0x080039e7   Thumb Code    66  stm32f4xx_tim.o(.text)
    TIM_SelectHallSensor                     0x08003a29   Thumb Code    24  stm32f4xx_tim.o(.text)
    TIM_RemapConfig                          0x08003a41   Thumb Code     6  stm32f4xx_tim.o(.text)
    USART_DeInit                             0x08003a49   Thumb Code   156  stm32f4xx_usart.o(.text)
    USART_Init                               0x08003ae5   Thumb Code   204  stm32f4xx_usart.o(.text)
    USART_StructInit                         0x08003bb1   Thumb Code    24  stm32f4xx_usart.o(.text)
    USART_ClockInit                          0x08003bc9   Thumb Code    32  stm32f4xx_usart.o(.text)
    USART_ClockStructInit                    0x08003be9   Thumb Code    12  stm32f4xx_usart.o(.text)
    USART_Cmd                                0x08003bf5   Thumb Code    24  stm32f4xx_usart.o(.text)
    USART_SetPrescaler                       0x08003c0d   Thumb Code    16  stm32f4xx_usart.o(.text)
    USART_OverSampling8Cmd                   0x08003c1d   Thumb Code    22  stm32f4xx_usart.o(.text)
    USART_OneBitMethodCmd                    0x08003c33   Thumb Code    24  stm32f4xx_usart.o(.text)
    USART_SendData                           0x08003c4b   Thumb Code     8  stm32f4xx_usart.o(.text)
    USART_ReceiveData                        0x08003c53   Thumb Code    10  stm32f4xx_usart.o(.text)
    USART_SetAddress                         0x08003c5d   Thumb Code    18  stm32f4xx_usart.o(.text)
    USART_ReceiverWakeUpCmd                  0x08003c6f   Thumb Code    24  stm32f4xx_usart.o(.text)
    USART_WakeUpConfig                       0x08003c87   Thumb Code    18  stm32f4xx_usart.o(.text)
    USART_LINBreakDetectLengthConfig         0x08003c99   Thumb Code    18  stm32f4xx_usart.o(.text)
    USART_LINCmd                             0x08003cab   Thumb Code    24  stm32f4xx_usart.o(.text)
    USART_SendBreak                          0x08003cc3   Thumb Code    10  stm32f4xx_usart.o(.text)
    USART_HalfDuplexCmd                      0x08003ccd   Thumb Code    24  stm32f4xx_usart.o(.text)
    USART_SetGuardTime                       0x08003ce5   Thumb Code    16  stm32f4xx_usart.o(.text)
    USART_SmartCardCmd                       0x08003cf5   Thumb Code    24  stm32f4xx_usart.o(.text)
    USART_SmartCardNACKCmd                   0x08003d0d   Thumb Code    24  stm32f4xx_usart.o(.text)
    USART_IrDAConfig                         0x08003d25   Thumb Code    18  stm32f4xx_usart.o(.text)
    USART_IrDACmd                            0x08003d37   Thumb Code    24  stm32f4xx_usart.o(.text)
    USART_DMACmd                             0x08003d4f   Thumb Code    18  stm32f4xx_usart.o(.text)
    USART_ITConfig                           0x08003d61   Thumb Code    74  stm32f4xx_usart.o(.text)
    USART_GetFlagStatus                      0x08003dab   Thumb Code    26  stm32f4xx_usart.o(.text)
    USART_ClearFlag                          0x08003dc5   Thumb Code    18  stm32f4xx_usart.o(.text)
    USART_GetITStatus                        0x08003dd7   Thumb Code   110  stm32f4xx_usart.o(.text)
    USART_ClearITPendingBit                  0x08003e45   Thumb Code    30  stm32f4xx_usart.o(.text)
    SystemInit                               0x08003f41   Thumb Code    88  system_stm32f4xx.o(.text)
    SystemCoreClockUpdate                    0x08003f99   Thumb Code   174  system_stm32f4xx.o(.text)
    invSqrt                                  0x08004075   Thumb Code    56  imu.o(.text)
    Init_Quaternion                          0x080040ad   Thumb Code   664  imu.o(.text)
    IMU_getValues                            0x08004345   Thumb Code   196  imu.o(.text)
    IMU_AHRSupdate                           0x08004409   Thumb Code  2034  imu.o(.text)
    IMU_getQ                                 0x08004bfb   Thumb Code    56  imu.o(.text)
    IMU_getYawPitchRoll                      0x08004c33   Thumb Code   648  imu.o(.text)
    GetPitchYawGxGyGz                        0x08004ebb   Thumb Code   204  imu.o(.text)
    IIC_Delay                                0x08004fb9   Thumb Code    26  mpu6050_i2c.o(.text)
    HEAT_Configuration                       0x08004fd3   Thumb Code    50  mpu6050_i2c.o(.text)
    IIC_GPIO_Init                            0x08005005   Thumb Code    42  mpu6050_i2c.o(.text)
    IIC_SDA_Out                              0x0800502f   Thumb Code    34  mpu6050_i2c.o(.text)
    IIC_SDA_In                               0x08005051   Thumb Code    38  mpu6050_i2c.o(.text)
    IIC_Start                                0x08005077   Thumb Code    60  mpu6050_i2c.o(.text)
    IIC_Stop                                 0x080050b3   Thumb Code    60  mpu6050_i2c.o(.text)
    IIC_Ack                                  0x080050ef   Thumb Code    66  mpu6050_i2c.o(.text)
    IIC_WaitAck                              0x08005131   Thumb Code    88  mpu6050_i2c.o(.text)
    IIC_WriteBit                             0x08005189   Thumb Code    96  mpu6050_i2c.o(.text)
    IIC_ReadBit                              0x080051e9   Thumb Code    86  mpu6050_i2c.o(.text)
    IIC_WriteData                            0x0800523f   Thumb Code    68  mpu6050_i2c.o(.text)
    IIC_ReadData                             0x08005283   Thumb Code   122  mpu6050_i2c.o(.text)
    MPU6050_ReadData                         0x08005301   Thumb Code    36  mpu6050_driver.o(.text)
    HMC5883_Init                             0x08005325   Thumb Code   104  mpu6050_driver.o(.text)
    MPU6050_Init                             0x0800538d   Thumb Code   178  mpu6050_driver.o(.text)
    MPU6050_EnableInt                        0x0800543f   Thumb Code    44  mpu6050_driver.o(.text)
    MPU6050_Initialize                       0x0800546b   Thumb Code    20  mpu6050_driver.o(.text)
    MPU6050_DataSave                         0x0800547f   Thumb Code   494  mpu6050_driver.o(.text)
    HMC58X3_ReadData                         0x0800566d   Thumb Code    18  mpu6050_driver.o(.text)
    MPU6050_getMotion6                       0x0800567f   Thumb Code   354  mpu6050_driver.o(.text)
    MPU6050_getlastMotion6                   0x080057e1   Thumb Code    76  mpu6050_driver.o(.text)
    HMC58X3_newValues                        0x0800582d   Thumb Code   334  mpu6050_driver.o(.text)
    HMC58X3_getRaw                           0x0800597b   Thumb Code    90  mpu6050_driver.o(.text)
    HMC58X3_getlastValues                    0x080059d5   Thumb Code    22  mpu6050_driver.o(.text)
    HMC58X3_mgetValues                       0x080059eb   Thumb Code   214  mpu6050_driver.o(.text)
    MPU6050_IntConfiguration                 0x08005ac1   Thumb Code   124  mpu6050_interrupt.o(.text)
    EXTI4_IRQHandler                         0x08005b3d   Thumb Code    46  mpu6050_interrupt.o(.text)
    Is_AppParam_Calied                       0x08005b75   Thumb Code     6  iotask.o(.text)
    AppParamInit                             0x08005b8f   Thumb Code   276  iotask.o(.text)
    SetGimbalCaliData                        0x08005ca3   Thumb Code    24  iotask.o(.text)
    SetGyroCaliData                          0x08005cbb   Thumb Code    28  iotask.o(.text)
    SetAccCaliData                           0x08005cd7   Thumb Code    24  iotask.o(.text)
    SetMagCaliData                           0x08005cef   Thumb Code    24  iotask.o(.text)
    SetPIDCaliData                           0x08005d07   Thumb Code   280  iotask.o(.text)
    GetGimbalCaliData                        0x08005e1f   Thumb Code    16  iotask.o(.text)
    GetGyroCaliData                          0x08005e2f   Thumb Code    20  iotask.o(.text)
    GetAccCaliData                           0x08005e43   Thumb Code    20  iotask.o(.text)
    GetMagCaliData                           0x08005e57   Thumb Code    20  iotask.o(.text)
    IsGimbalCalied                           0x08005e6b   Thumb Code    16  iotask.o(.text)
    IsGyroCalied                             0x08005e7b   Thumb Code    16  iotask.o(.text)
    IsAccCalied                              0x08005e8b   Thumb Code    18  iotask.o(.text)
    IsMagCalied                              0x08005e9d   Thumb Code    18  iotask.o(.text)
    SetCaliCmdFlag                           0x08005eaf   Thumb Code    12  iotask.o(.text)
    ResetCaliCmdFlag                         0x08005ebb   Thumb Code    12  iotask.o(.text)
    GetCaliCmdFlagGrp                        0x08005ec7   Thumb Code     6  iotask.o(.text)
    IsCaliCmdFlagSet                         0x08005ecd   Thumb Code    18  iotask.o(.text)
    Sensor_Offset_Param_Init                 0x08005edf   Thumb Code    92  iotask.o(.text)
    MagEndCaliProcess                        0x08005f3b   Thumb Code   192  iotask.o(.text)
    MagStartCaliProcess                      0x08005ffb   Thumb Code    26  iotask.o(.text)
    GimbalCaliProcess                        0x08006015   Thumb Code   106  iotask.o(.text)
    GyroCaliProcess                          0x0800607f   Thumb Code   202  iotask.o(.text)
    CalibrateLoop                            0x08006149   Thumb Code   234  iotask.o(.text)
    PIDCaliProcess                           0x08006233   Thumb Code    22  iotask.o(.text)
    UploadParameter                          0x08006249   Thumb Code   314  iotask.o(.text)
    fw_PID_Reset                             0x080063f1   Thumb Code     2  controltask.o(.text)
    fw_PID_Calc                              0x080063f3   Thumb Code   414  controltask.o(.text)
    PID_PROCESS_Speed                        0x08006591   Thumb Code    58  controltask.o(.text)
    ProcessYawPID                            0x080065cb   Thumb Code    52  controltask.o(.text)
    PID_PROCESS_Double                       0x080065ff   Thumb Code    80  controltask.o(.text)
    ProcessPitchPID                          0x0800664f   Thumb Code    70  controltask.o(.text)
    CMControlInit                            0x08006695   Thumb Code    34  controltask.o(.text)
    ControlCMFL                              0x080066b7   Thumb Code   162  controltask.o(.text)
    ControlCMFR                              0x08006759   Thumb Code   248  controltask.o(.text)
    ControlBullet                            0x08006851   Thumb Code   136  controltask.o(.text)
    odometryLoop                             0x080068d9   Thumb Code   266  controltask.o(.text)
    WorkStateFSM                             0x080069e3   Thumb Code   722  controltask.o(.text)
    setCMMotor                               0x08006cb5   Thumb Code    36  controltask.o(.text)
    setGMMotor                               0x08006cd9   Thumb Code    22  controltask.o(.text)
    ControlYawSpeed                          0x08006cef   Thumb Code    32  controltask.o(.text)
    ControlPitch                             0x08006d0f   Thumb Code   236  controltask.o(.text)
    Defend_Action                            0x08006dfb   Thumb Code   460  controltask.o(.text)
    Attack_Action                            0x08006fc7   Thumb Code   964  controltask.o(.text)
    controlLoop                              0x0800738b   Thumb Code   316  controltask.o(.text)
    RemoteShootControl                       0x08007561   Thumb Code   246  remotetask.o(.text)
    RemoteTaskInit                           0x08007657   Thumb Code    56  remotetask.o(.text)
    RemoteControlProcess                     0x0800768f   Thumb Code   170  remotetask.o(.text)
    GetRemoteSwitchAction                    0x08007739   Thumb Code   120  remotetask.o(.text)
    RemoteDataPrcess                         0x080077b1   Thumb Code   250  remotetask.o(.text)
    CanReceiveMsgProcess                     0x08007901   Thumb Code   292  canbustask.o(.text)
    Set_CM_Speed                             0x08007a25   Thumb Code    92  canbustask.o(.text)
    Set_Gimbal_Current                       0x08007a81   Thumb Code    82  canbustask.o(.text)
    LED_TOGGLE                               0x08007b05   Thumb Code   214  supervisetask.o(.text)
    Get_Lost_Error                           0x08007bdb   Thumb Code    10  supervisetask.o(.text)
    GetLostCounter                           0x08007be5   Thumb Code    18  supervisetask.o(.text)
    SuperviseTask                            0x08007bf7   Thumb Code   426  supervisetask.o(.text)
    Set_Error_Flag                           0x08007da1   Thumb Code     2  supervisetask.o(.text)
    Is_Lost_Error_Set                        0x08007da3   Thumb Code    22  supervisetask.o(.text)
    Is_Serious_Error                         0x08007db9   Thumb Code    46  supervisetask.o(.text)
    FrameUnpack                              0x08007e85   Thumb Code   234  protocal_parser.o(.text)
    FramePack                                0x08007f6f   Thumb Code    50  protocal_parser.o(.text)
    SetFrameLength                           0x08007fa1   Thumb Code    10  protocal_parser.o(.text)
    SetFrameCmd                              0x08007fab   Thumb Code    10  protocal_parser.o(.text)
    GetFrameCmd                              0x08007fb5   Thumb Code     6  protocal_parser.o(.text)
    GetFrameDataAddress                      0x08007fbb   Thumb Code     6  protocal_parser.o(.text)
    Version_Send                             0x08007fc1   Thumb Code    94  protocal_parser.o(.text)
    IMU_Info_Send                            0x0800801f   Thumb Code   122  protocal_parser.o(.text)
    Sensor_Info_Send                         0x08008099   Thumb Code   140  protocal_parser.o(.text)
    Mag_Cali_Info_Send                       0x08008125   Thumb Code   122  protocal_parser.o(.text)
    Offset_Info_Send                         0x0800819f   Thumb Code   174  protocal_parser.o(.text)
    Cali_Feedback_Info_Send                  0x0800824d   Thumb Code    88  protocal_parser.o(.text)
    Robot_Error_Code_Send                    0x080082a5   Thumb Code     2  protocal_parser.o(.text)
    PID_Paremeter_Send                       0x080082a7   Thumb Code   270  protocal_parser.o(.text)
    FIFO_Init                                0x080083b5   Thumb Code    78  fifo.o(.text)
    FIFO_Create                              0x08008403   Thumb Code    80  fifo.o(.text)
    FIFO_Destory                             0x08008453   Thumb Code    40  fifo.o(.text)
    FIFO_S_Init                              0x0800847b   Thumb Code    62  fifo.o(.text)
    FIFO_S_Create                            0x080084b9   Thumb Code    60  fifo.o(.text)
    FIFO_S_Destory                           0x080084f5   Thumb Code    40  fifo.o(.text)
    FIFO_Put                                 0x0800851d   Thumb Code   106  fifo.o(.text)
    FIFO_S_Put                               0x08008587   Thumb Code    68  fifo.o(.text)
    FIFO_S_Puts                              0x080085cb   Thumb Code    98  fifo.o(.text)
    FIFO_Get                                 0x0800862d   Thumb Code   106  fifo.o(.text)
    FIFO_S_Get                               0x08008697   Thumb Code    58  fifo.o(.text)
    FIFO_GetHead                             0x080086d1   Thumb Code   162  fifo.o(.text)
    FIFO_S_GetHead                           0x08008773   Thumb Code    76  fifo.o(.text)
    FIFO_PreRead                             0x080087bf   Thumb Code   108  fifo.o(.text)
    FIFO_S_PreRead                           0x0800882b   Thumb Code    48  fifo.o(.text)
    FIFO_IsEmpty                             0x0800885b   Thumb Code    24  fifo.o(.text)
    FIFO_S_IsEmpty                           0x08008873   Thumb Code    24  fifo.o(.text)
    FIFO_IsFull                              0x0800888b   Thumb Code    24  fifo.o(.text)
    FIFO_S_IsFull                            0x080088a3   Thumb Code    24  fifo.o(.text)
    FIFO_CountUsed                           0x080088bb   Thumb Code    16  fifo.o(.text)
    FIFO_S_CountUsed                         0x080088cb   Thumb Code    16  fifo.o(.text)
    FIFO_CountFree                           0x080088db   Thumb Code    16  fifo.o(.text)
    FIFO_S_CountFree                         0x080088eb   Thumb Code    16  fifo.o(.text)
    FIFO_Flush                               0x080088fb   Thumb Code    50  fifo.o(.text)
    FIFO_S_Flush                             0x0800892d   Thumb Code    44  fifo.o(.text)
    RampInit                                 0x08008959   Thumb Code     8  ramp.o(.text)
    RampCalc                                 0x08008961   Thumb Code    66  ramp.o(.text)
    RampSetCounter                           0x080089a3   Thumb Code     4  ramp.o(.text)
    RampResetCounter                         0x080089a7   Thumb Code     6  ramp.o(.text)
    RampSetScale                             0x080089ad   Thumb Code     4  ramp.o(.text)
    RampIsOverflow                           0x080089b1   Thumb Code    18  ramp.o(.text)
    LostCounterFeed                          0x080089c9   Thumb Code     8  lostcounter.o(.text)
    LostCounterCount                         0x080089d1   Thumb Code    10  lostcounter.o(.text)
    LostCounterOverflowCheck                 0x080089db   Thumb Code    14  lostcounter.o(.text)
    PID_Reset                                0x080089e9   Thumb Code    50  pid_regulator.o(.text)
    PID_Calc                                 0x08008a1b   Thumb Code   234  pid_regulator.o(.text)
    Get_CRC8_Check_Sum                       0x08008b09   Thumb Code    30  mf_crc8.o(.text)
    Verify_CRC8_Check_Sum                    0x08008b27   Thumb Code    46  mf_crc8.o(.text)
    Append_CRC8_Check_Sum                    0x08008b55   Thumb Code    36  mf_crc8.o(.text)
    Get_CRC16_Check_Sum                      0x08008b7d   Thumb Code    46  mf_crc16.o(.text)
    Verify_CRC16_Check_Sum                   0x08008bab   Thumb Code    60  mf_crc16.o(.text)
    Append_CRC16_Check_Sum                   0x08008be7   Thumb Code    44  mf_crc16.o(.text)
    __aeabi_memcpy                           0x08008c1d   Thumb Code    36  memcpya.o(.text)
    __aeabi_memcpy4                          0x08008c1d   Thumb Code     0  memcpya.o(.text)
    __aeabi_memcpy8                          0x08008c1d   Thumb Code     0  memcpya.o(.text)
    __aeabi_memset                           0x08008c41   Thumb Code    14  memseta.o(.text)
    __aeabi_memset4                          0x08008c41   Thumb Code     0  memseta.o(.text)
    __aeabi_memset8                          0x08008c41   Thumb Code     0  memseta.o(.text)
    __aeabi_memclr                           0x08008c4f   Thumb Code     4  memseta.o(.text)
    __aeabi_memclr4                          0x08008c4f   Thumb Code     0  memseta.o(.text)
    __aeabi_memclr8                          0x08008c4f   Thumb Code     0  memseta.o(.text)
    _memset$wrapper                          0x08008c53   Thumb Code    18  memseta.o(.text)
    __aeabi_dadd                             0x08008c65   Thumb Code   322  dadd.o(.text)
    __aeabi_dsub                             0x08008da7   Thumb Code     6  dadd.o(.text)
    __aeabi_drsub                            0x08008dad   Thumb Code     6  dadd.o(.text)
    __aeabi_dmul                             0x08008db3   Thumb Code   228  dmul.o(.text)
    __aeabi_ddiv                             0x08008e97   Thumb Code   222  ddiv.o(.text)
    __aeabi_i2d                              0x08008f75   Thumb Code    34  dflti.o(.text)
    __aeabi_f2d                              0x08008f97   Thumb Code    38  f2d.o(.text)
    __aeabi_cdcmpeq                          0x08008fbd   Thumb Code     0  cdcmple.o(.text)
    __aeabi_cdcmple                          0x08008fbd   Thumb Code    48  cdcmple.o(.text)
    __aeabi_cdrcmple                         0x08008fed   Thumb Code    48  cdrcmple.o(.text)
    __aeabi_d2f                              0x0800901d   Thumb Code    56  d2f.o(.text)
    __aeabi_llsl                             0x08009055   Thumb Code    30  llshl.o(.text)
    _ll_shift_l                              0x08009055   Thumb Code     0  llshl.o(.text)
    __aeabi_lasr                             0x08009073   Thumb Code    36  llsshr.o(.text)
    _ll_sshift_r                             0x08009073   Thumb Code     0  llsshr.o(.text)
    __I$use$fp                               0x08009097   Thumb Code     0  iusefp.o(.text)
    _float_round                             0x08009097   Thumb Code    18  fepilogue.o(.text)
    _float_epilogue                          0x080090a9   Thumb Code    92  fepilogue.o(.text)
    _double_round                            0x08009105   Thumb Code    30  depilogue.o(.text)
    _double_epilogue                         0x08009123   Thumb Code   156  depilogue.o(.text)
    _dsqrt                                   0x080091bf   Thumb Code   162  dsqrt.o(.text)
    __scatterload                            0x08009261   Thumb Code    28  init.o(.text)
    __scatterload_rt2                        0x08009261   Thumb Code     0  init.o(.text)
    __aeabi_llsr                             0x08009285   Thumb Code    32  llushr.o(.text)
    _ll_ushift_r                             0x08009285   Thumb Code     0  llushr.o(.text)
    __decompress                             0x080092a5   Thumb Code     0  __dczerorl2.o(.text)
    __decompress1                            0x080092a5   Thumb Code    86  __dczerorl2.o(.text)
    __ARM_fpclassify                         0x080092fb   Thumb Code    48  fpclassify.o(i.__ARM_fpclassify)
    __hardfp_asin                            0x08009331   Thumb Code   770  asin.o(i.__hardfp_asin)
    __hardfp_atan                            0x08009691   Thumb Code   622  atan.o(i.__hardfp_atan)
    __hardfp_atan2                           0x08009969   Thumb Code   432  atan2.o(i.__hardfp_atan2)
    __hardfp_fabs                            0x08009b59   Thumb Code    20  fabs.o(i.__hardfp_fabs)
    __hardfp_sqrt                            0x08009b6d   Thumb Code   122  sqrt.o(i.__hardfp_sqrt)
    __kernel_poly                            0x08009be7   Thumb Code   248  poly.o(i.__kernel_poly)
    __mathlib_dbl_infnan                     0x08009cdf   Thumb Code    20  dunder.o(i.__mathlib_dbl_infnan)
    __mathlib_dbl_infnan2                    0x08009cf3   Thumb Code    20  dunder.o(i.__mathlib_dbl_infnan2)
    __mathlib_dbl_invalid                    0x08009d09   Thumb Code    24  dunder.o(i.__mathlib_dbl_invalid)
    __mathlib_dbl_underflow                  0x08009d29   Thumb Code    24  dunder.o(i.__mathlib_dbl_underflow)
    __scatterload_copy                       0x08009d49   Thumb Code    14  handlers.o(i.__scatterload_copy)
    __scatterload_null                       0x08009d57   Thumb Code     2  handlers.o(i.__scatterload_null)
    __scatterload_zeroinit                   0x08009d59   Thumb Code    14  handlers.o(i.__scatterload_zeroinit)
    __set_errno                              0x08009d69   Thumb Code     6  errno.o(i.__set_errno)
    atan                                     0x08009d75   Thumb Code    16  atan.o(i.atan)
    fabs                                     0x08009d85   Thumb Code    24  fabs.o(i.fabs)
    free                                     0x08009d9d   Thumb Code    76  malloc.o(i.free)
    malloc                                   0x08009ded   Thumb Code    92  malloc.o(i.malloc)
    sqrt                                     0x08009e59   Thumb Code   110  sqrt.o(i.sqrt)
    lost_counter_len                         0x08009ec8   Data          44  supervisetask.o(.constdata)
    CRC8_INIT                                0x08009ef4   Data           1  mf_crc8.o(.constdata)
    CRC8_TAB                                 0x08009ef5   Data         256  mf_crc8.o(.constdata)
    wCRC_Table                               0x08009ff6   Data         512  mf_crc16.o(.constdata)
    __mathlib_zero                           0x0800a2e0   Data           8  qnan.o(.constdata)
    Region$$Table$$Base                      0x0800a2e8   Number         0  anon$$obj.o(Region$$Table)
    Region$$Table$$Limit                     0x0800a308   Number         0  anon$$obj.o(Region$$Table)
    Upload_Speed                             0x20000000   Data           4  main.o(.data)
    power1                                   0x20000004   Data           2  main.o(.data)
    power2                                   0x20000006   Data           2  main.o(.data)
    system_micrsecond                        0x20000008   Data           4  main.o(.data)
    UART_TranFifo                            0x20000010   Data           4  usart3.o(.data)
    auto_attack_temp                         0x20000014   Data           1  usart3.o(.data)
    auto_receiving                           0x20000015   Data           1  usart3.o(.data)
    auto_received                            0x20000016   Data           1  usart3.o(.data)
    auto_buffer                              0x20000017   Data           7  usart3.o(.data)
    auto_buffercnt                           0x2000001e   Data           1  usart3.o(.data)
    SystemCoreClock                          0x20000030   Data           4  system_stm32f4xx.o(.data)
    AHBPrescTable                            0x20000034   Data          16  system_stm32f4xx.o(.data)
    exInt                                    0x20000044   Data           4  imu.o(.data)
    eyInt                                    0x20000048   Data           4  imu.o(.data)
    ezInt                                    0x2000004c   Data           4  imu.o(.data)
    q0                                       0x20000050   Data           4  imu.o(.data)
    q1                                       0x20000054   Data           4  imu.o(.data)
    q2                                       0x20000058   Data           4  imu.o(.data)
    q3                                       0x2000005c   Data           4  imu.o(.data)
    lastUpdate                               0x20000084   Data           4  imu.o(.data)
    now                                      0x20000088   Data           4  imu.o(.data)
    yaw_temp                                 0x2000008c   Data           4  imu.o(.data)
    pitch_temp                               0x20000090   Data           4  imu.o(.data)
    roll_temp                                0x20000094   Data           4  imu.o(.data)
    last_yaw_temp                            0x20000098   Data           4  imu.o(.data)
    last_pitch_temp                          0x2000009c   Data           4  imu.o(.data)
    last_roll_temp                           0x200000a0   Data           4  imu.o(.data)
    yaw_angle                                0x200000a4   Data           4  imu.o(.data)
    pitch_angle                              0x200000a8   Data           4  imu.o(.data)
    roll_angle                               0x200000ac   Data           4  imu.o(.data)
    HMC5883_lastx                            0x200000b4   Data           4  mpu6050_driver.o(.data)
    HMC5883_lasty                            0x200000b8   Data           4  mpu6050_driver.o(.data)
    HMC5883_lastz                            0x200000bc   Data           4  mpu6050_driver.o(.data)
    MPU6050_Lastax                           0x200000c0   Data           2  mpu6050_driver.o(.data)
    MPU6050_Lastay                           0x200000c2   Data           2  mpu6050_driver.o(.data)
    MPU6050_Lastaz                           0x200000c4   Data           2  mpu6050_driver.o(.data)
    MPU6050_Lastgx                           0x200000c6   Data           2  mpu6050_driver.o(.data)
    MPU6050_Lastgy                           0x200000c8   Data           2  mpu6050_driver.o(.data)
    MPU6050_Lastgz                           0x200000ca   Data           2  mpu6050_driver.o(.data)
    isMPU6050_is_DRY                         0x200000cc   Data           1  mpu6050_interrupt.o(.data)
    PIDCaliData                              0x200000dc   Data           8  iotask.o(.data)
    GimbalSavedCaliData                      0x200000e4   Data           5  iotask.o(.data)
    GyroSavedCaliData                        0x200000e9   Data           7  iotask.o(.data)
    PitchPositionSavedPID                    0x200000f0   Data           8  iotask.o(.data)
    PitchSpeedSavedPID                       0x200000f8   Data           8  iotask.o(.data)
    YawPositionSavedPID                      0x20000100   Data           8  iotask.o(.data)
    YawSpeedSavedPID                         0x20000108   Data           8  iotask.o(.data)
    app_param_calied_flag                    0x20000110   Data           1  iotask.o(.data)
    find_enemy                               0x2000014c   Data           1  controltask.o(.data)
    on_enemy                                 0x2000014d   Data           1  controltask.o(.data)
    target_hero                              0x2000014e   Data           1  controltask.o(.data)
    enemy_yaw                                0x20000150   Data           2  controltask.o(.data)
    enemy_pitch                              0x20000152   Data           2  controltask.o(.data)
    manifold_fine_cnt                        0x20000154   Data           2  controltask.o(.data)
    WorkState                                0x20000156   Data           1  controltask.o(.data)
    prepare_time                             0x20000158   Data           2  controltask.o(.data)
    bulletshooted                            0x2000015a   Data           1  controltask.o(.data)
    bulletshootedcnt                         0x2000015c   Data           2  controltask.o(.data)
    nobullet                                 0x2000015e   Data           1  controltask.o(.data)
    bulletSpeedBuf_last                      0x2000015f   Data           4  controltask.o(.data)
    CMRotatePID                              0x20000164   Data          80  controltask.o(.data)
    CM1SpeedPID                              0x200001b4   Data          80  controltask.o(.data)
    CM2SpeedPID                              0x20000204   Data          80  controltask.o(.data)
    BulletSpeedPID                           0x20000254   Data          80  controltask.o(.data)
    Bullet2SpeedPID                          0x200002a4   Data          80  controltask.o(.data)
    CMFLIntensity                            0x200002f4   Data           2  controltask.o(.data)
    CMFRIntensity                            0x200002f6   Data           2  controltask.o(.data)
    BulletIntensity                          0x200002f8   Data           2  controltask.o(.data)
    Bullet2Intensity                         0x200002fa   Data           2  controltask.o(.data)
    yawIntensity                             0x200002fc   Data           2  controltask.o(.data)
    pitchIntensity                           0x200002fe   Data           2  controltask.o(.data)
    testred1                                 0x20000300   Data           1  controltask.o(.data)
    testred2                                 0x20000301   Data           1  controltask.o(.data)
    testred3                                 0x20000302   Data           1  controltask.o(.data)
    testred4                                 0x20000303   Data           1  controltask.o(.data)
    calicnt                                  0x20000304   Data           1  controltask.o(.data)
    downcnt                                  0x20000308   Data           4  controltask.o(.data)
    upcnt                                    0x2000030c   Data           4  controltask.o(.data)
    odometry                                 0x20000310   Data           4  controltask.o(.data)
    odometryatt                              0x20000314   Data           4  controltask.o(.data)
    enemy_lost                               0x20000318   Data           4  controltask.o(.data)
    enemy_far                                0x2000031c   Data           1  controltask.o(.data)
    pitchPositionPID                         0x20000320   Data          76  controltask.o(.data)
    yawPositionPID                           0x2000036c   Data          76  controltask.o(.data)
    pitchSpeedPID                            0x200003b8   Data          76  controltask.o(.data)
    yawSpeedPID                              0x20000404   Data          76  controltask.o(.data)
    yawRealAngle                             0x20000450   Data           4  controltask.o(.data)
    pitchRealAngle                           0x20000454   Data           4  controltask.o(.data)
    gap_angle                                0x20000458   Data           4  controltask.o(.data)
    enemy_yaw_err                            0x2000045c   Data           4  controltask.o(.data)
    enemy_yaw_out                            0x20000460   Data           4  controltask.o(.data)
    enemy_pitch_err                          0x20000464   Data           4  controltask.o(.data)
    enemy_pitch_out                          0x20000468   Data           4  controltask.o(.data)
    pitch_dir                                0x2000046c   Data           1  controltask.o(.data)
    up_dir                                   0x2000046d   Data           1  controltask.o(.data)
    catchedcnt                               0x2000046e   Data           1  controltask.o(.data)
    up_diratt                                0x2000046f   Data           1  controltask.o(.data)
    pitchAngleTargetMax                      0x20000470   Data           4  controltask.o(.data)
    FrictionWheelState                       0x20000480   Data           1  remotetask.o(.data)
    ShootState                               0x20000481   Data           1  remotetask.o(.data)
    frictionRamp                             0x20000484   Data          36  remotetask.o(.data)
    LRSpeedRamp                              0x200004a8   Data          36  remotetask.o(.data)
    FBSpeedRamp                              0x200004cc   Data          36  remotetask.o(.data)
    remoteShootDelay                         0x200004f0   Data           2  remotetask.o(.data)
    inputmode                                0x200004fc   Data           1  remotetask.o(.data)
    bullet_ref                               0x20000500   Data           4  remotetask.o(.data)
    bullet2_ref                              0x20000504   Data           4  remotetask.o(.data)
    yawSpeedTarget                           0x20000508   Data           4  remotetask.o(.data)
    yawAngleTarget                           0x2000050c   Data           4  remotetask.o(.data)
    pitchAngleTarget                         0x20000510   Data           4  remotetask.o(.data)
    isRcanStarted_CMGM                       0x20000518   Data           1  canbustask.o(.data)
    CMFLRx                                   0x2000051a   Data           4  canbustask.o(.data)
    CMFRRx                                   0x2000051e   Data           4  canbustask.o(.data)
    BulletRx                                 0x20000522   Data           4  canbustask.o(.data)
    Bullet2Rx                                0x20000526   Data           4  canbustask.o(.data)
    GMPITCHRx                                0x2000052a   Data           6  canbustask.o(.data)
    GMYAWRx                                  0x20000530   Data           6  canbustask.o(.data)
    redBuf                                   0x2000053c   Data           1  canbustask.o(.data)
    bulletFreq                               0x2000053d   Data           1  canbustask.o(.data)
    shooterHeat0                             0x2000053e   Data           2  canbustask.o(.data)
    bulletSpeed                              0x20000540   Data           4  canbustask.o(.data)
    bulletSpeedBuf                           0x20000544   Data           4  canbustask.o(.data)
    lost_counter                             0x20000548   Data          44  supervisetask.o(.data)
    lost_err                                 0x20000574   Data           4  supervisetask.o(.data)
    CRC_INIT                                 0x2000058a   Data           2  mf_crc16.o(.data)
    __microlib_freelist                      0x2000058c   Data           4  mvars.o(.data)
    __microlib_freelist_initialised          0x20000590   Data           4  mvars.o(.data)
    mygetqval                                0x200006d8   Data          36  imu.o(.bss)
    angle                                    0x2000070c   Data          12  imu.o(.bss)
    MPU6050_Raw_Data                         0x20000718   Data          20  mpu6050_driver.o(.bss)
    MPU6050_Real_Data                        0x2000072c   Data          40  mpu6050_driver.o(.bss)
    ahrs                                     0x20000754   Data          12  mpu6050_driver.o(.bss)
    mpu_buf                                  0x20000760   Data          20  mpu6050_driver.o(.bss)
    MPU6050_FIFO                             0x20000774   Data         132  mpu6050_driver.o(.bss)
    HMC5883_FIFO                             0x200007f8   Data          66  mpu6050_driver.o(.bss)
    MagMaxMinData                            0x2000083a   Data          12  mpu6050_driver.o(.bss)
    gAppParamStruct                          0x20000846   Data          87  iotask.o(.bss)
    AccSavedCaliData                         0x200008b0   Data          19  iotask.o(.bss)
    MagSavedCaliData                         0x200008c3   Data          19  iotask.o(.bss)
    rc_data                                  0x200008d6   Data          18  remotetask.o(.bss)
    RC_CtrlData                              0x200008e8   Data          22  remotetask.o(.bss)
    ChassisSpeedRef                          0x200008fe   Data          12  remotetask.o(.bss)
    g_switch1                                0x2000090a   Data          23  remotetask.o(.bss)
    __heap_base                              0x20000a30   Data           0  startup_stm32f4xx.o(HEAP)
    __heap_limit                             0x20000c30   Data           0  startup_stm32f4xx.o(HEAP)
    __initial_sp                             0x20001630   Data           0  startup_stm32f4xx.o(STACK)



==============================================================================

Memory Map of the image

  Image Entry point : 0x08000189

  Load Region LR_IROM1 (Base: 0x08000000, Size: 0x0000a8a0, Max: 0x00100000, ABSOLUTE, COMPRESSED[0x0000a3cc])

    Execution Region ER_IROM1 (Base: 0x08000000, Size: 0x0000a308, Max: 0x00100000, ABSOLUTE)

    Base Addr    Size         Type   Attr      Idx    E Section Name        Object

    0x08000000   0x00000188   Data   RO          498    RESET               startup_stm32f4xx.o
    0x08000188   0x00000000   Code   RO         1620  * .ARM.Collect$$$$00000000  mc_w.l(entry.o)
    0x08000188   0x00000004   Code   RO         1708    .ARM.Collect$$$$00000001  mc_w.l(entry2.o)
    0x0800018c   0x00000004   Code   RO         1711    .ARM.Collect$$$$00000004  mc_w.l(entry5.o)
    0x08000190   0x00000000   Code   RO         1713    .ARM.Collect$$$$00000008  mc_w.l(entry7b.o)
    0x08000190   0x00000000   Code   RO         1715    .ARM.Collect$$$$0000000A  mc_w.l(entry8b.o)
    0x08000190   0x00000008   Code   RO         1716    .ARM.Collect$$$$0000000B  mc_w.l(entry9a.o)
    0x08000198   0x00000000   Code   RO         1718    .ARM.Collect$$$$0000000D  mc_w.l(entry10a.o)
    0x08000198   0x00000000   Code   RO         1720    .ARM.Collect$$$$0000000F  mc_w.l(entry11a.o)
    0x08000198   0x00000004   Code   RO         1709    .ARM.Collect$$$$00002712  mc_w.l(entry2.o)
    0x0800019c   0x00000030   Code   RO            3    .text               main.o
    0x080001cc   0x00000050   Code   RO          201    .text               bsp.o
    0x0800021c   0x00000040   Code   RO          228    .text               led.o
    0x0800025c   0x00000128   Code   RO          248    .text               gun.o
    0x08000384   0x000001b0   Code   RO          271    .text               can1.o
    0x08000534   0x00000150   Code   RO          291    .text               can2.o
    0x08000684   0x0000006c   Code   RO          314    .text               delay.o
    0x080006f0   0x00000104   Code   RO          334    .text               exti.o
    0x080007f4   0x0000003c   Code   RO          354    .text               laser.o
    0x08000830   0x000001a0   Code   RO          374    .text               timer.o
    0x080009d0   0x0000021c   Code   RO          397    .text               usart1.o
    0x08000bec   0x000002ac   Code   RO          426    .text               usart3.o
    0x08000e98   0x0000009c   Code   RO          453    .text               encoder.o
    0x08000f34   0x00000174   Code   RO          475    .text               bsp_flash.o
    0x080010a8   0x00000024   Code   RO          499    .text               startup_stm32f4xx.o
    0x080010cc   0x00000018   Code   RO          505    .text               stm32f4xx_it.o
    0x080010e4   0x000000e0   Code   RO          528    .text               misc.o
    0x080011c4   0x000009f0   Code   RO          597    .text               stm32f4xx_can.o
    0x08001bb4   0x000003a8   Code   RO          666    .text               stm32f4xx_dma.o
    0x08001f5c   0x0000011c   Code   RO          689    .text               stm32f4xx_exti.o
    0x08002078   0x000004bc   Code   RO          712    .text               stm32f4xx_flash.o
    0x08002534   0x0000025c   Code   RO          735    .text               stm32f4xx_gpio.o
    0x08002790   0x00000588   Code   RO          781    .text               stm32f4xx_rcc.o
    0x08002d18   0x0000008c   Code   RO          829    .text               stm32f4xx_syscfg.o
    0x08002da4   0x00000ca2   Code   RO          852    .text               stm32f4xx_tim.o
    0x08003a46   0x00000002   PAD
    0x08003a48   0x0000041a   Code   RO          875    .text               stm32f4xx_usart.o
    0x08003e62   0x00000002   PAD
    0x08003e64   0x00000210   Code   RO          898    .text               system_stm32f4xx.o
    0x08004074   0x00000f44   Code   RO          947    .text               imu.o
    0x08004fb8   0x00000348   Code   RO          975    .text               mpu6050_i2c.o
    0x08005300   0x000007c0   Code   RO          995    .text               mpu6050_driver.o
    0x08005ac0   0x000000b4   Code   RO         1027    .text               mpu6050_interrupt.o
    0x08005b74   0x0000087c   Code   RO         1053    .text               iotask.o
    0x080063f0   0x00001170   Code   RO         1081    .text               controltask.o
    0x08007560   0x000003a0   Code   RO         1109    .text               remotetask.o
    0x08007900   0x00000204   Code   RO         1137    .text               canbustask.o
    0x08007b04   0x00000300   Code   RO         1163    .text               supervisetask.o
    0x08007e04   0x000005b0   Code   RO         1191    .text               Protocol.lib(protocal_parser.o)
    0x080083b4   0x000005a4   Code   RO         1282    .text               RMLib.lib(fifo.o)
    0x08008958   0x00000070   Code   RO         1362    .text               RMLib.lib(ramp.o)
    0x080089c8   0x00000020   Code   RO         1495    .text               RMLib.lib(lostcounter.o)
    0x080089e8   0x00000120   Code   RO         1518    .text               RMLib.lib(pid_regulator.o)
    0x08008b08   0x00000074   Code   RO         1542    .text               Protocol.lib(mf_crc8.o)
    0x08008b7c   0x000000a0   Code   RO         1557    .text               Protocol.lib(mf_crc16.o)
    0x08008c1c   0x00000024   Code   RO         1623    .text               mc_w.l(memcpya.o)
    0x08008c40   0x00000024   Code   RO         1625    .text               mc_w.l(memseta.o)
    0x08008c64   0x0000014e   Code   RO         1657    .text               mf_w.l(dadd.o)
    0x08008db2   0x000000e4   Code   RO         1659    .text               mf_w.l(dmul.o)
    0x08008e96   0x000000de   Code   RO         1661    .text               mf_w.l(ddiv.o)
    0x08008f74   0x00000022   Code   RO         1665    .text               mf_w.l(dflti.o)
    0x08008f96   0x00000026   Code   RO         1667    .text               mf_w.l(f2d.o)
    0x08008fbc   0x00000030   Code   RO         1669    .text               mf_w.l(cdcmple.o)
    0x08008fec   0x00000030   Code   RO         1671    .text               mf_w.l(cdrcmple.o)
    0x0800901c   0x00000038   Code   RO         1673    .text               mf_w.l(d2f.o)
    0x08009054   0x0000001e   Code   RO         1722    .text               mc_w.l(llshl.o)
    0x08009072   0x00000024   Code   RO         1724    .text               mc_w.l(llsshr.o)
    0x08009096   0x00000000   Code   RO         1735    .text               mc_w.l(iusefp.o)
    0x08009096   0x0000006e   Code   RO         1736    .text               mf_w.l(fepilogue.o)
    0x08009104   0x000000ba   Code   RO         1738    .text               mf_w.l(depilogue.o)
    0x080091be   0x000000a2   Code   RO         1740    .text               mf_w.l(dsqrt.o)
    0x08009260   0x00000024   Code   RO         1742    .text               mc_w.l(init.o)
    0x08009284   0x00000020   Code   RO         1744    .text               mc_w.l(llushr.o)
    0x080092a4   0x00000056   Code   RO         1754    .text               mc_w.l(__dczerorl2.o)
    0x080092fa   0x00000030   Code   RO         1703    i.__ARM_fpclassify  m_wm.l(fpclassify.o)
    0x0800932a   0x00000006   PAD
    0x08009330   0x00000360   Code   RO         1576    i.__hardfp_asin     m_wm.l(asin.o)
    0x08009690   0x000002d8   Code   RO         1675    i.__hardfp_atan     m_wm.l(atan.o)
    0x08009968   0x000001f0   Code   RO         1590    i.__hardfp_atan2    m_wm.l(atan2.o)
    0x08009b58   0x00000014   Code   RO         1602    i.__hardfp_fabs     m_wm.l(fabs.o)
    0x08009b6c   0x0000007a   Code   RO         1608    i.__hardfp_sqrt     m_wm.l(sqrt.o)
    0x08009be6   0x000000f8   Code   RO         1705    i.__kernel_poly     m_wm.l(poly.o)
    0x08009cde   0x00000014   Code   RO         1690    i.__mathlib_dbl_infnan  m_wm.l(dunder.o)
    0x08009cf2   0x00000014   Code   RO         1691    i.__mathlib_dbl_infnan2  m_wm.l(dunder.o)
    0x08009d06   0x00000002   PAD
    0x08009d08   0x00000020   Code   RO         1692    i.__mathlib_dbl_invalid  m_wm.l(dunder.o)
    0x08009d28   0x00000020   Code   RO         1695    i.__mathlib_dbl_underflow  m_wm.l(dunder.o)
    0x08009d48   0x0000000e   Code   RO         1748    i.__scatterload_copy  mc_w.l(handlers.o)
    0x08009d56   0x00000002   Code   RO         1749    i.__scatterload_null  mc_w.l(handlers.o)
    0x08009d58   0x0000000e   Code   RO         1750    i.__scatterload_zeroinit  mc_w.l(handlers.o)
    0x08009d66   0x00000002   PAD
    0x08009d68   0x0000000c   Code   RO         1730    i.__set_errno       mc_w.l(errno.o)
    0x08009d74   0x00000010   Code   RO         1677    i.atan              m_wm.l(atan.o)
    0x08009d84   0x00000018   Code   RO         1604    i.fabs              m_wm.l(fabs.o)
    0x08009d9c   0x00000050   Code   RO         1629    i.free              mc_w.l(malloc.o)
    0x08009dec   0x0000006c   Code   RO         1630    i.malloc            mc_w.l(malloc.o)
    0x08009e58   0x0000006e   Code   RO         1610    i.sqrt              m_wm.l(sqrt.o)
    0x08009ec6   0x00000002   PAD
    0x08009ec8   0x0000002c   Data   RO         1165    .constdata          supervisetask.o
    0x08009ef4   0x00000101   Data   RO         1543    .constdata          Protocol.lib(mf_crc8.o)
    0x08009ff5   0x00000001   PAD
    0x08009ff6   0x00000200   Data   RO         1558    .constdata          Protocol.lib(mf_crc16.o)
    0x0800a1f6   0x00000002   PAD
    0x0800a1f8   0x00000050   Data   RO         1579    .constdata          m_wm.l(asin.o)
    0x0800a248   0x00000098   Data   RO         1678    .constdata          m_wm.l(atan.o)
    0x0800a2e0   0x00000008   Data   RO         1707    .constdata          m_wm.l(qnan.o)
    0x0800a2e8   0x00000020   Data   RO         1746    Region$$Table       anon$$obj.o


    Execution Region RW_IRAM1 (Base: 0x20000000, Size: 0x00001630, Max: 0x00020000, ABSOLUTE, COMPRESSED[0x000000c4])

    Base Addr    Size         Type   Attr      Idx    E Section Name        Object

    0x20000000   0x0000000c   Data   RW            4    .data               main.o
    0x2000000c   0x00000004   Data   RW          399    .data               usart1.o
    0x20000010   0x0000000f   Data   RW          428    .data               usart3.o
    0x2000001f   0x00000001   Data   RW          454    .data               encoder.o
    0x20000020   0x00000010   Data   RW          782    .data               stm32f4xx_rcc.o
    0x20000030   0x00000014   Data   RW          899    .data               system_stm32f4xx.o
    0x20000044   0x00000070   Data   RW          949    .data               imu.o
    0x200000b4   0x00000018   Data   RW          997    .data               mpu6050_driver.o
    0x200000cc   0x00000001   Data   RW         1028    .data               mpu6050_interrupt.o
    0x200000cd   0x00000003   PAD
    0x200000d0   0x0000007a   Data   RW         1055    .data               iotask.o
    0x2000014a   0x00000002   PAD
    0x2000014c   0x00000334   Data   RW         1082    .data               controltask.o
    0x20000480   0x00000098   Data   RW         1111    .data               remotetask.o
    0x20000518   0x00000030   Data   RW         1138    .data               canbustask.o
    0x20000548   0x0000003c   Data   RW         1166    .data               supervisetask.o
    0x20000584   0x00000005   Data   RW         1193    .data               Protocol.lib(protocal_parser.o)
    0x20000589   0x00000001   PAD
    0x2000058a   0x00000002   Data   RW         1559    .data               Protocol.lib(mf_crc16.o)
    0x2000058c   0x00000004   Data   RW         1726    .data               mc_w.l(mvars.o)
    0x20000590   0x00000004   Data   RW         1727    .data               mc_w.l(mvars.o)
    0x20000594   0x00000004   Data   RW         1731    .data               mc_w.l(errno.o)
    0x20000598   0x0000013e   Zero   RW          398    .bss                usart1.o
    0x200006d6   0x00000002   PAD
    0x200006d8   0x00000040   Zero   RW          948    .bss                imu.o
    0x20000718   0x0000012e   Zero   RW          996    .bss                mpu6050_driver.o
    0x20000846   0x00000090   Zero   RW         1054    .bss                iotask.o
    0x200008d6   0x0000004b   Zero   RW         1110    .bss                remotetask.o
    0x20000921   0x0000010a   Zero   RW         1192    .bss                Protocol.lib(protocal_parser.o)
    0x20000a2b   0x00000005   PAD
    0x20000a30   0x00000200   Zero   RW          497    HEAP                startup_stm32f4xx.o
    0x20000c30   0x00000a00   Zero   RW          496    STACK               startup_stm32f4xx.o


==============================================================================

Image component sizes


      Code (inc. data)   RO Data    RW Data    ZI Data      Debug   Object Name

        80          6          0          0          0        463   bsp.o
       372         48          0          0          0       2122   bsp_flash.o
       432         12          0          0          0       1241   can1.o
       336          8          0          0          0       1020   can2.o
       516         50          0         48          0       3217   canbustask.o
      4464        538          0        820          0      10885   controltask.o
       108          0          0          0          0       1166   delay.o
       156         14          0          1          0       1158   encoder.o
       260          8          0          0          0        891   exti.o
       296         14          0          0          0        664   gun.o
      3908        332          0        112         64       4421   imu.o
      2172        170          0        122        144       9687   iotask.o
        60          6          0          0          0        482   laser.o
        64          6          0          0          0        468   led.o
        48         10          0         12          0     293221   main.o
       224         20          0          0          0     210681   misc.o
      1984         66          0         24        302       9466   mpu6050_driver.o
       840          4          0          0          0       3695   mpu6050_i2c.o
       180         10          0          1          0        975   mpu6050_interrupt.o
       928         86          0        152         75       5346   remotetask.o
        36          8        392          0       3072        792   startup_stm32f4xx.o
      2544         38          0          0          0      16068   stm32f4xx_can.o
       936         32          0          0          0      18713   stm32f4xx_dma.o
       284         10          0          0          0       4503   stm32f4xx_exti.o
      1212         26          0          0          0      12057   stm32f4xx_flash.o
       604         36          0          0          0      10229   stm32f4xx_gpio.o
        24          0          0          0          0       1102   stm32f4xx_it.o
      1416         48          0         16          0      23623   stm32f4xx_rcc.o
       140         12          0          0          0       1643   stm32f4xx_syscfg.o
      3234         60          0          0          0      41880   stm32f4xx_tim.o
      1050         26          0          0          0      13548   stm32f4xx_usart.o
       768         30         44         60          0       5007   supervisetask.o
       528         46          0         20          0       1731   system_stm32f4xx.o
       416         14          0          0          0       1665   timer.o
       540         28          0          4        318       2561   usart1.o
       684         50          0         15          0       3047   usart3.o

    ----------------------------------------------------------------------
     31848       1872        468       1412       3977     719438   Object Totals
         0          0         32          0          0          0   (incl. Generated)
         4          0          0          5          2          0   (incl. Padding)

    ----------------------------------------------------------------------

      Code (inc. data)   RO Data    RW Data    ZI Data      Debug   Library Member Name

       160         10        512          2          0       2386   mf_crc16.o
       116          4        257          0          0       1882   mf_crc8.o
      1456         28          0          5        266      13116   protocal_parser.o
      1444          0          0          0          0       8256   fifo.o
        32          0          0          0          0       1640   lostcounter.o
       288          4          0          0          0       1785   pid_regulator.o
       112          6          0          0          0       2612   ramp.o
       864         94         80          0          0        280   asin.o
       744        106        152          0          0        352   atan.o
       496         64          0          0          0        192   atan2.o
       104         16          0          0          0        496   dunder.o
        44          0          0          0          0        248   fabs.o
        48          0          0          0          0        124   fpclassify.o
       248          0          0          0          0        152   poly.o
         0          0          8          0          0          0   qnan.o
       232          0          0          0          0        296   sqrt.o
        86          0          0          0          0          0   __dczerorl2.o
         0          0          0          0          0          0   entry.o
         0          0          0          0          0          0   entry10a.o
         0          0          0          0          0          0   entry11a.o
         8          4          0          0          0          0   entry2.o
         4          0          0          0          0          0   entry5.o
         0          0          0          0          0          0   entry7b.o
         0          0          0          0          0          0   entry8b.o
         8          4          0          0          0          0   entry9a.o
        12          6          0          4          0         68   errno.o
        30          0          0          0          0          0   handlers.o
        36          8          0          0          0         68   init.o
         0          0          0          0          0          0   iusefp.o
        30          0          0          0          0         68   llshl.o
        36          0          0          0          0         68   llsshr.o
        32          0          0          0          0         68   llushr.o
       188         20          0          0          0        160   malloc.o
        36          0          0          0          0         68   memcpya.o
        36          0          0          0          0        108   memseta.o
         0          0          0          8          0          0   mvars.o
        48          0          0          0          0         68   cdcmple.o
        48          0          0          0          0         68   cdrcmple.o
        56          0          0          0          0         88   d2f.o
       334          0          0          0          0        148   dadd.o
       222          0          0          0          0        100   ddiv.o
       186          0          0          0          0        176   depilogue.o
        34          0          0          0          0         76   dflti.o
       228          0          0          0          0         96   dmul.o
       162          0          0          0          0        100   dsqrt.o
        38          0          0          0          0         68   f2d.o
       110          0          0          0          0        168   fepilogue.o

    ----------------------------------------------------------------------
      8408        374       1012         20        271      35649   Library Totals
        12          0          3          1          5          0   (incl. Padding)

    ----------------------------------------------------------------------

      Code (inc. data)   RO Data    RW Data    ZI Data      Debug   Library Name

      1732         42        769          7        266      17384   Protocol.lib
      1876         10          0          0          0      14293   RMLib.lib
      2780        280        240          0          0       2140   m_wm.l
       542         42          0         12          0        676   mc_w.l
      1466          0          0          0          0       1156   mf_w.l

    ----------------------------------------------------------------------
      8408        374       1012         20        271      35649   Library Totals

    ----------------------------------------------------------------------

==============================================================================


      Code (inc. data)   RO Data    RW Data    ZI Data      Debug   

     40256       2246       1480       1432       4248     744387   Grand Totals
     40256       2246       1480        196       4248     744387   ELF Image Totals (compressed)
     40256       2246       1480        196          0          0   ROM Totals

==============================================================================

    Total RO  Size (Code + RO Data)                41736 (  40.76kB)
    Total RW  Size (RW Data + ZI Data)              5680 (   5.55kB)
    Total ROM Size (Code + RO Data + RW Data)      41932 (  40.95kB)

==============================================================================

